<html>
<body>
<pre>
<h1>µVision Build Log</h1>
<h2>Project:</h2>
\\Vboxsvr\irim\ccr3\slave\USER\ccr3_slave.uvprojx
Project File Date:  04/28/2019

<h2>Output:</h2>
Rebuild target 'ccr3'
compiling stm32f4xx_it.c...
compiling system_stm32f4xx.c...
compiling main.cpp...
..\SYSTEM\sys\sys.h(80): warning:  #1-D: last line of file ends without a newline
  #endif
..\HARDWARE\CAN\can.h(82): warning:  #1-D: last line of file ends without a newline
  #endif
..\FreeRTOS\include\task.h(113): warning:  #368-D: class "xTASK_PARAMETERS" defines no constructor to initialize the following:
            const member "xTASK_PARAMETERS::pcName"
  typedef struct xTASK_PARAMETERS
                 ^
main.cpp(126): warning:  #1-D: last line of file ends without a newline
  }
main.cpp: 4 warnings, 0 errors
assembling startup_stm32f40_41xxx.s...
compiling misc.c...
compiling stm32f4xx_gpio.c...
compiling stm32f4xx_rcc.c...
compiling stm32f4xx_syscfg.c...
compiling stm32f4xx_usart.c...
compiling stm32f4xx_tim.c...
compiling stm32f4xx_can.c...
compiling stm32f4xx_exti.c...
compiling stm32f4xx_adc.c...
compiling stm32f4xx_flash.c...
compiling delay.c...
..\SYSTEM\sys\sys.h(80): warning:  #1-D: last line of file ends without a newline
  #endif
..\SYSTEM\delay\delay.c: 1 warning, 0 errors
compiling sys.c...
..\SYSTEM\sys\sys.h(80): warning:  #1-D: last line of file ends without a newline
  #endif
..\SYSTEM\sys\sys.c: 1 warning, 0 errors
compiling led.c...
..\SYSTEM\sys\sys.h(80): warning:  #1-D: last line of file ends without a newline
  #endif
..\HARDWARE\LED\led.c: 1 warning, 0 errors
compiling croutine.c...
compiling event_groups.c...
compiling list.c...
compiling queue.c...
compiling tasks.c...
compiling timers.c...
compiling port.c...
compiling heap_4.c...
compiling portevent.c...
..\SYSTEM\sys\sys.h(80): warning:  #1-D: last line of file ends without a newline
  #endif
..\FreeModbus\port\portevent.c: 1 warning, 0 errors
compiling portserial.c...
..\SYSTEM\sys\sys.h(80): warning:  #1-D: last line of file ends without a newline
  #endif
..\FreeModbus\port\portserial.c: 1 warning, 0 errors
compiling porttimer.c...
..\SYSTEM\sys\sys.h(80): warning:  #1-D: last line of file ends without a newline
  #endif
..\FreeModbus\port\porttimer.c: 1 warning, 0 errors
compiling mb.c...
..\SYSTEM\sys\sys.h(80): warning:  #1-D: last line of file ends without a newline
  #endif
..\FreeModbus\modbus\mb.c: 1 warning, 0 errors
compiling mbcrc.c...
..\SYSTEM\sys\sys.h(80): warning:  #1-D: last line of file ends without a newline
  #endif
..\FreeModbus\modbus\rtu\mbcrc.c: 1 warning, 0 errors
compiling mbrtu.c...
..\SYSTEM\sys\sys.h(80): warning:  #1-D: last line of file ends without a newline
  #endif
..\FreeModbus\modbus\rtu\mbrtu.c(392): warning:  #1-D: last line of file ends without a newline
  }
..\FreeModbus\modbus\rtu\mbrtu.c: 2 warnings, 0 errors
compiling mbascii.c...
..\SYSTEM\sys\sys.h(80): warning:  #1-D: last line of file ends without a newline
  #endif
..\FreeModbus\modbus\ascii\mbascii.c: 1 warning, 0 errors
compiling mbfunccoils.c...
..\SYSTEM\sys\sys.h(80): warning:  #1-D: last line of file ends without a newline
  #endif
..\FreeModbus\modbus\functions\mbfunccoils.c: 1 warning, 0 errors
compiling mbfuncdiag.c...
compiling mbfuncdisc.c...
..\SYSTEM\sys\sys.h(80): warning:  #1-D: last line of file ends without a newline
  #endif
..\FreeModbus\modbus\functions\mbfuncdisc.c: 1 warning, 0 errors
compiling mbfuncholding.c...
..\SYSTEM\sys\sys.h(80): warning:  #1-D: last line of file ends without a newline
  #endif
..\FreeModbus\modbus\functions\mbfuncholding.c: 1 warning, 0 errors
compiling mbfuncinput.c...
..\SYSTEM\sys\sys.h(80): warning:  #1-D: last line of file ends without a newline
  #endif
..\FreeModbus\modbus\functions\mbfuncinput.c: 1 warning, 0 errors
compiling mbfuncother.c...
..\SYSTEM\sys\sys.h(80): warning:  #1-D: last line of file ends without a newline
  #endif
..\FreeModbus\modbus\functions\mbfuncother.c: 1 warning, 0 errors
compiling mbutils.c...
..\SYSTEM\sys\sys.h(80): warning:  #1-D: last line of file ends without a newline
  #endif
..\FreeModbus\modbus\functions\mbutils.c: 1 warning, 0 errors
compiling FreeModbus.c...
..\SYSTEM\sys\sys.h(80): warning:  #1-D: last line of file ends without a newline
  #endif
..\FreeModbus\FreeModbus.c(171): warning:  #1-D: last line of file ends without a newline
  }
..\FreeModbus\FreeModbus.c: 2 warnings, 0 errors
compiling can.c...
..\SYSTEM\sys\sys.h(80): warning:  #1-D: last line of file ends without a newline
  #endif
..\HARDWARE\CAN\can.h(82): warning:  #1-D: last line of file ends without a newline
  #endif
..\HARDWARE\CAN\can.c(126): warning:  #177-D: variable "err" was declared but never referenced
      u8 err;
..\HARDWARE\CAN\can.c(328): warning:  #1-D: last line of file ends without a newline
  }
..\HARDWARE\CAN\can.c: 4 warnings, 0 errors
linking...
Program Size: Code=32340 RO-data=1104 RW-data=432 ZI-data=79536  
FromELF: creating hex file...
"..\OBJ\ccr3.axf" - 0 Error(s), 27 Warning(s).
Load "..\\OBJ\\ccr3.axf" 
Set JLink Project File to "\\Vboxsvr\irim\ccr3\slave\USER\JLinkSettings.ini"
* JLink Info: Device "STM32F407ZE" selected (512 KB flash, 128 KB RAM).
 
JLink info:
------------
DLL: V4.80g, compiled Feb 13 2014 20:50:02
Firmware: J-Link ARM-OB STM32 compiled Aug 22 2012 19:52:04
Hardware: V7.00
S/N : 20090928 
Feature(s) : RDI,FlashDL,FlashBP,JFlash,GDBFull 
 
* JLink Info: Found SWD-DP with ID 0x2BA01477
* JLink Info: Found SWD-DP with ID 0x2BA01477
* JLink Info: Found Cortex-M4 r0p1, Little endian.
* JLink Info: FPUnit: 6 code (BP) slots and 2 literal slots
* JLink Info: TPIU fitted.
* JLink Info: ETM fitted.
ROMTableAddr = 0xE00FF003
 
Target info:
------------
Device: STM32F407ZE
VTarget = 3.300V
State of Pins: 
TCK: 0, TDI: 0, TDO: 1, TMS: 0, TRES: 1, TRST: 1
Hardware-Breakpoints: 6
Software-Breakpoints: 8192
Watchpoints:          4
JTAG speed: 2000 kHz
 
Erase Done.
Programming Done.
Verify OK.
Application running ...
</pre>
</body>
</html>
