Product: MDK-ARM Professional 5.10
Component: ARM Compiler 5.04 update 1 (build 49)
Tool: armlink [5040049]

==============================================================================

Section Cross References

    stm32f4xx_it.o(.ARM.exidx) refers to stm32f4xx_it.o(.rev16_text) for __asm___14_stm32f4xx_it_c_bb8ca80c____REV16
    stm32f4xx_it.o(.ARM.exidx) refers to stm32f4xx_it.o(.revsh_text) for __asm___14_stm32f4xx_it_c_bb8ca80c____REVSH
    stm32f4xx_it.o(.ARM.exidx) refers to stm32f4xx_it.o(.text) for .text
    system_stm32f4xx.o(.ARM.exidx) refers to system_stm32f4xx.o(.rev16_text) for __asm___18_system_stm32f4xx_c_5d646a67____REV16
    system_stm32f4xx.o(.ARM.exidx) refers to system_stm32f4xx.o(.revsh_text) for __asm___18_system_stm32f4xx_c_5d646a67____REVSH
    system_stm32f4xx.o(.text) refers to system_stm32f4xx.o(.data) for SystemCoreClock
    system_stm32f4xx.o(.ARM.exidx) refers to system_stm32f4xx.o(.text) for .text
    system_stm32f4xx.o(.ARM.exidx) refers to unwind_pr0.o(.text) for __aeabi_unwind_cpp_pr0
    main.o(.ARM.exidx) refers to main.o(.rev16_text) for __asm___8_main_cpp_main___Z7__REV16j
    main.o(.ARM.exidx) refers to main.o(.revsh_text) for __asm___8_main_cpp_main___Z7__REVSHi
    main.o(.text) refers to led.o(.text) for led::led()
    main.o(.text) refers to tasks.o(.text) for vTaskDelay
    main.o(.text) refers to can.o(.text) for CanInit
    main.o(.text) refers to delay.o(.text) for delay_ms
    main.o(.text) refers to mb.o(.text) for eMBInit
    main.o(.text) refers to port.o(.text) for vPortEnterCritical
    main.o(.text) refers to misc.o(.text) for NVIC_PriorityGroupConfig
    main.o(.text) refers to main.o(.data) for ModbusTask_Handler
    main.o(.text.clean) refers to led.o(.text) for led::~led()
    main.o(.text.clean) refers to arm_exceptions_cleanup.o(.emb_text) for __cxa_end_cleanup
    main.o(.ARM.exidx) refers to main.o(.text) for .text
    main.o(.ARM.exidx) refers to unwind_pr0.o(.text) for __aeabi_unwind_cpp_pr0
    main.o(.ARM.exidx) refers to main.o(.ARM.extab) for .extab._Z8LED_taskPv
    main.o(.ARM.exidx) refers to main.o(.text.clean) for .text.clean
    main.o(.ARM.extab) refers to main.o(.text.clean) for .text.clean
    startup_stm32f40_41xxx.o(STACK) refers (Special) to heapauxi.o(.text) for __use_two_region_memory
    startup_stm32f40_41xxx.o(HEAP) refers (Special) to heapauxi.o(.text) for __use_two_region_memory
    startup_stm32f40_41xxx.o(RESET) refers (Special) to heapauxi.o(.text) for __use_two_region_memory
    startup_stm32f40_41xxx.o(RESET) refers to startup_stm32f40_41xxx.o(STACK) for __initial_sp
    startup_stm32f40_41xxx.o(RESET) refers to startup_stm32f40_41xxx.o(.text) for Reset_Handler
    startup_stm32f40_41xxx.o(RESET) refers to stm32f4xx_it.o(.text) for NMI_Handler
    startup_stm32f40_41xxx.o(RESET) refers to port.o(.emb_text) for SVC_Handler
    startup_stm32f40_41xxx.o(RESET) refers to delay.o(.text) for SysTick_Handler
    startup_stm32f40_41xxx.o(RESET) refers to can.o(.text) for CAN1_TX_IRQHandler
    startup_stm32f40_41xxx.o(RESET) refers to porttimer.o(.text) for TIM3_IRQHandler
    startup_stm32f40_41xxx.o(RESET) refers to portserial.o(.text) for USART1_IRQHandler
    startup_stm32f40_41xxx.o(.text) refers (Special) to heapauxi.o(.text) for __use_two_region_memory
    startup_stm32f40_41xxx.o(.text) refers to system_stm32f4xx.o(.text) for SystemInit
    startup_stm32f40_41xxx.o(.text) refers to __main.o(!!!main) for __main
    startup_stm32f40_41xxx.o(.text) refers to startup_stm32f40_41xxx.o(HEAP) for Heap_Mem
    startup_stm32f40_41xxx.o(.text) refers to startup_stm32f40_41xxx.o(STACK) for Stack_Mem
    misc.o(.ARM.exidx) refers to misc.o(.rev16_text) for __asm___6_misc_c_d0fc1254____REV16
    misc.o(.ARM.exidx) refers to misc.o(.revsh_text) for __asm___6_misc_c_d0fc1254____REVSH
    misc.o(.ARM.exidx) refers to misc.o(.text) for .text
    misc.o(.ARM.exidx) refers to unwind_pr0.o(.text) for __aeabi_unwind_cpp_pr0
    stm32f4xx_gpio.o(.ARM.exidx) refers to stm32f4xx_gpio.o(.rev16_text) for __asm___16_stm32f4xx_gpio_c_f8e8e39a____REV16
    stm32f4xx_gpio.o(.ARM.exidx) refers to stm32f4xx_gpio.o(.revsh_text) for __asm___16_stm32f4xx_gpio_c_f8e8e39a____REVSH
    stm32f4xx_gpio.o(.text) refers to stm32f4xx_rcc.o(.text) for RCC_AHB1PeriphResetCmd
    stm32f4xx_gpio.o(.ARM.exidx) refers to stm32f4xx_gpio.o(.text) for .text
    stm32f4xx_gpio.o(.ARM.exidx) refers to unwind_pr0.o(.text) for __aeabi_unwind_cpp_pr0
    stm32f4xx_rcc.o(.ARM.exidx) refers to stm32f4xx_rcc.o(.rev16_text) for __asm___15_stm32f4xx_rcc_c_49e27980____REV16
    stm32f4xx_rcc.o(.ARM.exidx) refers to stm32f4xx_rcc.o(.revsh_text) for __asm___15_stm32f4xx_rcc_c_49e27980____REVSH
    stm32f4xx_rcc.o(.text) refers to stm32f4xx_rcc.o(.data) for APBAHBPrescTable
    stm32f4xx_rcc.o(.ARM.exidx) refers to stm32f4xx_rcc.o(.text) for .text
[...]
    APBAHBPrescTable                         0x20000024   Data          16  stm32f4xx_rcc.o(.data)
    .data                                    0x20000034   Section        4  delay.o(.data)
    fac_us                                   0x20000034   Data           1  delay.o(.data)
    fac_ms                                   0x20000036   Data           2  delay.o(.data)
    .data                                    0x20000038   Section       60  tasks.o(.data)
    pxDelayedTaskList                        0x2000003c   Data           4  tasks.o(.data)
    pxOverflowDelayedTaskList                0x20000040   Data           4  tasks.o(.data)
    uxDeletedTasksWaitingCleanUp             0x20000044   Data           4  tasks.o(.data)
    uxCurrentNumberOfTasks                   0x20000048   Data           4  tasks.o(.data)
    xTickCount                               0x2000004c   Data           4  tasks.o(.data)
    uxTopReadyPriority                       0x20000050   Data           4  tasks.o(.data)
    xSchedulerRunning                        0x20000054   Data           4  tasks.o(.data)
    uxPendedTicks                            0x20000058   Data           4  tasks.o(.data)
    xYieldPending                            0x2000005c   Data           4  tasks.o(.data)
    xNumOfOverflows                          0x20000060   Data           4  tasks.o(.data)
    uxTaskNumber                             0x20000064   Data           4  tasks.o(.data)
    xNextTaskUnblockTime                     0x20000068   Data           4  tasks.o(.data)
    xIdleTaskHandle                          0x2000006c   Data           4  tasks.o(.data)
    uxSchedulerSuspended                     0x20000070   Data           4  tasks.o(.data)
    .data                                    0x20000074   Section       20  timers.o(.data)
    pxCurrentTimerList                       0x20000074   Data           4  timers.o(.data)
    pxOverflowTimerList                      0x20000078   Data           4  timers.o(.data)
    xTimerQueue                              0x2000007c   Data           4  timers.o(.data)
    xTimerTaskHandle                         0x20000080   Data           4  timers.o(.data)
    xLastTime                                0x20000084   Data           4  timers.o(.data)
    .data                                    0x20000088   Section       12  port.o(.data)
    uxCriticalNesting                        0x20000088   Data           4  port.o(.data)
    ucMaxSysCallPriority                     0x2000008c   Data           1  port.o(.data)
    ulMaxPRIGROUPValue                       0x20000090   Data           4  port.o(.data)
    .data                                    0x20000094   Section       24  heap_4.o(.data)
    xStart                                   0x20000094   Data           8  heap_4.o(.data)
    pxEnd                                    0x2000009c   Data           4  heap_4.o(.data)
    xFreeBytesRemaining                      0x200000a0   Data           4  heap_4.o(.data)
    xMinimumEverFreeBytesRemaining           0x200000a4   Data           4  heap_4.o(.data)
    xBlockAllocatedBit                       0x200000a8   Data           4  heap_4.o(.data)
    .data                                    0x200000ac   Section        2  portevent.o(.data)
    eQueuedEvent                             0x200000ac   Data           1  portevent.o(.data)
    xEventInQueue                            0x200000ad   Data           1  portevent.o(.data)
    .data                                    0x200000b0   Section      181  mb.o(.data)
    ucMBAddress                              0x200000b0   Data           1  mb.o(.data)
    eMBCurrentMode                           0x200000b1   Data           1  mb.o(.data)
    eMBState                                 0x200000b2   Data           1  mb.o(.data)
    peMBFrameSendCur                         0x200000b4   Data           4  mb.o(.data)
    pvMBFrameStartCur                        0x200000b8   Data           4  mb.o(.data)
    pvMBFrameStopCur                         0x200000bc   Data           4  mb.o(.data)
    peMBFrameReceiveCur                      0x200000c0   Data           4  mb.o(.data)
    pvMBFrameCloseCur                        0x200000c4   Data           4  mb.o(.data)
    xFuncHandlers                            0x200000dc   Data         128  mb.o(.data)
    ucMBFrame                                0x2000015c   Data           4  mb.o(.data)
    ucRcvAddress                             0x20000160   Data           1  mb.o(.data)
    ucFunctionCode                           0x20000161   Data           1  mb.o(.data)
    usLength                                 0x20000162   Data           2  mb.o(.data)
    eException                               0x20000164   Data           1  mb.o(.data)
    .data                                    0x20000168   Section       12  mbrtu.o(.data)
    eSndState                                0x20000168   Data           1  mbrtu.o(.data)
    eRcvState                                0x20000169   Data           1  mbrtu.o(.data)
    pucSndBufferCur                          0x2000016c   Data           4  mbrtu.o(.data)
    usSndBufferCount                         0x20000170   Data           2  mbrtu.o(.data)
    usRcvBufferPos                           0x20000172   Data           2  mbrtu.o(.data)
    .data                                    0x20000174   Section       20  mbascii.o(.data)
    eSndState                                0x20000174   Data           1  mbascii.o(.data)
    eRcvState                                0x20000175   Data           1  mbascii.o(.data)
    ucASCIIBuf                               0x20000178   Data           4  mbascii.o(.data)
    usRcvBufferPos                           0x2000017c   Data           2  mbascii.o(.data)
    eBytePos                                 0x2000017e   Data           1  mbascii.o(.data)
    pucSndBufferCur                          0x20000180   Data           4  mbascii.o(.data)
    usSndBufferCount                         0x20000184   Data           2  mbascii.o(.data)
    ucLRC                                    0x20000186   Data           1  mbascii.o(.data)
    ucMBLFCharacter                          0x20000187   Data           1  mbascii.o(.data)
    .data                                    0x20000188   Section        2  mbfuncother.o(.data)
    usMBSlaveIDLen                           0x20000188   Data           2  mbfuncother.o(.data)
    .data                                    0x2000018a   Section       40  freemodbus.o(.data)
    .bss                                     0x200001b4   Section       64  queue.o(.bss)
    .bss                                     0x200001f4   Section      200  tasks.o(.bss)
    pxReadyTasksLists                        0x200001f4   Data         100  tasks.o(.bss)
    xDelayedTaskList1                        0x20000258   Data          20  tasks.o(.bss)
    xDelayedTaskList2                        0x2000026c   Data          20  tasks.o(.bss)
    xPendingReadyList                        0x20000280   Data          20  tasks.o(.bss)
    xTasksWaitingTermination                 0x20000294   Data          20  tasks.o(.bss)
    xSuspendedTaskList                       0x200002a8   Data          20  tasks.o(.bss)
    .bss                                     0x200002bc   Section       40  timers.o(.bss)
    xActiveTimerList1                        0x200002bc   Data          20  timers.o(.bss)
    xActiveTimerList2                        0x200002d0   Data          20  timers.o(.bss)
    .bss                                     0x200002e4   Section    76800  heap_4.o(.bss)
    ucHeap                                   0x200002e4   Data       76800  heap_4.o(.bss)
    .bss                                     0x20012ee4   Section      256  mbrtu.o(.bss)
    .bss                                     0x20012fe4   Section       32  mbfuncother.o(.bss)
    ucMBSlaveID                              0x20012fe4   Data          32  mbfuncother.o(.bss)
    .bss                                     0x20013004   Section      512  freemodbus.o(.bss)
    .bss                                     0x20013204   Section       96  libspace.o(.bss)
    HEAP                                     0x20013268   Section      512  startup_stm32f40_41xxx.o(HEAP)
    Heap_Mem                                 0x20013268   Data         512  startup_stm32f40_41xxx.o(HEAP)
    STACK                                    0x20013468   Section     1024  startup_stm32f40_41xxx.o(STACK)
    Stack_Mem                                0x20013468   Data        1024  startup_stm32f40_41xxx.o(STACK)
    __initial_sp                             0x20013868   Data           0  startup_stm32f40_41xxx.o(STACK)

    Global Symbols

    Symbol Name                              Value     Ov Type        Size  Object(Section)

    BuildAttributes$$THM_ISAv4$E$P$D$K$B$S$7EM$VFPi3$EXTD16$VFPS$VFMA$PE$A:L22UL41UL21$X:L11$S22US41US21$IEEE1$IW$USESV6$~STKCKD$USESV7$~SHL$OTIME$ROPI$EBA8$UX$STANDARDLIB$REQ8$PRES8$EABIv2 0x00000000   Number         0  anon$$obj.o ABSOLUTE
    __ARM_use_no_argv                        0x00000000   Number         0  main.o ABSOLUTE
    SHT$$ARM_EXIDX$$Base                      - Undefined Reference
    SHT$$ARM_EXIDX$$Limit                     - Undefined Reference
    __ARM::default_unexpected_handler()       - Undefined Weak Reference
    __ARM_exceptions_buffer_required          - Undefined Weak Reference
    __ARM_exceptions_init                     - Undefined Weak Reference
    __aeabi_unwind_cpp_pr2                    - Undefined Weak Reference
    __alloca_initialize                       - Undefined Weak Reference
    __cpp_initialize__aeabi_                  - Undefined Weak Reference
    __cxa_call_unexpected                     - Undefined Weak Reference
    __cxa_finalize                            - Undefined Weak Reference
    __cxa_type_match                          - Undefined Weak Reference
    __rt_locale                               - Undefined Weak Reference
    __sigvec_lookup                           - Undefined Weak Reference
    __user_heap_extent                        - Undefined Weak Reference
    _atexit_init                              - Undefined Weak Reference
    _call_atexit_fns                          - Undefined Weak Reference
    _clock_init                               - Undefined Weak Reference
    _fp_trap_init                             - Undefined Weak Reference
    _fp_trap_shutdown                         - Undefined Weak Reference
    _get_lc_collate                           - Undefined Weak Reference
    _get_lc_ctype                             - Undefined Weak Reference
    _get_lc_monetary                          - Undefined Weak Reference
    _get_lc_numeric                           - Undefined Weak Reference
    _get_lc_time                              - Undefined Weak Reference
    _getenv_init                              - Undefined Weak Reference
    _handle_redirection                       - Undefined Weak Reference
    _initio                                   - Undefined Weak Reference
    _mutex_acquire                            - Undefined Weak Reference
    _mutex_free                               - Undefined Weak Reference
    _mutex_release                            - Undefined Weak Reference
    _rand_init                                - Undefined Weak Reference
    _signal_finish                            - Undefined Weak Reference
    _signal_init                              - Undefined Weak Reference
    _terminateio                              - Undefined Weak Reference
    __Vectors_Size                           0x00000188   Number         0  startup_stm32f40_41xxx.o ABSOLUTE
    __Vectors                                0x08000000   Data           4  startup_stm32f40_41xxx.o(RESET)
    __Vectors_End                            0x08000188   Data           0  startup_stm32f40_41xxx.o(RESET)
    __main                                   0x08000189   Thumb Code     8  __main.o(!!!main)
    __scatterload                            0x08000191   Thumb Code     0  __scatter.o(!!!scatter)
    __scatterload_rt2                        0x08000191   Thumb Code    44  __scatter.o(!!!scatter)
    __scatterload_rt2_thumb_only             0x08000191   Thumb Code     0  __scatter.o(!!!scatter)
    __scatterload_null                       0x0800019f   Thumb Code     0  __scatter.o(!!!scatter)
    __decompress                             0x080001c5   Thumb Code    90  __dczerorl2.o(!!dczerorl2)
    __decompress1                            0x080001c5   Thumb Code     0  __dczerorl2.o(!!dczerorl2)
    __scatterload_zeroinit                   0x08000221   Thumb Code    28  __scatter_zi.o(!!handler_zi)
    __rt_lib_init                            0x0800023d   Thumb Code     0  libinit.o(.ARM.Collect$$libinit$$00000000)
    __rt_lib_init_fp_1                       0x0800023f   Thumb Code     0  libinit2.o(.ARM.Collect$$libinit$$00000001)
    __rt_lib_init_alloca_1                   0x08000243   Thumb Code     0  libinit2.o(.ARM.Collect$$libinit$$0000002C)
    __rt_lib_init_argv_1                     0x08000243   Thumb Code     0  libinit2.o(.ARM.Collect$$libinit$$0000002A)
    __rt_lib_init_atexit_1                   0x08000243   Thumb Code     0  libinit2.o(.ARM.Collect$$libinit$$00000019)
    __rt_lib_init_clock_1                    0x08000243   Thumb Code     0  libinit2.o(.ARM.Collect$$libinit$$0000001F)
    __rt_lib_init_cpp_1                      0x08000243   Thumb Code     0  libinit2.o(.ARM.Collect$$libinit$$00000030)
    __rt_lib_init_exceptions_1               0x08000243   Thumb Code     0  libinit2.o(.ARM.Collect$$libinit$$0000002E)
    __rt_lib_init_fp_trap_1                  0x08000243   Thumb Code     0  libinit2.o(.ARM.Collect$$libinit$$0000001D)
    __rt_lib_init_getenv_1                   0x08000243   Thumb Code     0  libinit2.o(.ARM.Collect$$libinit$$00000021)
    __rt_lib_init_heap_1                     0x08000243   Thumb Code     0  libinit2.o(.ARM.Collect$$libinit$$00000008)
    __rt_lib_init_lc_collate_1               0x08000243   Thumb Code     0  libinit2.o(.ARM.Collect$$libinit$$0000000F)
    __rt_lib_init_lc_ctype_1                 0x08000243   Thumb Code     0  libinit2.o(.ARM.Collect$$libinit$$00000011)
    __rt_lib_init_lc_monetary_1              0x08000243   Thumb Code     0  libinit2.o(.ARM.Collect$$libinit$$00000013)
    __rt_lib_init_lc_numeric_1               0x08000243   Thumb Code     0  libinit2.o(.ARM.Collect$$libinit$$00000015)
    __rt_lib_init_lc_time_1                  0x08000243   Thumb Code     0  libinit2.o(.ARM.Collect$$libinit$$00000017)
    __rt_lib_init_rand_1                     0x08000243   Thumb Code     0  libinit2.o(.ARM.Collect$$libinit$$0000000C)
    __rt_lib_init_return                     0x08000243   Thumb Code     0  libinit2.o(.ARM.Collect$$libinit$$00000031)
    __rt_lib_init_signal_1                   0x08000243   Thumb Code     0  libinit2.o(.ARM.Collect$$libinit$$0000001B)
    __rt_lib_init_stdio_1                    0x08000243   Thumb Code     0  libinit2.o(.ARM.Collect$$libinit$$00000023)
    __rt_lib_init_user_alloc_1               0x08000243   Thumb Code     0  libinit2.o(.ARM.Collect$$libinit$$0000000A)
    __rt_lib_shutdown                        0x08000245   Thumb Code     0  libshutdown.o(.ARM.Collect$$libshutdown$$00000000)
    __rt_lib_shutdown_fp_trap_1              0x08000247   Thumb Code     0  libshutdown2.o(.ARM.Collect$$libshutdown$$00000006)
    __rt_lib_shutdown_heap_1                 0x08000247   Thumb Code     0  libshutdown2.o(.ARM.Collect$$libshutdown$$0000000E)
    __rt_lib_shutdown_return                 0x08000247   Thumb Code     0  libshutdown2.o(.ARM.Collect$$libshutdown$$0000000F)
    __rt_lib_shutdown_signal_1               0x08000247   Thumb Code     0  libshutdown2.o(.ARM.Collect$$libshutdown$$00000009)
    __rt_lib_shutdown_stdio_1                0x08000247   Thumb Code     0  libshutdown2.o(.ARM.Collect$$libshutdown$$00000003)
    __rt_lib_shutdown_user_alloc_1           0x08000247   Thumb Code     0  libshutdown2.o(.ARM.Collect$$libshutdown$$0000000B)
    __rt_entry                               0x08000249   Thumb Code     0  rtentry.o(.ARM.Collect$$rtentry$$00000000)
    __rt_entry_presh_1                       0x08000249   Thumb Code     0  rtentry2.o(.ARM.Collect$$rtentry$$00000002)
    __rt_entry_sh                            0x08000249   Thumb Code     0  rtentry4.o(.ARM.Collect$$rtentry$$00000004)
    __rt_entry_li                            0x0800024f   Thumb Code     0  rtentry2.o(.ARM.Collect$$rtentry$$0000000A)
    __rt_entry_postsh_1                      0x0800024f   Thumb Code     0  rtentry2.o(.ARM.Collect$$rtentry$$00000009)
    __rt_entry_main                          0x08000253   Thumb Code     0  rtentry2.o(.ARM.Collect$$rtentry$$0000000D)
    __rt_entry_postli_1                      0x08000253   Thumb Code     0  rtentry2.o(.ARM.Collect$$rtentry$$0000000C)
    __rt_exit                                0x0800025b   Thumb Code     0  rtexit.o(.ARM.Collect$$rtexit$$00000000)
    __rt_exit_ls                             0x0800025d   Thumb Code     0  rtexit2.o(.ARM.Collect$$rtexit$$00000003)
    __rt_exit_prels_1                        0x0800025d   Thumb Code     0  rtexit2.o(.ARM.Collect$$rtexit$$00000002)
    __rt_exit_exit                           0x08000261   Thumb Code     0  rtexit2.o(.ARM.Collect$$rtexit$$00000004)
    WFI_SET                                  0x08000269   Thumb Code     2  sys.o(.emb_text)
    INTX_DISABLE                             0x0800026b   Thumb Code     4  sys.o(.emb_text)
    INTX_ENABLE                              0x0800026f   Thumb Code     4  sys.o(.emb_text)
    MSR_MSP                                  0x08000273   Thumb Code     6  sys.o(.emb_text)
    SVC_Handler                              0x08000279   Thumb Code    28  port.o(.emb_text)
    __asm___6_port_c_39a90d8d__prvStartFirstTask 0x08000299   Thumb Code    36  port.o(.emb_text)
    __asm___6_port_c_39a90d8d__prvEnableVFP  0x080002c1   Thumb Code    16  port.o(.emb_text)
    PendSV_Handler                           0x080002d5   Thumb Code    88  port.o(.emb_text)
    vPortGetIPSR                             0x08000331   Thumb Code     6  port.o(.emb_text)
    NMI_Handler                              0x08000337   Thumb Code     2  stm32f4xx_it.o(.text)
    HardFault_Handler                        0x08000339   Thumb Code     4  stm32f4xx_it.o(.text)
    MemManage_Handler                        0x0800033d   Thumb Code     4  stm32f4xx_it.o(.text)
    BusFault_Handler                         0x08000341   Thumb Code     4  stm32f4xx_it.o(.text)
    UsageFault_Handler                       0x08000345   Thumb Code     4  stm32f4xx_it.o(.text)
    DebugMon_Handler                         0x08000349   Thumb Code     2  stm32f4xx_it.o(.text)
    SystemInit                               0x08000429   Thumb Code    88  system_stm32f4xx.o(.text)
    SystemCoreClockUpdate                    0x08000481   Thumb Code   174  system_stm32f4xx.o(.text)
    LED_task(void*)                          0x0800055d   Thumb Code    42  main.o(.text)
    CanTest_task(void*)                      0x08000587   Thumb Code    60  main.o(.text)
    Modbus_task(void*)                       0x080005c3   Thumb Code    36  main.o(.text)
    start_task(void*)                        0x080005e7   Thumb Code    90  main.o(.text)
    main                                     0x08000641   Thumb Code    46  main.o(.text)
    Reset_Handler                            0x080006b5   Thumb Code     8  startup_stm32f40_41xxx.o(.text)
    ADC_IRQHandler                           0x080006cf   Thumb Code     0  startup_stm32f40_41xxx.o(.text)
    CAN1_RX1_IRQHandler                      0x080006cf   Thumb Code     0  startup_stm32f40_41xxx.o(.text)
    CAN1_SCE_IRQHandler                      0x080006cf   Thumb Code     0  startup_stm32f40_41xxx.o(.text)
    CAN2_RX0_IRQHandler                      0x080006cf   Thumb Code     0  startup_stm32f40_41xxx.o(.text)
    CAN2_RX1_IRQHandler                      0x080006cf   Thumb Code     0  startup_stm32f40_41xxx.o(.text)
    CAN2_SCE_IRQHandler                      0x080006cf   Thumb Code     0  startup_stm32f40_41xxx.o(.text)
    CAN2_TX_IRQHandler                       0x080006cf   Thumb Code     0  startup_stm32f40_41xxx.o(.text)
    CRYP_IRQHandler                          0x080006cf   Thumb Code     0  startup_stm32f40_41xxx.o(.text)
    DCMI_IRQHandler                          0x080006cf   Thumb Code     0  startup_stm32f40_41xxx.o(.text)
    DMA1_Stream0_IRQHandler                  0x080006cf   Thumb Code     0  startup_stm32f40_41xxx.o(.text)
    DMA1_Stream1_IRQHandler                  0x080006cf   Thumb Code     0  startup_stm32f40_41xxx.o(.text)
    DMA1_Stream2_IRQHandler                  0x080006cf   Thumb Code     0  startup_stm32f40_41xxx.o(.text)
    DMA1_Stream3_IRQHandler                  0x080006cf   Thumb Code     0  startup_stm32f40_41xxx.o(.text)
    DMA1_Stream4_IRQHandler                  0x080006cf   Thumb Code     0  startup_stm32f40_41xxx.o(.text)
    DMA1_Stream5_IRQHandler                  0x080006cf   Thumb Code     0  startup_stm32f40_41xxx.o(.text)
    DMA1_Stream6_IRQHandler                  0x080006cf   Thumb Code     0  startup_stm32f40_41xxx.o(.text)
    DMA1_Stream7_IRQHandler                  0x080006cf   Thumb Code     0  startup_stm32f40_41xxx.o(.text)
    DMA2_Stream0_IRQHandler                  0x080006cf   Thumb Code     0  startup_stm32f40_41xxx.o(.text)
    DMA2_Stream1_IRQHandler                  0x080006cf   Thumb Code     0  startup_stm32f40_41xxx.o(.text)
    DMA2_Stream2_IRQHandler                  0x080006cf   Thumb Code     0  startup_stm32f40_41xxx.o(.text)
    DMA2_Stream3_IRQHandler                  0x080006cf   Thumb Code     0  startup_stm32f40_41xxx.o(.text)
    DMA2_Stream4_IRQHandler                  0x080006cf   Thumb Code     0  startup_stm32f40_41xxx.o(.text)
    DMA2_Stream5_IRQHandler                  0x080006cf   Thumb Code     0  startup_stm32f40_41xxx.o(.text)
    DMA2_Stream6_IRQHandler                  0x080006cf   Thumb Code     0  startup_stm32f40_41xxx.o(.text)
    DMA2_Stream7_IRQHandler                  0x080006cf   Thumb Code     0  startup_stm32f40_41xxx.o(.text)
    ETH_IRQHandler                           0x080006cf   Thumb Code     0  startup_stm32f40_41xxx.o(.text)
    ETH_WKUP_IRQHandler                      0x080006cf   Thumb Code     0  startup_stm32f40_41xxx.o(.text)
    EXTI0_IRQHandler                         0x080006cf   Thumb Code     0  startup_stm32f40_41xxx.o(.text)
    EXTI15_10_IRQHandler                     0x080006cf   Thumb Code     0  startup_stm32f40_41xxx.o(.text)
    EXTI1_IRQHandler                         0x080006cf   Thumb Code     0  startup_stm32f40_41xxx.o(.text)
    EXTI2_IRQHandler                         0x080006cf   Thumb Code     0  startup_stm32f40_41xxx.o(.text)
    EXTI3_IRQHandler                         0x080006cf   Thumb Code     0  startup_stm32f40_41xxx.o(.text)
    EXTI4_IRQHandler                         0x080006cf   Thumb Code     0  startup_stm32f40_41xxx.o(.text)
    EXTI9_5_IRQHandler                       0x080006cf   Thumb Code     0  startup_stm32f40_41xxx.o(.text)
    FLASH_IRQHandler                         0x080006cf   Thumb Code     0  startup_stm32f40_41xxx.o(.text)
    FPU_IRQHandler                           0x080006cf   Thumb Code     0  startup_stm32f40_41xxx.o(.text)
    FSMC_IRQHandler                          0x080006cf   Thumb Code     0  startup_stm32f40_41xxx.o(.text)
    HASH_RNG_IRQHandler                      0x080006cf   Thumb Code     0  startup_stm32f40_41xxx.o(.text)
    I2C1_ER_IRQHandler                       0x080006cf   Thumb Code     0  startup_stm32f40_41xxx.o(.text)
    I2C1_EV_IRQHandler                       0x080006cf   Thumb Code     0  startup_stm32f40_41xxx.o(.text)
    I2C2_ER_IRQHandler                       0x080006cf   Thumb Code     0  startup_stm32f40_41xxx.o(.text)
    I2C2_EV_IRQHandler                       0x080006cf   Thumb Code     0  startup_stm32f40_41xxx.o(.text)
    I2C3_ER_IRQHandler                       0x080006cf   Thumb Code     0  startup_stm32f40_41xxx.o(.text)
    I2C3_EV_IRQHandler                       0x080006cf   Thumb Code     0  startup_stm32f40_41xxx.o(.text)
    OTG_FS_IRQHandler                        0x080006cf   Thumb Code     0  startup_stm32f40_41xxx.o(.text)
    OTG_FS_WKUP_IRQHandler                   0x080006cf   Thumb Code     0  startup_stm32f40_41xxx.o(.text)
    OTG_HS_EP1_IN_IRQHandler                 0x080006cf   Thumb Code     0  startup_stm32f40_41xxx.o(.text)
    OTG_HS_EP1_OUT_IRQHandler                0x080006cf   Thumb Code     0  startup_stm32f40_41xxx.o(.text)
    OTG_HS_IRQHandler                        0x080006cf   Thumb Code     0  startup_stm32f40_41xxx.o(.text)
    OTG_HS_WKUP_IRQHandler                   0x080006cf   Thumb Code     0  startup_stm32f40_41xxx.o(.text)
    PVD_IRQHandler                           0x080006cf   Thumb Code     0  startup_stm32f40_41xxx.o(.text)
    RCC_IRQHandler                           0x080006cf   Thumb Code     0  startup_stm32f40_41xxx.o(.text)
    RTC_Alarm_IRQHandler                     0x080006cf   Thumb Code     0  startup_stm32f40_41xxx.o(.text)
    RTC_WKUP_IRQHandler                      0x080006cf   Thumb Code     0  startup_stm32f40_41xxx.o(.text)
    SDIO_IRQHandler                          0x080006cf   Thumb Code     0  startup_stm32f40_41xxx.o(.text)
    SPI1_IRQHandler                          0x080006cf   Thumb Code     0  startup_stm32f40_41xxx.o(.text)
    SPI2_IRQHandler                          0x080006cf   Thumb Code     0  startup_stm32f40_41xxx.o(.text)
    SPI3_IRQHandler                          0x080006cf   Thumb Code     0  startup_stm32f40_41xxx.o(.text)
    TAMP_STAMP_IRQHandler                    0x080006cf   Thumb Code     0  startup_stm32f40_41xxx.o(.text)
    TIM1_BRK_TIM9_IRQHandler                 0x080006cf   Thumb Code     0  startup_stm32f40_41xxx.o(.text)
    TIM1_CC_IRQHandler                       0x080006cf   Thumb Code     0  startup_stm32f40_41xxx.o(.text)
    TIM1_TRG_COM_TIM11_IRQHandler            0x080006cf   Thumb Code     0  startup_stm32f40_41xxx.o(.text)
    TIM1_UP_TIM10_IRQHandler                 0x080006cf   Thumb Code     0  startup_stm32f40_41xxx.o(.text)
    TIM2_IRQHandler                          0x080006cf   Thumb Code     0  startup_stm32f40_41xxx.o(.text)
    TIM4_IRQHandler                          0x080006cf   Thumb Code     0  startup_stm32f40_41xxx.o(.text)
    TIM5_IRQHandler                          0x080006cf   Thumb Code     0  startup_stm32f40_41xxx.o(.text)
    TIM6_DAC_IRQHandler                      0x080006cf   Thumb Code     0  startup_stm32f40_41xxx.o(.text)
    TIM7_IRQHandler                          0x080006cf   Thumb Code     0  startup_stm32f40_41xxx.o(.text)
    TIM8_BRK_TIM12_IRQHandler                0x080006cf   Thumb Code     0  startup_stm32f40_41xxx.o(.text)
    TIM8_CC_IRQHandler                       0x080006cf   Thumb Code     0  startup_stm32f40_41xxx.o(.text)
    TIM8_TRG_COM_TIM14_IRQHandler            0x080006cf   Thumb Code     0  startup_stm32f40_41xxx.o(.text)
    TIM8_UP_TIM13_IRQHandler                 0x080006cf   Thumb Code     0  startup_stm32f40_41xxx.o(.text)
    UART4_IRQHandler                         0x080006cf   Thumb Code     0  startup_stm32f40_41xxx.o(.text)
    UART5_IRQHandler                         0x080006cf   Thumb Code     0  startup_stm32f40_41xxx.o(.text)
    USART2_IRQHandler                        0x080006cf   Thumb Code     0  startup_stm32f40_41xxx.o(.text)
    USART3_IRQHandler                        0x080006cf   Thumb Code     0  startup_stm32f40_41xxx.o(.text)
    USART6_IRQHandler                        0x080006cf   Thumb Code     0  startup_stm32f40_41xxx.o(.text)
    WWDG_IRQHandler                          0x080006cf   Thumb Code     0  startup_stm32f40_41xxx.o(.text)
    __user_initial_stackheap                 0x080006d1   Thumb Code     0  startup_stm32f40_41xxx.o(.text)
    NVIC_PriorityGroupConfig                 0x080006f5   Thumb Code    10  misc.o(.text)
    NVIC_Init                                0x080006ff   Thumb Code   106  misc.o(.text)
    NVIC_SetVectorTable                      0x08000769   Thumb Code    14  misc.o(.text)
    NVIC_SystemLPConfig                      0x08000777   Thumb Code    34  misc.o(.text)
    SysTick_CLKSourceConfig                  0x08000799   Thumb Code    40  misc.o(.text)
    GPIO_DeInit                              0x080007d5   Thumb Code   268  stm32f4xx_gpio.o(.text)
    GPIO_Init                                0x080008e1   Thumb Code   144  stm32f4xx_gpio.o(.text)
    GPIO_StructInit                          0x08000971   Thumb Code    18  stm32f4xx_gpio.o(.text)
    GPIO_PinLockConfig                       0x08000983   Thumb Code    34  stm32f4xx_gpio.o(.text)
    GPIO_ReadInputDataBit                    0x080009a5   Thumb Code    18  stm32f4xx_gpio.o(.text)
    GPIO_ReadInputData                       0x080009b7   Thumb Code     8  stm32f4xx_gpio.o(.text)
    GPIO_ReadOutputDataBit                   0x080009bf   Thumb Code    18  stm32f4xx_gpio.o(.text)
    GPIO_ReadOutputData                      0x080009d1   Thumb Code     8  stm32f4xx_gpio.o(.text)
    GPIO_SetBits                             0x080009d9   Thumb Code     4  stm32f4xx_gpio.o(.text)
    GPIO_ResetBits                           0x080009dd   Thumb Code     4  stm32f4xx_gpio.o(.text)
    GPIO_WriteBit                            0x080009e1   Thumb Code    10  stm32f4xx_gpio.o(.text)
    GPIO_Write                               0x080009eb   Thumb Code     4  stm32f4xx_gpio.o(.text)
    GPIO_ToggleBits                          0x080009ef   Thumb Code     8  stm32f4xx_gpio.o(.text)
    GPIO_PinAFConfig                         0x080009f7   Thumb Code    70  stm32f4xx_gpio.o(.text)
    RCC_DeInit                               0x08000a69   Thumb Code    82  stm32f4xx_rcc.o(.text)
    RCC_HSEConfig                            0x08000abb   Thumb Code    14  stm32f4xx_rcc.o(.text)
    RCC_GetFlagStatus                        0x08000ac9   Thumb Code    60  stm32f4xx_rcc.o(.text)
    RCC_WaitForHSEStartUp                    0x08000b05   Thumb Code    56  stm32f4xx_rcc.o(.text)
    RCC_AdjustHSICalibrationValue            0x08000b3d   Thumb Code    20  stm32f4xx_rcc.o(.text)
    RCC_HSICmd                               0x08000b51   Thumb Code     6  stm32f4xx_rcc.o(.text)
    RCC_LSEConfig                            0x08000b57   Thumb Code    46  stm32f4xx_rcc.o(.text)
    RCC_LSICmd                               0x08000b85   Thumb Code     6  stm32f4xx_rcc.o(.text)
    RCC_PLLConfig                            0x08000b8b   Thumb Code    32  stm32f4xx_rcc.o(.text)
    RCC_PLLCmd                               0x08000bab   Thumb Code     6  stm32f4xx_rcc.o(.text)
    RCC_PLLI2SConfig                         0x08000bb1   Thumb Code    14  stm32f4xx_rcc.o(.text)
    RCC_PLLI2SCmd                            0x08000bbf   Thumb Code     6  stm32f4xx_rcc.o(.text)
    RCC_PLLSAIConfig                         0x08000bc5   Thumb Code    20  stm32f4xx_rcc.o(.text)
    RCC_PLLSAICmd                            0x08000bd9   Thumb Code     6  stm32f4xx_rcc.o(.text)
    RCC_ClockSecuritySystemCmd               0x08000bdf   Thumb Code     6  stm32f4xx_rcc.o(.text)
    RCC_MCO1Config                           0x08000be5   Thumb Code    28  stm32f4xx_rcc.o(.text)
    RCC_MCO2Config                           0x08000c01   Thumb Code    28  stm32f4xx_rcc.o(.text)
    RCC_SYSCLKConfig                         0x08000c1d   Thumb Code    20  stm32f4xx_rcc.o(.text)
    RCC_GetSYSCLKSource                      0x08000c31   Thumb Code    12  stm32f4xx_rcc.o(.text)
    RCC_HCLKConfig                           0x08000c3d   Thumb Code    20  stm32f4xx_rcc.o(.text)
    RCC_PCLK1Config                          0x08000c51   Thumb Code    20  stm32f4xx_rcc.o(.text)
    RCC_PCLK2Config                          0x08000c65   Thumb Code    22  stm32f4xx_rcc.o(.text)
    RCC_GetClocksFreq                        0x08000c7b   Thumb Code   222  stm32f4xx_rcc.o(.text)
    RCC_RTCCLKConfig                         0x08000d59   Thumb Code    54  stm32f4xx_rcc.o(.text)
    RCC_RTCCLKCmd                            0x08000d8f   Thumb Code     8  stm32f4xx_rcc.o(.text)
    RCC_BackupResetCmd                       0x08000d97   Thumb Code     8  stm32f4xx_rcc.o(.text)
    RCC_I2SCLKConfig                         0x08000d9f   Thumb Code     6  stm32f4xx_rcc.o(.text)
    RCC_SAIPLLI2SClkDivConfig                0x08000da5   Thumb Code    26  stm32f4xx_rcc.o(.text)
    RCC_SAIPLLSAIClkDivConfig                0x08000dbf   Thumb Code    28  stm32f4xx_rcc.o(.text)
    RCC_SAIBlockACLKConfig                   0x08000ddb   Thumb Code    20  stm32f4xx_rcc.o(.text)
    RCC_SAIBlockBCLKConfig                   0x08000def   Thumb Code    20  stm32f4xx_rcc.o(.text)
    RCC_LTDCCLKDivConfig                     0x08000e03   Thumb Code    20  stm32f4xx_rcc.o(.text)
    RCC_TIMCLKPresConfig                     0x08000e17   Thumb Code     6  stm32f4xx_rcc.o(.text)
    RCC_AHB1PeriphClockCmd                   0x08000e1d   Thumb Code    34  stm32f4xx_rcc.o(.text)
    RCC_AHB2PeriphClockCmd                   0x08000e3f   Thumb Code    78  stm32f4xx_rcc.o(.text)
    RCC_AHB3PeriphClockCmd                   0x08000e8d   Thumb Code    34  stm32f4xx_rcc.o(.text)
    RCC_APB1PeriphClockCmd                   0x08000eaf   Thumb Code    34  stm32f4xx_rcc.o(.text)
    RCC_APB2PeriphClockCmd                   0x08000ed1   Thumb Code    34  stm32f4xx_rcc.o(.text)
    RCC_AHB1PeriphResetCmd                   0x08000ef3   Thumb Code    34  stm32f4xx_rcc.o(.text)
    RCC_AHB2PeriphResetCmd                   0x08000f15   Thumb Code    34  stm32f4xx_rcc.o(.text)
    RCC_AHB3PeriphResetCmd                   0x08000f37   Thumb Code    34  stm32f4xx_rcc.o(.text)
    RCC_APB1PeriphResetCmd                   0x08000f59   Thumb Code    34  stm32f4xx_rcc.o(.text)
    RCC_APB2PeriphResetCmd                   0x08000f7b   Thumb Code    34  stm32f4xx_rcc.o(.text)
    RCC_AHB1PeriphClockLPModeCmd             0x08000f9d   Thumb Code    34  stm32f4xx_rcc.o(.text)
    RCC_AHB2PeriphClockLPModeCmd             0x08000fbf   Thumb Code    34  stm32f4xx_rcc.o(.text)
    RCC_AHB3PeriphClockLPModeCmd             0x08000fe1   Thumb Code    34  stm32f4xx_rcc.o(.text)
    RCC_APB1PeriphClockLPModeCmd             0x08001003   Thumb Code    34  stm32f4xx_rcc.o(.text)
    RCC_APB2PeriphClockLPModeCmd             0x08001025   Thumb Code    34  stm32f4xx_rcc.o(.text)
    RCC_LSEModeConfig                        0x08001047   Thumb Code    40  stm32f4xx_rcc.o(.text)
    RCC_ITConfig                             0x0800106f   Thumb Code    34  stm32f4xx_rcc.o(.text)
    RCC_ClearFlag                            0x08001091   Thumb Code    18  stm32f4xx_rcc.o(.text)
    RCC_GetITStatus                          0x080010a3   Thumb Code    22  stm32f4xx_rcc.o(.text)
    RCC_ClearITPendingBit                    0x080010b9   Thumb Code     8  stm32f4xx_rcc.o(.text)
    USART_DeInit                             0x080010c5   Thumb Code   206  stm32f4xx_usart.o(.text)
    USART_Init                               0x08001193   Thumb Code   204  stm32f4xx_usart.o(.text)
    USART_StructInit                         0x0800125f   Thumb Code    24  stm32f4xx_usart.o(.text)
    USART_ClockInit                          0x08001277   Thumb Code    32  stm32f4xx_usart.o(.text)
    USART_ClockStructInit                    0x08001297   Thumb Code    12  stm32f4xx_usart.o(.text)
    USART_Cmd                                0x080012a3   Thumb Code    24  stm32f4xx_usart.o(.text)
    USART_SetPrescaler                       0x080012bb   Thumb Code    16  stm32f4xx_usart.o(.text)
    USART_OverSampling8Cmd                   0x080012cb   Thumb Code    22  stm32f4xx_usart.o(.text)
    USART_OneBitMethodCmd                    0x080012e1   Thumb Code    24  stm32f4xx_usart.o(.text)
    USART_SendData                           0x080012f9   Thumb Code     8  stm32f4xx_usart.o(.text)
    USART_ReceiveData                        0x08001301   Thumb Code    10  stm32f4xx_usart.o(.text)
    USART_SetAddress                         0x0800130b   Thumb Code    18  stm32f4xx_usart.o(.text)
    USART_ReceiverWakeUpCmd                  0x0800131d   Thumb Code    24  stm32f4xx_usart.o(.text)
    USART_WakeUpConfig                       0x08001335   Thumb Code    18  stm32f4xx_usart.o(.text)
    USART_LINBreakDetectLengthConfig         0x08001347   Thumb Code    18  stm32f4xx_usart.o(.text)
    USART_LINCmd                             0x08001359   Thumb Code    24  stm32f4xx_usart.o(.text)
    USART_SendBreak                          0x08001371   Thumb Code    10  stm32f4xx_usart.o(.text)
    USART_HalfDuplexCmd                      0x0800137b   Thumb Code    24  stm32f4xx_usart.o(.text)
    USART_SetGuardTime                       0x08001393   Thumb Code    16  stm32f4xx_usart.o(.text)
    USART_SmartCardCmd                       0x080013a3   Thumb Code    24  stm32f4xx_usart.o(.text)
    USART_SmartCardNACKCmd                   0x080013bb   Thumb Code    24  stm32f4xx_usart.o(.text)
    USART_IrDAConfig                         0x080013d3   Thumb Code    18  stm32f4xx_usart.o(.text)
    USART_IrDACmd                            0x080013e5   Thumb Code    24  stm32f4xx_usart.o(.text)
    USART_DMACmd                             0x080013fd   Thumb Code    18  stm32f4xx_usart.o(.text)
    USART_ITConfig                           0x0800140f   Thumb Code    74  stm32f4xx_usart.o(.text)
    USART_GetFlagStatus                      0x08001459   Thumb Code    26  stm32f4xx_usart.o(.text)
    USART_ClearFlag                          0x08001473   Thumb Code    18  stm32f4xx_usart.o(.text)
    USART_GetITStatus                        0x08001485   Thumb Code   118  stm32f4xx_usart.o(.text)
    USART_ClearITPendingBit                  0x080014fb   Thumb Code    30  stm32f4xx_usart.o(.text)
    TIM_DeInit                               0x08001519   Thumb Code   346  stm32f4xx_tim.o(.text)
    TIM_TimeBaseInit                         0x08001673   Thumb Code   104  stm32f4xx_tim.o(.text)
    TIM_TimeBaseStructInit                   0x080016db   Thumb Code    18  stm32f4xx_tim.o(.text)
    TIM_PrescalerConfig                      0x080016ed   Thumb Code     6  stm32f4xx_tim.o(.text)
    TIM_CounterModeConfig                    0x080016f3   Thumb Code    18  stm32f4xx_tim.o(.text)
    TIM_SetCounter                           0x08001705   Thumb Code     4  stm32f4xx_tim.o(.text)
    TIM_SetAutoreload                        0x08001709   Thumb Code     4  stm32f4xx_tim.o(.text)
    TIM_GetCounter                           0x0800170d   Thumb Code     6  stm32f4xx_tim.o(.text)
    TIM_GetPrescaler                         0x08001713   Thumb Code     6  stm32f4xx_tim.o(.text)
    TIM_UpdateDisableConfig                  0x08001719   Thumb Code    24  stm32f4xx_tim.o(.text)
    TIM_UpdateRequestConfig                  0x08001731   Thumb Code    24  stm32f4xx_tim.o(.text)
    TIM_ARRPreloadConfig                     0x08001749   Thumb Code    24  stm32f4xx_tim.o(.text)
    TIM_SelectOnePulseMode                   0x08001761   Thumb Code    18  stm32f4xx_tim.o(.text)
    TIM_SetClockDivision                     0x08001773   Thumb Code    18  stm32f4xx_tim.o(.text)
    TIM_Cmd                                  0x08001785   Thumb Code    24  stm32f4xx_tim.o(.text)
    TIM_OC1Init                              0x0800179d   Thumb Code   114  stm32f4xx_tim.o(.text)
    TIM_OC2Init                              0x0800180f   Thumb Code   154  stm32f4xx_tim.o(.text)
    TIM_OC3Init                              0x080018a9   Thumb Code   204  stm32f4xx_tim.o(.text)
    TIM_OC4Init                              0x08001975   Thumb Code   112  stm32f4xx_tim.o(.text)
    TIM_OCStructInit                         0x080019e5   Thumb Code    20  stm32f4xx_tim.o(.text)
    TIM_SelectOCxM                           0x080019f9   Thumb Code    86  stm32f4xx_tim.o(.text)
    TIM_SetCompare1                          0x08001a4f   Thumb Code     4  stm32f4xx_tim.o(.text)
    TIM_SetCompare2                          0x08001a53   Thumb Code     4  stm32f4xx_tim.o(.text)
    TIM_SetCompare3                          0x08001a57   Thumb Code     4  stm32f4xx_tim.o(.text)
    TIM_SetCompare4                          0x08001a5b   Thumb Code     4  stm32f4xx_tim.o(.text)
    TIM_ForcedOC1Config                      0x08001a5f   Thumb Code    18  stm32f4xx_tim.o(.text)
    TIM_ForcedOC2Config                      0x08001a71   Thumb Code    26  stm32f4xx_tim.o(.text)
    TIM_ForcedOC3Config                      0x08001a8b   Thumb Code    18  stm32f4xx_tim.o(.text)
    TIM_ForcedOC4Config                      0x08001a9d   Thumb Code    26  stm32f4xx_tim.o(.text)
    TIM_OC1PreloadConfig                     0x08001ab7   Thumb Code    18  stm32f4xx_tim.o(.text)
    TIM_OC2PreloadConfig                     0x08001ac9   Thumb Code    26  stm32f4xx_tim.o(.text)
    TIM_OC3PreloadConfig                     0x08001ae3   Thumb Code    18  stm32f4xx_tim.o(.text)
    TIM_OC4PreloadConfig                     0x08001af5   Thumb Code    26  stm32f4xx_tim.o(.text)
    TIM_OC1FastConfig                        0x08001b0f   Thumb Code    18  stm32f4xx_tim.o(.text)
    TIM_OC2FastConfig                        0x08001b21   Thumb Code    26  stm32f4xx_tim.o(.text)
    TIM_OC3FastConfig                        0x08001b3b   Thumb Code    18  stm32f4xx_tim.o(.text)
    TIM_OC4FastConfig                        0x08001b4d   Thumb Code    26  stm32f4xx_tim.o(.text)
    TIM_ClearOC1Ref                          0x08001b67   Thumb Code    18  stm32f4xx_tim.o(.text)
    TIM_ClearOC2Ref                          0x08001b79   Thumb Code    24  stm32f4xx_tim.o(.text)
    TIM_ClearOC3Ref                          0x08001b91   Thumb Code    18  stm32f4xx_tim.o(.text)
    TIM_ClearOC4Ref                          0x08001ba3   Thumb Code    24  stm32f4xx_tim.o(.text)
    TIM_OC1PolarityConfig                    0x08001bbb   Thumb Code    18  stm32f4xx_tim.o(.text)
    TIM_OC1NPolarityConfig                   0x08001bcd   Thumb Code    18  stm32f4xx_tim.o(.text)
    TIM_OC2PolarityConfig                    0x08001bdf   Thumb Code    26  stm32f4xx_tim.o(.text)
    TIM_OC2NPolarityConfig                   0x08001bf9   Thumb Code    26  stm32f4xx_tim.o(.text)
    TIM_OC3PolarityConfig                    0x08001c13   Thumb Code    26  stm32f4xx_tim.o(.text)
    TIM_OC3NPolarityConfig                   0x08001c2d   Thumb Code    26  stm32f4xx_tim.o(.text)
    TIM_OC4PolarityConfig                    0x08001c47   Thumb Code    26  stm32f4xx_tim.o(.text)
    TIM_CCxCmd                               0x08001c61   Thumb Code    30  stm32f4xx_tim.o(.text)
    TIM_CCxNCmd                              0x08001c7f   Thumb Code    30  stm32f4xx_tim.o(.text)
    TIM_SetIC4Prescaler                      0x08001c9d   Thumb Code    26  stm32f4xx_tim.o(.text)
    TIM_SetIC3Prescaler                      0x08001d07   Thumb Code    18  stm32f4xx_tim.o(.text)
    TIM_SetIC2Prescaler                      0x08001d61   Thumb Code    26  stm32f4xx_tim.o(.text)
    TIM_SetIC1Prescaler                      0x08001dd5   Thumb Code    18  stm32f4xx_tim.o(.text)
    TIM_ICInit                               0x08001e21   Thumb Code   110  stm32f4xx_tim.o(.text)
    TIM_ICStructInit                         0x08001e8f   Thumb Code    18  stm32f4xx_tim.o(.text)
    TIM_PWMIConfig                           0x08001ea1   Thumb Code   124  stm32f4xx_tim.o(.text)
    TIM_GetCapture1                          0x08001f1d   Thumb Code     6  stm32f4xx_tim.o(.text)
    TIM_GetCapture2                          0x08001f23   Thumb Code     6  stm32f4xx_tim.o(.text)
    TIM_GetCapture3                          0x08001f29   Thumb Code     6  stm32f4xx_tim.o(.text)
    TIM_GetCapture4                          0x08001f2f   Thumb Code     6  stm32f4xx_tim.o(.text)
    TIM_BDTRConfig                           0x08001f35   Thumb Code    32  stm32f4xx_tim.o(.text)
    TIM_BDTRStructInit                       0x08001f55   Thumb Code    18  stm32f4xx_tim.o(.text)
    TIM_CtrlPWMOutputs                       0x08001f67   Thumb Code    30  stm32f4xx_tim.o(.text)
    TIM_SelectCOM                            0x08001f85   Thumb Code    24  stm32f4xx_tim.o(.text)
    TIM_CCPreloadControl                     0x08001f9d   Thumb Code    24  stm32f4xx_tim.o(.text)
    TIM_ITConfig                             0x08001fb5   Thumb Code    18  stm32f4xx_tim.o(.text)
    TIM_GenerateEvent                        0x08001fc7   Thumb Code     4  stm32f4xx_tim.o(.text)
    TIM_GetFlagStatus                        0x08001fcb   Thumb Code    18  stm32f4xx_tim.o(.text)
    TIM_ClearFlag                            0x08001fdd   Thumb Code     6  stm32f4xx_tim.o(.text)
    TIM_GetITStatus                          0x08001fe3   Thumb Code    34  stm32f4xx_tim.o(.text)
    TIM_ClearITPendingBit                    0x08002005   Thumb Code     6  stm32f4xx_tim.o(.text)
    TIM_DMAConfig                            0x0800200b   Thumb Code    10  stm32f4xx_tim.o(.text)
    TIM_DMACmd                               0x08002015   Thumb Code    18  stm32f4xx_tim.o(.text)
    TIM_SelectCCDMA                          0x08002027   Thumb Code    24  stm32f4xx_tim.o(.text)
    TIM_InternalClockConfig                  0x0800203f   Thumb Code    12  stm32f4xx_tim.o(.text)
    TIM_SelectInputTrigger                   0x0800204b   Thumb Code    18  stm32f4xx_tim.o(.text)
    TIM_ITRxExternalClockConfig              0x0800205d   Thumb Code    24  stm32f4xx_tim.o(.text)
    TIM_TIxExternalClockConfig               0x08002075   Thumb Code    62  stm32f4xx_tim.o(.text)
    TIM_ETRConfig                            0x080020b3   Thumb Code    28  stm32f4xx_tim.o(.text)
    TIM_ETRClockMode1Config                  0x080020cf   Thumb Code    54  stm32f4xx_tim.o(.text)
    TIM_ETRClockMode2Config                  0x08002105   Thumb Code    32  stm32f4xx_tim.o(.text)
    TIM_SelectOutputTrigger                  0x08002125   Thumb Code    18  stm32f4xx_tim.o(.text)
    TIM_SelectSlaveMode                      0x08002137   Thumb Code    18  stm32f4xx_tim.o(.text)
    TIM_SelectMasterSlaveMode                0x08002149   Thumb Code    18  stm32f4xx_tim.o(.text)
    TIM_EncoderInterfaceConfig               0x0800215b   Thumb Code    66  stm32f4xx_tim.o(.text)
    TIM_SelectHallSensor                     0x0800219d   Thumb Code    24  stm32f4xx_tim.o(.text)
    TIM_RemapConfig                          0x080021b5   Thumb Code     6  stm32f4xx_tim.o(.text)
    CAN_DeInit                               0x080021bd   Thumb Code    50  stm32f4xx_can.o(.text)
    CAN_Init                                 0x080021ef   Thumb Code   276  stm32f4xx_can.o(.text)
    CAN_FilterInit                           0x08002303   Thumb Code   258  stm32f4xx_can.o(.text)
    CAN_StructInit                           0x08002405   Thumb Code    32  stm32f4xx_can.o(.text)
    CAN_SlaveStartBank                       0x08002425   Thumb Code    48  stm32f4xx_can.o(.text)
    CAN_DBGFreeze                            0x08002455   Thumb Code    22  stm32f4xx_can.o(.text)
    CAN_TTComModeCmd                         0x0800246b   Thumb Code   118  stm32f4xx_can.o(.text)
    CAN_Transmit                             0x080024e1   Thumb Code   304  stm32f4xx_can.o(.text)
    CAN_TransmitStatus                       0x08002611   Thumb Code   138  stm32f4xx_can.o(.text)
    CAN_CancelTransmit                       0x0800269b   Thumb Code    48  stm32f4xx_can.o(.text)
    CAN_Receive                              0x080026cb   Thumb Code   240  stm32f4xx_can.o(.text)
    CAN_FIFORelease                          0x080027bb   Thumb Code    22  stm32f4xx_can.o(.text)
    CAN_MessagePending                       0x080027d1   Thumb Code    30  stm32f4xx_can.o(.text)
    CAN_OperatingModeRequest                 0x080027ef   Thumb Code   162  stm32f4xx_can.o(.text)
    CAN_Sleep                                0x08002891   Thumb Code    30  stm32f4xx_can.o(.text)
    CAN_WakeUp                               0x080028af   Thumb Code    48  stm32f4xx_can.o(.text)
    CAN_GetLastErrorCode                     0x080028df   Thumb Code    12  stm32f4xx_can.o(.text)
    CAN_GetReceiveErrorCounter               0x080028eb   Thumb Code    10  stm32f4xx_can.o(.text)
    CAN_GetLSBTransmitErrorCounter           0x080028f5   Thumb Code    12  stm32f4xx_can.o(.text)
    CAN_ITConfig                             0x08002901   Thumb Code    18  stm32f4xx_can.o(.text)
    CAN_GetFlagStatus                        0x08002913   Thumb Code   120  stm32f4xx_can.o(.text)
    CAN_ClearFlag                            0x0800298b   Thumb Code    52  stm32f4xx_can.o(.text)
    CAN_GetITStatus                          0x080029d1   Thumb Code   310  stm32f4xx_can.o(.text)
    CAN_ClearITPendingBit                    0x08002b07   Thumb Code   162  stm32f4xx_can.o(.text)
    SysTick_Handler                          0x08002bad   Thumb Code    16  delay.o(.text)
    delay_init                               0x08002bbd   Thumb Code    58  delay.o(.text)
    delay_us                                 0x08002bf7   Thumb Code    68  delay.o(.text)
    delay_ms                                 0x08002c3b   Thumb Code    60  delay.o(.text)
    delay_xms                                0x08002c77   Thumb Code    24  delay.o(.text)
    led::led()                               0x08002c99   Thumb Code     2  led.o(.text)
    led::led__sub_object()                   0x08002c99   Thumb Code     0  led.o(.text)
    led::~led()                              0x08002c9b   Thumb Code     2  led.o(.text)
    led::~led__sub_object()                  0x08002c9b   Thumb Code     0  led.o(.text)
    led::init()                              0x08002c9d   Thumb Code    50  led.o(.text)
    led::on(unsigned char)                   0x08002ccf   Thumb Code    32  led.o(.text)
    led::off(unsigned char)                  0x08002cef   Thumb Code    32  led.o(.text)
    led::blink(unsigned char)                0x08002d0f   Thumb Code    54  led.o(.text)
    vListInitialise                          0x08002d4d   Thumb Code    26  list.o(.text)
    vListInitialiseItem                      0x08002d67   Thumb Code     6  list.o(.text)
    vListInsertEnd                           0x08002d6d   Thumb Code    24  list.o(.text)
    vListInsert                              0x08002d85   Thumb Code    52  list.o(.text)
    uxListRemove                             0x08002db9   Thumb Code    40  list.o(.text)
    xQueueGenericReset                       0x08002de1   Thumb Code   146  queue.o(.text)
    xQueueGenericCreate                      0x08002e9d   Thumb Code    90  queue.o(.text)
    xQueueGenericSend                        0x08003011   Thumb Code   420  queue.o(.text)
    xQueueCreateMutex                        0x080031d3   Thumb Code    34  queue.o(.text)
    xQueueGiveMutexRecursive                 0x080031f5   Thumb Code    78  queue.o(.text)
    xQueueSemaphoreTake                      0x08003271   Thumb Code   434  queue.o(.text)
    xQueueTakeMutexRecursive                 0x08003423   Thumb Code    78  queue.o(.text)
    xQueueCreateCountingSemaphore            0x08003471   Thumb Code    92  queue.o(.text)
    xQueueGenericSendFromISR                 0x080034cd   Thumb Code   248  queue.o(.text)
    xQueueGiveFromISR                        0x080035c5   Thumb Code   224  queue.o(.text)
    xQueueReceive                            0x080036cf   Thumb Code   362  queue.o(.text)
    xQueuePeek                               0x08003839   Thumb Code   362  queue.o(.text)
    xQueueReceiveFromISR                     0x080039a3   Thumb Code   202  queue.o(.text)
    xQueuePeekFromISR                        0x08003a6d   Thumb Code   176  queue.o(.text)
    uxQueueMessagesWaiting                   0x08003b1d   Thumb Code    42  queue.o(.text)
    uxQueueSpacesAvailable                   0x08003b47   Thumb Code    52  queue.o(.text)
    uxQueueMessagesWaitingFromISR            0x08003b7b   Thumb Code    34  queue.o(.text)
    vQueueUnregisterQueue                    0x08003b9d   Thumb Code    44  queue.o(.text)
    vQueueDelete                             0x08003bc9   Thumb Code    44  queue.o(.text)
    uxQueueGetQueueNumber                    0x08003bf5   Thumb Code     6  queue.o(.text)
    vQueueSetQueueNumber                     0x08003bfb   Thumb Code     4  queue.o(.text)
    ucQueueGetQueueType                      0x08003bff   Thumb Code     8  queue.o(.text)
    xQueueIsQueueEmptyFromISR                0x08003c07   Thumb Code    42  queue.o(.text)
    xQueueIsQueueFullFromISR                 0x08003c31   Thumb Code    46  queue.o(.text)
    vQueueAddToRegistry                      0x08003c5f   Thumb Code    38  queue.o(.text)
    pcQueueGetName                           0x08003c85   Thumb Code    38  queue.o(.text)
    vQueueWaitForMessageRestricted           0x08003cab   Thumb Code    74  queue.o(.text)
    xTaskCreate                              0x08003ea7   Thumb Code    96  tasks.o(.text)
    vTaskDelete                              0x08003f43   Thumb Code   202  tasks.o(.text)
    xTaskIncrementTick                       0x0800400d   Thumb Code   358  tasks.o(.text)
    xTaskResumeAll                           0x08004173   Thumb Code   224  tasks.o(.text)
    vTaskSuspendAll                          0x080042cf   Thumb Code    12  tasks.o(.text)
    vTaskDelayUntil                          0x080042db   Thumb Code   200  tasks.o(.text)
    vTaskDelay                               0x080043a3   Thumb Code    82  tasks.o(.text)
    eTaskGetState                            0x080043f5   Thumb Code   128  tasks.o(.text)
    uxTaskPriorityGet                        0x08004475   Thumb Code    30  tasks.o(.text)
    uxTaskPriorityGetFromISR                 0x08004493   Thumb Code    62  tasks.o(.text)
    vTaskPrioritySet                         0x080044d1   Thumb Code   324  tasks.o(.text)
    vTaskSwitchContext                       0x08004615   Thumb Code   118  tasks.o(.text)
    vTaskSuspend                             0x0800468b   Thumb Code   210  tasks.o(.text)
    vTaskResume                              0x080047ad   Thumb Code   128  tasks.o(.text)
    xTaskResumeFromISR                       0x0800482d   Thumb Code   158  tasks.o(.text)
    vTaskStartScheduler                      0x08004929   Thumb Code   192  tasks.o(.text)
    vTaskEndScheduler                        0x080049e9   Thumb Code    32  tasks.o(.text)
    xTaskGetTickCount                        0x08004a09   Thumb Code     6  tasks.o(.text)
    xTaskGetTickCountFromISR                 0x08004a0f   Thumb Code    16  tasks.o(.text)
    uxTaskGetNumberOfTasks                   0x08004a1f   Thumb Code     6  tasks.o(.text)
    pcTaskGetName                            0x08004a25   Thumb Code    44  tasks.o(.text)
    vTaskGetInfo                             0x08004a67   Thumb Code   126  tasks.o(.text)
    uxTaskGetSystemState                     0x08004b4f   Thumb Code   152  tasks.o(.text)
    vTaskPlaceOnEventList                    0x08004be7   Thumb Code    52  tasks.o(.text)
    vTaskPlaceOnUnorderedEventList           0x08004c1b   Thumb Code   100  tasks.o(.text)
    vTaskPlaceOnEventListRestricted          0x08004c7f   Thumb Code    60  tasks.o(.text)
    xTaskRemoveFromEventList                 0x08004cbb   Thumb Code   128  tasks.o(.text)
    vTaskRemoveFromUnorderedEventList        0x08004d3b   Thumb Code   142  tasks.o(.text)
    vTaskSetTimeOutState                     0x08004dc9   Thumb Code   102  tasks.o(.text)
    vTaskInternalSetTimeOutState             0x08004e2f   Thumb Code    14  tasks.o(.text)
    xTaskCheckForTimeOut                     0x08004e3d   Thumb Code   132  tasks.o(.text)
    vTaskMissedYield                         0x08004ec1   Thumb Code     8  tasks.o(.text)
    uxTaskGetTaskNumber                      0x08004ec9   Thumb Code    14  tasks.o(.text)
    vTaskSetTaskNumber                       0x08004ed7   Thumb Code     8  tasks.o(.text)
    xTaskGetCurrentTaskHandle                0x08004edf   Thumb Code     6  tasks.o(.text)
    xTaskGetSchedulerState                   0x08004ee5   Thumb Code    24  tasks.o(.text)
    xTaskPriorityInherit                     0x08004efd   Thumb Code   186  tasks.o(.text)
    xTaskPriorityDisinherit                  0x08004fb7   Thumb Code   188  tasks.o(.text)
    vTaskPriorityDisinheritAfterTimeout      0x08005073   Thumb Code   230  tasks.o(.text)
    uxTaskResetEventItemValue                0x08005159   Thumb Code    24  tasks.o(.text)
    pvTaskIncrementMutexHeldCount            0x08005171   Thumb Code    26  tasks.o(.text)
    ulTaskNotifyTake                         0x0800518b   Thumb Code   108  tasks.o(.text)
    xTaskNotifyWait                          0x080051f7   Thumb Code   188  tasks.o(.text)
    xTaskGenericNotify                       0x080052b3   Thumb Code   280  tasks.o(.text)
    xTaskGenericNotifyFromISR                0x080053cb   Thumb Code   334  tasks.o(.text)
    vTaskNotifyGiveFromISR                   0x08005519   Thumb Code   214  tasks.o(.text)
    xTaskNotifyStateClear                    0x080055ef   Thumb Code    48  tasks.o(.text)
    xTimerGenericCommand                     0x0800568d   Thumb Code   126  timers.o(.text)
    xTimerCreateTimerTask                    0x08005a03   Thumb Code   118  timers.o(.text)
    xTimerCreate                             0x08005ac7   Thumb Code    48  timers.o(.text)
    xTimerGetTimerDaemonTaskHandle           0x08005af7   Thumb Code    42  timers.o(.text)
    xTimerGetPeriod                          0x08005b21   Thumb Code    32  timers.o(.text)
    xTimerGetExpiryTime                      0x08005b41   Thumb Code    34  timers.o(.text)
    pcTimerGetName                           0x08005b63   Thumb Code    32  timers.o(.text)
    xTimerIsTimerActive                      0x08005b83   Thumb Code    62  timers.o(.text)
    pvTimerGetTimerID                        0x08005bc1   Thumb Code    44  timers.o(.text)
    vTimerSetTimerID                         0x08005bed   Thumb Code    44  timers.o(.text)
    uxTimerGetTimerNumber                    0x08005c19   Thumb Code     6  timers.o(.text)
    vTimerSetTimerNumber                     0x08005c1f   Thumb Code     4  timers.o(.text)
    pxPortInitialiseStack                    0x08005c65   Thumb Code    38  port.o(.text)
    vPortSetupTimerInterrupt                 0x08005c8b   Thumb Code    36  port.o(.text)
    xPortStartScheduler                      0x08005caf   Thumb Code   330  port.o(.text)
    vPortEndScheduler                        0x08005df9   Thumb Code    42  port.o(.text)
    vPortEnterCritical                       0x08005e23   Thumb Code    78  port.o(.text)
    vPortExitCritical                        0x08005e71   Thumb Code    56  port.o(.text)
    xPortSysTickHandler                      0x08005ea9   Thumb Code    48  port.o(.text)
    vPortValidateInterruptPriority           0x08005ed9   Thumb Code   108  port.o(.text)
    pvPortMalloc                             0x0800602b   Thumb Code   296  heap_4.o(.text)
    vPortFree                                0x08006153   Thumb Code   140  heap_4.o(.text)
    xPortGetFreeHeapSize                     0x080061df   Thumb Code     6  heap_4.o(.text)
    xPortGetMinimumEverFreeHeapSize          0x080061e5   Thumb Code     6  heap_4.o(.text)
    vPortInitialiseBlocks                    0x080061eb   Thumb Code     2  heap_4.o(.text)
    xMBPortEventInit                         0x08006205   Thumb Code    10  portevent.o(.text)
    xMBPortEventPost                         0x0800620f   Thumb Code    16  portevent.o(.text)
    xMBPortEventGet                          0x0800621f   Thumb Code    26  portevent.o(.text)
    vMBPortSerialEnable                      0x08006241   Thumb Code    64  portserial.o(.text)
    xMBPortSerialInit                        0x08006281   Thumb Code   170  portserial.o(.text)
    xMBPortSerialPutByte                     0x0800632b   Thumb Code    16  portserial.o(.text)
    xMBPortSerialGetByte                     0x0800633b   Thumb Code    16  portserial.o(.text)
    USART1_IRQHandler                        0x0800635f   Thumb Code    60  portserial.o(.text)
    xMBPortTimersInit                        0x080063ad   Thumb Code   112  porttimer.o(.text)
    vMBPortTimersEnable                      0x0800641d   Thumb Code    38  porttimer.o(.text)
    vMBPortTimersDisable                     0x08006443   Thumb Code    38  porttimer.o(.text)
    TIM3_IRQHandler                          0x08006473   Thumb Code    26  porttimer.o(.text)
    eMBInit                                  0x08006495   Thumb Code   222  mb.o(.text)
    eMBRegisterCB                            0x08006573   Thumb Code   138  mb.o(.text)
    eMBClose                                 0x080065fd   Thumb Code    32  mb.o(.text)
    eMBEnable                                0x0800661d   Thumb Code    32  mb.o(.text)
    eMBDisable                               0x0800663d   Thumb Code    42  mb.o(.text)
    eMBPoll                                  0x08006667   Thumb Code   268  mb.o(.text)
    usMBCRC16                                0x080067f1   Thumb Code    48  mbcrc.o(.text)
    eMBRTUInit                               0x08006829   Thumb Code    84  mbrtu.o(.text)
    eMBRTUStart                              0x0800687d   Thumb Code    30  mbrtu.o(.text)
    eMBRTUStop                               0x0800689b   Thumb Code    24  mbrtu.o(.text)
    eMBRTUReceive                            0x080068b3   Thumb Code    98  mbrtu.o(.text)
    eMBRTUSend                               0x08006915   Thumb Code   154  mbrtu.o(.text)
    xMBRTUReceiveFSM                         0x080069af   Thumb Code   140  mbrtu.o(.text)
    xMBRTUTransmitFSM                        0x08006a3b   Thumb Code   116  mbrtu.o(.text)
    xMBRTUTimerT35Expired                    0x08006aaf   Thumb Code    96  mbrtu.o(.text)
    eMBASCIIInit                             0x08006bb5   Thumb Code    68  mbascii.o(.text)
    eMBASCIIStart                            0x08006bf9   Thumb Code    32  mbascii.o(.text)
    eMBASCIIStop                             0x08006c19   Thumb Code    24  mbascii.o(.text)
    eMBASCIIReceive                          0x08006c51   Thumb Code    96  mbascii.o(.text)
    eMBASCIISend                             0x08006cb1   Thumb Code   110  mbascii.o(.text)
    xMBASCIIReceiveFSM                       0x08006d45   Thumb Code   296  mbascii.o(.text)
    xMBASCIITransmitFSM                      0x08006e99   Thumb Code   240  mbascii.o(.text)
    xMBASCIITimerT1SExpired                  0x08006f89   Thumb Code   242  mbascii.o(.text)
    eMBFuncReadCoils                         0x08007081   Thumb Code   166  mbfunccoils.o(.text)
    eMBFuncWriteCoil                         0x08007127   Thumb Code   108  mbfunccoils.o(.text)
    eMBFuncWriteMultipleCoils                0x08007193   Thumb Code   142  mbfunccoils.o(.text)
    eMBFuncReadDiscreteInputs                0x08007221   Thumb Code   164  mbfuncdisc.o(.text)
    eMBFuncWriteHoldingRegister              0x080072c5   Thumb Code    62  mbfuncholding.o(.text)
    eMBFuncWriteMultipleHoldingRegister      0x08007303   Thumb Code   106  mbfuncholding.o(.text)
    eMBFuncReadHoldingRegister               0x0800736d   Thumb Code   132  mbfuncholding.o(.text)
    eMBFuncReadWriteMultipleHoldingRegister  0x080073f1   Thumb Code   212  mbfuncholding.o(.text)
    eMBFuncReadInputRegister                 0x080074c5   Thumb Code   132  mbfuncinput.o(.text)
    eMBSetSlaveID                            0x08007549   Thumb Code   110  mbfuncother.o(.text)
    eMBFuncReportSlaveID                     0x080075b7   Thumb Code    30  mbfuncother.o(.text)
    xMBUtilSetBits                           0x080075dd   Thumb Code   104  mbutils.o(.text)
    xMBUtilGetBits                           0x08007645   Thumb Code    42  mbutils.o(.text)
    prveMBError2Exception                    0x0800766f   Thumb Code    34  mbutils.o(.text)
    eMBRegInputCB                            0x080076cd   Thumb Code    68  freemodbus.o(.text)
    eMBRegHoldingCB                          0x08007711   Thumb Code   124  freemodbus.o(.text)
    eMBRegCoilsCB                            0x0800778d   Thumb Code   146  freemodbus.o(.text)
    eMBRegDiscreteCB                         0x0800781f   Thumb Code    90  freemodbus.o(.text)
    CAN1_Mode_Init                           0x08007891   Thumb Code   288  can.o(.text)
    CAN1_RX0_IRQHandler                      0x080079b1   Thumb Code    36  can.o(.text)
    CAN1_TX_IRQHandler                       0x080079d5   Thumb Code    22  can.o(.text)
    CAN1_Send_Frame                          0x080079eb   Thumb Code   124  can.o(.text)
    CAN1_Receive_Msg                         0x08007a67   Thumb Code    60  can.o(.text)
    CanInit                                  0x08007aa3   Thumb Code    18  can.o(.text)
    Sdo_WrU32                                0x08007ab5   Thumb Code    76  can.o(.text)
    Sdo_WrU16                                0x08007b01   Thumb Code    74  can.o(.text)
    Sdo_WrU8                                 0x08007b4b   Thumb Code    72  can.o(.text)
    NMT_Start                                0x08007b93   Thumb Code    28  can.o(.text)
    NMT_Stop                                 0x08007baf   Thumb Code    28  can.o(.text)
    NMT_PreSTA                               0x08007bcb   Thumb Code    28  can.o(.text)
    NMT_RstNode                              0x08007be7   Thumb Code    28  can.o(.text)
    NMT_RstComm                              0x08007c03   Thumb Code    28  can.o(.text)
    TX_PDO1                                  0x08007c1f   Thumb Code    34  can.o(.text)
    SetMotorCtrlword                         0x08007c41   Thumb Code    16  can.o(.text)
    TX_PDO2                                  0x08007c51   Thumb Code    60  can.o(.text)
    TX_PDO3                                  0x08007c8d   Thumb Code    56  can.o(.text)
    TX_PDO4                                  0x08007cc5   Thumb Code    26  can.o(.text)
    StartMotor                               0x08007cdf   Thumb Code    28  can.o(.text)
    RX_PDO1                                  0x08007cfb   Thumb Code    20  can.o(.text)
    __aeabi_assert                           0x08007d11   Thumb Code    84  assert.o(.text)
    __assert                                 0x08007d11   Thumb Code     0  assert.o(.text)
    __aeabi_memcpy                           0x08007d8d   Thumb Code     0  rt_memcpy_v6.o(.text)
    __rt_memcpy                              0x08007d8d   Thumb Code   138  rt_memcpy_v6.o(.text)
    _memcpy_lastbytes                        0x08007df3   Thumb Code     0  rt_memcpy_v6.o(.text)
    __aeabi_memset                           0x08007e17   Thumb Code    16  aeabi_memset.o(.text)
    __use_two_region_memory                  0x08007e27   Thumb Code     2  heapauxi.o(.text)
    __rt_heap_escrow                         0x08007e29   Thumb Code     2  heapauxi.o(.text)
    __rt_heap_expand                         0x08007e2b   Thumb Code     2  heapauxi.o(.text)
    abort                                    0x08007e2d   Thumb Code    16  abort.o(.text)
    __assert_puts                            0x08007e3d   Thumb Code    20  assert_puts.o(.text)
    __aeabi_memcpy4                          0x08007e51   Thumb Code     0  rt_memcpy_w.o(.text)
    __aeabi_memcpy8                          0x08007e51   Thumb Code     0  rt_memcpy_w.o(.text)
    __rt_memcpy_w                            0x08007e51   Thumb Code   100  rt_memcpy_w.o(.text)
    _memcpy_lastbytes_aligned                0x08007e99   Thumb Code     0  rt_memcpy_w.o(.text)
    __aeabi_memclr                           0x08007eb5   Thumb Code     0  rt_memclr.o(.text)
    __rt_memclr                              0x08007eb5   Thumb Code    68  rt_memclr.o(.text)
    _memset                                  0x08007eb9   Thumb Code     0  rt_memclr.o(.text)
    _ttywrch                                 0x08007ef9   Thumb Code    14  sys_wrch.o(.text)
    _sys_exit                                0x08007f09   Thumb Code     8  sys_exit.o(.text)
    __rt_SIGABRT                             0x08007f15   Thumb Code    14  defsig_abrt_outer.o(.text)
    __aeabi_memclr4                          0x08007f23   Thumb Code     0  rt_memclr_w.o(.text)
    __aeabi_memclr8                          0x08007f23   Thumb Code     0  rt_memclr_w.o(.text)
    __rt_memclr_w                            0x08007f23   Thumb Code    78  rt_memclr_w.o(.text)
    _memset_w                                0x08007f27   Thumb Code     0  rt_memclr_w.o(.text)
    __user_libspace                          0x08007f71   Thumb Code     8  libspace.o(.text)
    __user_perproc_libspace                  0x08007f71   Thumb Code     0  libspace.o(.text)
    __user_perthread_libspace                0x08007f71   Thumb Code     0  libspace.o(.text)
    __I$use$semihosting                      0x08007f79   Thumb Code     0  use_no_semi.o(.text)
    __use_no_semihosting_swi                 0x08007f79   Thumb Code     2  use_no_semi.o(.text)
    __semihosting_library_function           0x08007f7b   Thumb Code     0  indicate_semi.o(.text)
    __user_setup_stackheap                   0x08007f7b   Thumb Code    74  sys_stackheap_outer.o(.text)
    exit                                     0x08007fc5   Thumb Code    12  exit.o(.text)
    __sig_exit                               0x08007fd1   Thumb Code    10  defsig_exit.o(.text)
    __rt_SIGABRT_inner                       0x08007fdd   Thumb Code    14  defsig_abrt_inner.o(.text)
    __default_signal_display                 0x0800800d   Thumb Code    50  defsig_general.o(.text)
    _fp_init                                 0x0800803f   Thumb Code    10  fpinit.o(x$fpl$fpinit)
    __fplib_config_fpu_vfp                   0x08008047   Thumb Code     0  fpinit.o(x$fpl$fpinit)
    __fplib_config_pureend_doubles           0x08008047   Thumb Code     0  fpinit.o(x$fpl$fpinit)
    Region$$Table$$Base                      0x080082f0   Number         0  anon$$obj.o(Region$$Table)
    Region$$Table$$Limit                     0x08008310   Number         0  anon$$obj.o(Region$$Table)
    SystemCoreClock                          0x20000000   Data           4  system_stm32f4xx.o(.data)
    AHBPrescTable                            0x20000004   Data          16  system_stm32f4xx.o(.data)
    StartTask_Handler                        0x20000014   Data           4  main.o(.data)
    ModbusTask_Handler                       0x20000018   Data           4  main.o(.data)
    CanTestTask_Handler                      0x2000001c   Data           4  main.o(.data)
    LEDTask_Handler                          0x20000020   Data           4  main.o(.data)
    pxCurrentTCB                             0x20000038   Data           4  tasks.o(.data)
    pxMBFrameCBByteReceived                  0x200000c8   Data           4  mb.o(.data)
    pxMBFrameCBTransmitterEmpty              0x200000cc   Data           4  mb.o(.data)
    pxMBPortCBTimerExpired                   0x200000d0   Data           4  mb.o(.data)
    pxMBFrameCBReceiveFSMCur                 0x200000d4   Data           4  mb.o(.data)
    pxMBFrameCBTransmitFSMCur                0x200000d8   Data           4  mb.o(.data)
    usRegInputBuf                            0x2000018a   Data          32  freemodbus.o(.data)
    usRegInputStart                          0x200001aa   Data           2  freemodbus.o(.data)
    usRegHoldingStart                        0x200001ac   Data           2  freemodbus.o(.data)
    ucRegCoilsBuf                            0x200001ae   Data           2  freemodbus.o(.data)
    ucRegDiscreteBuf                         0x200001b0   Data           2  freemodbus.o(.data)
    xQueueRegistry                           0x200001b4   Data          64  queue.o(.bss)
    ucRTUBuf                                 0x20012ee4   Data         256  mbrtu.o(.bss)
    usRegHoldingBuf                          0x20013004   Data         512  freemodbus.o(.bss)
    __libspace_start                         0x20013204   Data          96  libspace.o(.bss)
    __temporary_stack_top$libspace           0x20013264   Data           0  libspace.o(.bss)



==============================================================================

Memory Map of the image

  Image Entry point : 0x08000189

  Load Region LR_IROM1 (Base: 0x08000000, Size: 0x000084c4, Max: 0x00080000, ABSOLUTE, COMPRESSED[0x0000838c])

    Execution Region ER_IROM1 (Base: 0x08000000, Size: 0x00008310, Max: 0x00080000, ABSOLUTE)

    Base Addr    Size         Type   Attr      Idx    E Section Name        Object

    0x08000000   0x00000188   Data   RO          366    RESET               startup_stm32f40_41xxx.o
    0x08000188   0x00000008   Code   RO         1374  * !!!main             c_w.l(__main.o)
    0x08000190   0x00000034   Code   RO         1704    !!!scatter          c_w.l(__scatter.o)
    0x080001c4   0x0000005a   Code   RO         1702    !!dczerorl2         c_w.l(__dczerorl2.o)
    0x0800021e   0x00000002   PAD
    0x08000220   0x0000001c   Code   RO         1706    !!handler_zi        c_w.l(__scatter_zi.o)
    0x0800023c   0x00000002   Code   RO         1570    .ARM.Collect$$libinit$$00000000  c_w.l(libinit.o)
    0x0800023e   0x00000004   Code   RO         1571    .ARM.Collect$$libinit$$00000001  c_w.l(libinit2.o)
    0x08000242   0x00000000   Code   RO         1575    .ARM.Collect$$libinit$$00000008  c_w.l(libinit2.o)
    0x08000242   0x00000000   Code   RO         1577    .ARM.Collect$$libinit$$0000000A  c_w.l(libinit2.o)
    0x08000242   0x00000000   Code   RO         1579    .ARM.Collect$$libinit$$0000000C  c_w.l(libinit2.o)
    0x08000242   0x00000000   Code   RO         1582    .ARM.Collect$$libinit$$0000000F  c_w.l(libinit2.o)
    0x08000242   0x00000000   Code   RO         1584    .ARM.Collect$$libinit$$00000011  c_w.l(libinit2.o)
    0x08000242   0x00000000   Code   RO         1586    .ARM.Collect$$libinit$$00000013  c_w.l(libinit2.o)
    0x08000242   0x00000000   Code   RO         1588    .ARM.Collect$$libinit$$00000015  c_w.l(libinit2.o)
    0x08000242   0x00000000   Code   RO         1590    .ARM.Collect$$libinit$$00000017  c_w.l(libinit2.o)
    0x08000242   0x00000000   Code   RO         1592    .ARM.Collect$$libinit$$00000019  c_w.l(libinit2.o)
    0x08000242   0x00000000   Code   RO         1594    .ARM.Collect$$libinit$$0000001B  c_w.l(libinit2.o)
    0x08000242   0x00000000   Code   RO         1596    .ARM.Collect$$libinit$$0000001D  c_w.l(libinit2.o)
    0x08000242   0x00000000   Code   RO         1598    .ARM.Collect$$libinit$$0000001F  c_w.l(libinit2.o)
    0x08000242   0x00000000   Code   RO         1600    .ARM.Collect$$libinit$$00000021  c_w.l(libinit2.o)
    0x08000242   0x00000000   Code   RO         1602    .ARM.Collect$$libinit$$00000023  c_w.l(libinit2.o)
    0x08000242   0x00000000   Code   RO         1606    .ARM.Collect$$libinit$$0000002A  c_w.l(libinit2.o)
    0x08000242   0x00000000   Code   RO         1608    .ARM.Collect$$libinit$$0000002C  c_w.l(libinit2.o)
    0x08000242   0x00000000   Code   RO         1610    .ARM.Collect$$libinit$$0000002E  c_w.l(libinit2.o)
    0x08000242   0x00000000   Code   RO         1612    .ARM.Collect$$libinit$$00000030  c_w.l(libinit2.o)
    0x08000242   0x00000002   Code   RO         1613    .ARM.Collect$$libinit$$00000031  c_w.l(libinit2.o)
    0x08000244   0x00000002   Code   RO         1684    .ARM.Collect$$libshutdown$$00000000  c_w.l(libshutdown.o)
    0x08000246   0x00000000   Code   RO         1687    .ARM.Collect$$libshutdown$$00000003  c_w.l(libshutdown2.o)
    0x08000246   0x00000000   Code   RO         1690    .ARM.Collect$$libshutdown$$00000006  c_w.l(libshutdown2.o)
    0x08000246   0x00000000   Code   RO         1693    .ARM.Collect$$libshutdown$$00000009  c_w.l(libshutdown2.o)
    0x08000246   0x00000000   Code   RO         1695    .ARM.Collect$$libshutdown$$0000000B  c_w.l(libshutdown2.o)
    0x08000246   0x00000000   Code   RO         1698    .ARM.Collect$$libshutdown$$0000000E  c_w.l(libshutdown2.o)
    0x08000246   0x00000002   Code   RO         1699    .ARM.Collect$$libshutdown$$0000000F  c_w.l(libshutdown2.o)
    0x08000248   0x00000000   Code   RO         1386    .ARM.Collect$$rtentry$$00000000  c_w.l(rtentry.o)
    0x08000248   0x00000000   Code   RO         1418    .ARM.Collect$$rtentry$$00000002  c_w.l(rtentry2.o)
    0x08000248   0x00000006   Code   RO         1430    .ARM.Collect$$rtentry$$00000004  c_w.l(rtentry4.o)
    0x0800024e   0x00000000   Code   RO         1420    .ARM.Collect$$rtentry$$00000009  c_w.l(rtentry2.o)
    0x0800024e   0x00000004   Code   RO         1421    .ARM.Collect$$rtentry$$0000000A  c_w.l(rtentry2.o)
    0x08000252   0x00000000   Code   RO         1423    .ARM.Collect$$rtentry$$0000000C  c_w.l(rtentry2.o)
    0x08000252   0x00000008   Code   RO         1424    .ARM.Collect$$rtentry$$0000000D  c_w.l(rtentry2.o)
    0x0800025a   0x00000002   Code   RO         1619    .ARM.Collect$$rtexit$$00000000  c_w.l(rtexit.o)
    0x0800025c   0x00000000   Code   RO         1648    .ARM.Collect$$rtexit$$00000002  c_w.l(rtexit2.o)
    0x0800025c   0x00000004   Code   RO         1649    .ARM.Collect$$rtexit$$00000003  c_w.l(rtexit2.o)
    0x08000260   0x00000006   Code   RO         1650    .ARM.Collect$$rtexit$$00000004  c_w.l(rtexit2.o)
    0x08000266   0x00000002   PAD
    0x08000268   0x00000010   Code   RO          692    .emb_text           sys.o
    0x08000278   0x000000be   Code   RO          883    .emb_text           port.o
    0x08000336   0x00000014   Code   RO            5    .text               stm32f4xx_it.o
    0x0800034a   0x00000002   PAD
    0x0800034c   0x00000210   Code   RO          138    .text               system_stm32f4xx.o
    0x0800055c   0x00000158   Code   RO          167    .text               main.o
    0x080006b4   0x00000040   Code   RO          367    .text               startup_stm32f40_41xxx.o
    0x080006f4   0x000000e0   Code   RO          375    .text               misc.o
    0x080007d4   0x00000294   Code   RO          424    .text               stm32f4xx_gpio.o
    0x08000a68   0x0000065c   Code   RO          447    .text               stm32f4xx_rcc.o
    0x080010c4   0x00000454   Code   RO          495    .text               stm32f4xx_usart.o
    0x08001518   0x00000ca2   Code   RO          518    .text               stm32f4xx_tim.o
    0x080021ba   0x00000002   PAD
    0x080021bc   0x000009f0   Code   RO          541    .text               stm32f4xx_can.o
    0x08002bac   0x000000ec   Code   RO          633    .text               delay.o
    0x08002c98   0x000000b4   Code   RO          715    .text               led.o
    0x08002d4c   0x00000094   Code   RO          786    .text               list.o
    0x08002de0   0x00000f18   Code   RO          802    .text               queue.o
    0x08003cf8   0x00001944   Code   RO          825    .text               tasks.o
    0x0800563c   0x000005ec   Code   RO          849    .text               timers.o
    0x08005c28   0x00000340   Code   RO          885    .text               port.o
    0x08005f68   0x0000029c   Code   RO          915    .text               heap_4.o
    0x08006204   0x0000003c   Code   RO          935    .text               portevent.o
    0x08006240   0x0000016c   Code   RO          979    .text               portserial.o
    0x080063ac   0x000000e8   Code   RO         1008    .text               porttimer.o
    0x08006494   0x0000035c   Code   RO         1031    .text               mb.o
    0x080067f0   0x00000038   Code   RO         1078    .text               mbcrc.o
    0x08006828   0x0000038c   Code   RO         1103    .text               mbrtu.o
    0x08006bb4   0x000004cc   Code   RO         1134    .text               mbascii.o
    0x08007080   0x000001a0   Code   RO         1161    .text               mbfunccoils.o
    0x08007220   0x000000a4   Code   RO         1188    .text               mbfuncdisc.o
    0x080072c4   0x00000200   Code   RO         1212    .text               mbfuncholding.o
    0x080074c4   0x00000084   Code   RO         1236    .text               mbfuncinput.o
    0x08007548   0x00000094   Code   RO         1259    .text               mbfuncother.o
    0x080075dc   0x000000f0   Code   RO         1285    .text               mbutils.o
    0x080076cc   0x000001c4   Code   RO         1309    .text               freemodbus.o
    0x08007890   0x0000047e   Code   RO         1342    .text               can.o
    0x08007d0e   0x00000002   PAD
    0x08007d10   0x0000007c   Code   RO         1366    .text               c_w.l(assert.o)
    0x08007d8c   0x0000008a   Code   RO         1368    .text               c_w.l(rt_memcpy_v6.o)
    0x08007e16   0x00000010   Code   RO         1370    .text               c_w.l(aeabi_memset.o)
    0x08007e26   0x00000006   Code   RO         1372    .text               c_w.l(heapauxi.o)
    0x08007e2c   0x00000010   Code   RO         1387    .text               c_w.l(abort.o)
    0x08007e3c   0x00000014   Code   RO         1389    .text               c_w.l(assert_puts.o)
    0x08007e50   0x00000064   Code   RO         1391    .text               c_w.l(rt_memcpy_w.o)
    0x08007eb4   0x00000044   Code   RO         1393    .text               c_w.l(rt_memclr.o)
    0x08007ef8   0x0000000e   Code   RO         1413    .text               c_w.l(sys_wrch.o)
    0x08007f06   0x00000002   PAD
    0x08007f08   0x0000000c   Code   RO         1415    .text               c_w.l(sys_exit.o)
    0x08007f14   0x0000000e   Code   RO         1499    .text               c_w.l(defsig_abrt_outer.o)
    0x08007f22   0x0000004e   Code   RO         1503    .text               c_w.l(rt_memclr_w.o)
    0x08007f70   0x00000008   Code   RO         1517    .text               c_w.l(libspace.o)
    0x08007f78   0x00000002   Code   RO         1520    .text               c_w.l(use_no_semi.o)
    0x08007f7a   0x00000000   Code   RO         1524    .text               c_w.l(indicate_semi.o)
    0x08007f7a   0x0000004a   Code   RO         1525    .text               c_w.l(sys_stackheap_outer.o)
    0x08007fc4   0x0000000c   Code   RO         1554    .text               c_w.l(exit.o)
    0x08007fd0   0x0000000a   Code   RO         1559    .text               c_w.l(defsig_exit.o)
    0x08007fda   0x00000002   PAD
    0x08007fdc   0x00000030   Code   RO         1561    .text               c_w.l(defsig_abrt_inner.o)
    0x0800800c   0x00000032   Code   RO         1631    .text               c_w.l(defsig_general.o)
    0x0800803e   0x0000000a   Code   RO         1645    x$fpl$fpinit        fz_wm.l(fpinit.o)
    0x08008048   0x00000200   Data   RO         1080    .constdata          mbcrc.o
    0x08008248   0x00000063   Data   RO         1106    .conststring        mbrtu.o
    0x080082ab   0x00000001   PAD
    0x080082ac   0x00000044   Data   RO         1136    .conststring        mbascii.o
    0x080082f0   0x00000020   Data   RO         1700    Region$$Table       anon$$obj.o


    Execution Region RW_IRAM1 (Base: 0x20000000, Size: 0x00013868, Max: 0x00020000, ABSOLUTE, COMPRESSED[0x0000007c])

    Base Addr    Size         Type   Attr      Idx    E Section Name        Object

    0x20000000   0x00000014   Data   RW          140    .data               system_stm32f4xx.o
    0x20000014   0x00000010   Data   RW          172    .data               main.o
    0x20000024   0x00000010   Data   RW          449    .data               stm32f4xx_rcc.o
    0x20000034   0x00000004   Data   RW          635    .data               delay.o
    0x20000038   0x0000003c   Data   RW          829    .data               tasks.o
    0x20000074   0x00000014   Data   RW          852    .data               timers.o
    0x20000088   0x0000000c   Data   RW          887    .data               port.o
    0x20000094   0x00000018   Data   RW          918    .data               heap_4.o
    0x200000ac   0x00000002   Data   RW          937    .data               portevent.o
    0x200000ae   0x00000002   PAD
    0x200000b0   0x000000b5   Data   RW         1033    .data               mb.o
    0x20000165   0x00000003   PAD
    0x20000168   0x0000000c   Data   RW         1107    .data               mbrtu.o
    0x20000174   0x00000014   Data   RW         1137    .data               mbascii.o
    0x20000188   0x00000002   Data   RW         1262    .data               mbfuncother.o
    0x2000018a   0x00000028   Data   RW         1312    .data               freemodbus.o
    0x200001b2   0x00000002   PAD
    0x200001b4   0x00000040   Zero   RW          805    .bss                queue.o
    0x200001f4   0x000000c8   Zero   RW          828    .bss                tasks.o
    0x200002bc   0x00000028   Zero   RW          851    .bss                timers.o
    0x200002e4   0x00012c00   Zero   RW          917    .bss                heap_4.o
    0x20012ee4   0x00000100   Zero   RW         1105    .bss                mbrtu.o
    0x20012fe4   0x00000020   Zero   RW         1261    .bss                mbfuncother.o
    0x20013004   0x00000200   Zero   RW         1311    .bss                freemodbus.o
    0x20013204   0x00000060   Zero   RW         1518    .bss                c_w.l(libspace.o)
    0x20013264   0x00000004   PAD
    0x20013268   0x00000200   Zero   RW          365    HEAP                startup_stm32f40_41xxx.o
    0x20013468   0x00000400   Zero   RW          364    STACK               startup_stm32f40_41xxx.o


==============================================================================

Image component sizes


      Code (inc. data)   RO Data    RW Data    ZI Data      Debug   Object Name

      1150         10          0          0          0       6316   can.o
       236         10          0          4          0       8833   delay.o
         0          0          0          0          0       9308   event_groups.o
       452         24          0         40        512       2936   freemodbus.o
       668         24          0         24      76800       3684   heap_4.o
       180          8          0          0          0       1456   led.o
       148          0          0          0          0       1902   list.o
       344         70          0         16          0     248755   main.o
       860        126          0        181          0       4762   mb.o
      1228        184         68         20          0       4789   mbascii.o
        56          8        512          0          0       1188   mbcrc.o
       416          0          0          0          0       2982   mbfunccoils.o
       164          0          0          0          0       1592   mbfuncdisc.o
       512          0          0          0          0       3817   mbfuncholding.o
       132          0          0          0          0       1547   mbfuncinput.o
       148          8          0          2         32       1749   mbfuncother.o
       908        166         99         12        256       3713   mbrtu.o
       240         60          0          0          0       2050   mbutils.o
       224         20          0          0          0     239133   misc.o
      1022         52          0         12          0       8843   port.o
        60          8          0          2          0       4777   portevent.o
       364         18          0          0          0       2300   portserial.o
       232          8          0          0          0       1265   porttimer.o
      3864         20          0          0         64      20556   queue.o
        64         26        392          0       1536        824   startup_stm32f40_41xxx.o
      2544         38          0          0          0       7948   stm32f4xx_can.o
       660         44          0          0          0       4073   stm32f4xx_gpio.o
        20          0          0          0          0      53067   stm32f4xx_it.o
      1628         52          0         16          0      12852   stm32f4xx_rcc.o
      3234         60          0          0          0      22276   stm32f4xx_tim.o
      1108         34          0          0          0       7772   stm32f4xx_usart.o
        16          0          0          0          0        480   sys.o
       528         46          0         20          0       1747   system_stm32f4xx.o
      6468        340          0         60        200      29147   tasks.o
      1516         68          0         20         40      21458   timers.o

    ----------------------------------------------------------------------
     31400       1532       1104        436      79440     749897   Object Totals
         0          0         32          0          0          0   (incl. Generated)
         6          0          1          7          0          0   (incl. Padding)

    ----------------------------------------------------------------------

      Code (inc. data)   RO Data    RW Data    ZI Data      Debug   Library Member Name

        90          0          0          0          0          0   __dczerorl2.o
         8          0          0          0          0         68   __main.o
        52          8          0          0          0          0   __scatter.o
        28          0          0          0          0          0   __scatter_zi.o
        16          0          0          0          0         72   abort.o
        16          0          0          0          0         68   aeabi_memset.o
       124         40          0          0          0         76   assert.o
        20          0          0          0          0         76   assert_puts.o
        48         34          0          0          0         76   defsig_abrt_inner.o
        14          0          0          0          0         80   defsig_abrt_outer.o
        10          0          0          0          0         68   defsig_exit.o
        50          0          0          0          0         88   defsig_general.o
        12          0          0          0          0         72   exit.o
         6          0          0          0          0        152   heapauxi.o
         0          0          0          0          0          0   indicate_semi.o
         2          0          0          0          0          0   libinit.o
         6          0          0          0          0          0   libinit2.o
         2          0          0          0          0          0   libshutdown.o
         2          0          0          0          0          0   libshutdown2.o
         8          4          0          0         96         68   libspace.o
        68          0          0          0          0         68   rt_memclr.o
        78          0          0          0          0         80   rt_memclr_w.o
       138          0          0          0          0         68   rt_memcpy_v6.o
       100          0          0          0          0         80   rt_memcpy_w.o
         0          0          0          0          0          0   rtentry.o
        12          0          0          0          0          0   rtentry2.o
         6          0          0          0          0          0   rtentry4.o
         2          0          0          0          0          0   rtexit.o
        10          0          0          0          0          0   rtexit2.o
        12          4          0          0          0         68   sys_exit.o
        74          0          0          0          0         80   sys_stackheap_outer.o
        14          0          0          0          0         76   sys_wrch.o
         2          0          0          0          0         68   use_no_semi.o
        10          0          0          0          0        116   fpinit.o

    ----------------------------------------------------------------------
      1048         90          0          0        100       1668   Library Totals
         8          0          0          0          4          0   (incl. Padding)

    ----------------------------------------------------------------------

      Code (inc. data)   RO Data    RW Data    ZI Data      Debug   Library Name

      1030         90          0          0         96       1552   c_w.l
        10          0          0          0          0        116   fz_wm.l

    ----------------------------------------------------------------------
      1048         90          0          0        100       1668   Library Totals

    ----------------------------------------------------------------------

==============================================================================


      Code (inc. data)   RO Data    RW Data    ZI Data      Debug   

     32448       1622       1104        436      79540     744033   Grand Totals
     32448       1622       1104        124      79540     744033   ELF Image Totals (compressed)
     32448       1622       1104        124          0          0   ROM Totals

==============================================================================

    Total RO  Size (Code + RO Data)                33552 (  32.77kB)
    Total RW  Size (RW Data + ZI Data)             79976 (  78.10kB)
    Total ROM Size (Code + RO Data + RW Data)      33676 (  32.89kB)

==============================================================================

