Product: MDK-ARM Professional 5.10
Component: ARM Compiler 5.04 update 1 (build 49)
Tool: armlink [5040049]

==============================================================================

Section Cross References

    stm32f4xx_it.o(.ARM.exidx) refers to stm32f4xx_it.o(.rev16_text) for __asm___14_stm32f4xx_it_c_bb8ca80c____REV16
    stm32f4xx_it.o(.ARM.exidx) refers to stm32f4xx_it.o(.revsh_text) for __asm___14_stm32f4xx_it_c_bb8ca80c____REVSH
    stm32f4xx_it.o(.ARM.exidx) refers to stm32f4xx_it.o(.text) for .text
    system_stm32f4xx.o(.ARM.exidx) refers to system_stm32f4xx.o(.rev16_text) for __asm___18_system_stm32f4xx_c_5d646a67____REV16
    system_stm32f4xx.o(.ARM.exidx) refers to system_stm32f4xx.o(.revsh_text) for __asm___18_system_stm32f4xx_c_5d646a67____REVSH
    system_stm32f4xx.o(.text) refers to system_stm32f4xx.o(.data) for SystemCoreClock
    system_stm32f4xx.o(.ARM.exidx) refers to system_stm32f4xx.o(.text) for .text
    system_stm32f4xx.o(.ARM.exidx) refers to unwind_pr0.o(.text) for __aeabi_unwind_cpp_pr0
    main.o(.ARM.exidx) refers to main.o(.rev16_text) for __asm___8_main_cpp_main___Z7__REV16j
    main.o(.ARM.exidx) refers to main.o(.revsh_text) for __asm___8_main_cpp_main___Z7__REVSHi
    main.o(.text) refers to can.o(.text) for CanInit
    main.o(.text) refers to delay.o(.text) for delay_ms
    main.o(.text) refers to tasks.o(.text) for vTaskDelay
    main.o(.text) refers to mb.o(.text) for eMBInit
    main.o(.text) refers to port.o(.text) for vPortEnterCritical
    main.o(.text) refers to misc.o(.text) for NVIC_PriorityGroupConfig
    main.o(.text) refers to led.o(.text) for LED_Init
    main.o(.text) refers to main.o(.data) for ModbusTask_Handler
    main.o(.ARM.exidx) refers to main.o(.text) for .text
    main.o(.ARM.exidx) refers to unwind_pr0.o(.text) for __aeabi_unwind_cpp_pr0
    startup_stm32f40_41xxx.o(STACK) refers (Special) to heapauxi.o(.text) for __use_two_region_memory
    startup_stm32f40_41xxx.o(HEAP) refers (Special) to heapauxi.o(.text) for __use_two_region_memory
    startup_stm32f40_41xxx.o(RESET) refers (Special) to heapauxi.o(.text) for __use_two_region_memory
    startup_stm32f40_41xxx.o(RESET) refers to startup_stm32f40_41xxx.o(STACK) for __initial_sp
    startup_stm32f40_41xxx.o(RESET) refers to startup_stm32f40_41xxx.o(.text) for Reset_Handler
    startup_stm32f40_41xxx.o(RESET) refers to stm32f4xx_it.o(.text) for NMI_Handler
    startup_stm32f40_41xxx.o(RESET) refers to port.o(.emb_text) for SVC_Handler
    startup_stm32f40_41xxx.o(RESET) refers to delay.o(.text) for SysTick_Handler
    startup_stm32f40_41xxx.o(RESET) refers to can.o(.text) for CAN1_TX_IRQHandler
    startup_stm32f40_41xxx.o(RESET) refers to porttimer.o(.text) for TIM3_IRQHandler
    startup_stm32f40_41xxx.o(RESET) refers to portserial.o(.text) for USART1_IRQHandler
    startup_stm32f40_41xxx.o(.text) refers (Special) to heapauxi.o(.text) for __use_two_region_memory
    startup_stm32f40_41xxx.o(.text) refers to system_stm32f4xx.o(.text) for SystemInit
    startup_stm32f40_41xxx.o(.text) refers to __main.o(!!!main) for __main
    startup_stm32f40_41xxx.o(.text) refers to startup_stm32f40_41xxx.o(HEAP) for Heap_Mem
    startup_stm32f40_41xxx.o(.text) refers to startup_stm32f40_41xxx.o(STACK) for Stack_Mem
    misc.o(.ARM.exidx) refers to misc.o(.rev16_text) for __asm___6_misc_c_d0fc1254____REV16
    misc.o(.ARM.exidx) refers to misc.o(.revsh_text) for __asm___6_misc_c_d0fc1254____REVSH
    misc.o(.ARM.exidx) refers to misc.o(.text) for .text
    misc.o(.ARM.exidx) refers to unwind_pr0.o(.text) for __aeabi_unwind_cpp_pr0
    stm32f4xx_gpio.o(.ARM.exidx) refers to stm32f4xx_gpio.o(.rev16_text) for __asm___16_stm32f4xx_gpio_c_f8e8e39a____REV16
    stm32f4xx_gpio.o(.ARM.exidx) refers to stm32f4xx_gpio.o(.revsh_text) for __asm___16_stm32f4xx_gpio_c_f8e8e39a____REVSH
    stm32f4xx_gpio.o(.text) refers to stm32f4xx_rcc.o(.text) for RCC_AHB1PeriphResetCmd
    stm32f4xx_gpio.o(.ARM.exidx) refers to stm32f4xx_gpio.o(.text) for .text
    stm32f4xx_gpio.o(.ARM.exidx) refers to unwind_pr0.o(.text) for __aeabi_unwind_cpp_pr0
    stm32f4xx_rcc.o(.ARM.exidx) refers to stm32f4xx_rcc.o(.rev16_text) for __asm___15_stm32f4xx_rcc_c_49e27980____REV16
    stm32f4xx_rcc.o(.ARM.exidx) refers to stm32f4xx_rcc.o(.revsh_text) for __asm___15_stm32f4xx_rcc_c_49e27980____REVSH
    stm32f4xx_rcc.o(.text) refers to stm32f4xx_rcc.o(.data) for APBAHBPrescTable
    stm32f4xx_rcc.o(.ARM.exidx) refers to stm32f4xx_rcc.o(.text) for .text
    stm32f4xx_rcc.o(.ARM.exidx) refers to unwind_pr0.o(.text) for __aeabi_unwind_cpp_pr0
    stm32f4xx_syscfg.o(.ARM.exidx) refers to stm32f4xx_syscfg.o(.rev16_text) for __asm___18_stm32f4xx_syscfg_c_57637610____REV16
    stm32f4xx_syscfg.o(.ARM.exidx) refers to stm32f4xx_syscfg.o(.revsh_text) for __asm___18_stm32f4xx_syscfg_c_57637610____REVSH
    stm32f4xx_syscfg.o(.text) refers to stm32f4xx_rcc.o(.text) for RCC_APB2PeriphResetCmd
[...]
    $v0                                      0x08007fb6   Number         0  fpinit.o(x$fpl$fpinit)
    .constdata                               0x08007fc0   Section      512  mbcrc.o(.constdata)
    aucCRCHi                                 0x08007fc0   Data         256  mbcrc.o(.constdata)
    aucCRCLo                                 0x080080c0   Data         256  mbcrc.o(.constdata)
    .conststring                             0x080081c0   Section       99  mbrtu.o(.conststring)
    .conststring                             0x08008224   Section       68  mbascii.o(.conststring)
    .data                                    0x20000000   Section       20  system_stm32f4xx.o(.data)
    .data                                    0x20000014   Section       12  main.o(.data)
    .data                                    0x20000020   Section       16  stm32f4xx_rcc.o(.data)
    APBAHBPrescTable                         0x20000020   Data          16  stm32f4xx_rcc.o(.data)
    .data                                    0x20000030   Section        4  delay.o(.data)
    fac_us                                   0x20000030   Data           1  delay.o(.data)
    fac_ms                                   0x20000032   Data           2  delay.o(.data)
    .data                                    0x20000034   Section       60  tasks.o(.data)
    pxDelayedTaskList                        0x20000038   Data           4  tasks.o(.data)
    pxOverflowDelayedTaskList                0x2000003c   Data           4  tasks.o(.data)
    uxDeletedTasksWaitingCleanUp             0x20000040   Data           4  tasks.o(.data)
    uxCurrentNumberOfTasks                   0x20000044   Data           4  tasks.o(.data)
    xTickCount                               0x20000048   Data           4  tasks.o(.data)
    uxTopReadyPriority                       0x2000004c   Data           4  tasks.o(.data)
    xSchedulerRunning                        0x20000050   Data           4  tasks.o(.data)
    uxPendedTicks                            0x20000054   Data           4  tasks.o(.data)
    xYieldPending                            0x20000058   Data           4  tasks.o(.data)
    xNumOfOverflows                          0x2000005c   Data           4  tasks.o(.data)
    uxTaskNumber                             0x20000060   Data           4  tasks.o(.data)
    xNextTaskUnblockTime                     0x20000064   Data           4  tasks.o(.data)
    xIdleTaskHandle                          0x20000068   Data           4  tasks.o(.data)
    uxSchedulerSuspended                     0x2000006c   Data           4  tasks.o(.data)
    .data                                    0x20000070   Section       20  timers.o(.data)
    pxCurrentTimerList                       0x20000070   Data           4  timers.o(.data)
    pxOverflowTimerList                      0x20000074   Data           4  timers.o(.data)
    xTimerQueue                              0x20000078   Data           4  timers.o(.data)
    xTimerTaskHandle                         0x2000007c   Data           4  timers.o(.data)
    xLastTime                                0x20000080   Data           4  timers.o(.data)
    .data                                    0x20000084   Section       12  port.o(.data)
    uxCriticalNesting                        0x20000084   Data           4  port.o(.data)
    ucMaxSysCallPriority                     0x20000088   Data           1  port.o(.data)
    ulMaxPRIGROUPValue                       0x2000008c   Data           4  port.o(.data)
    .data                                    0x20000090   Section       24  heap_4.o(.data)
    xStart                                   0x20000090   Data           8  heap_4.o(.data)
    pxEnd                                    0x20000098   Data           4  heap_4.o(.data)
    xFreeBytesRemaining                      0x2000009c   Data           4  heap_4.o(.data)
    xMinimumEverFreeBytesRemaining           0x200000a0   Data           4  heap_4.o(.data)
    xBlockAllocatedBit                       0x200000a4   Data           4  heap_4.o(.data)
    .data                                    0x200000a8   Section        2  portevent.o(.data)
    eQueuedEvent                             0x200000a8   Data           1  portevent.o(.data)
    xEventInQueue                            0x200000a9   Data           1  portevent.o(.data)
    .data                                    0x200000ac   Section      181  mb.o(.data)
    ucMBAddress                              0x200000ac   Data           1  mb.o(.data)
    eMBCurrentMode                           0x200000ad   Data           1  mb.o(.data)
    eMBState                                 0x200000ae   Data           1  mb.o(.data)
    peMBFrameSendCur                         0x200000b0   Data           4  mb.o(.data)
    pvMBFrameStartCur                        0x200000b4   Data           4  mb.o(.data)
    pvMBFrameStopCur                         0x200000b8   Data           4  mb.o(.data)
    peMBFrameReceiveCur                      0x200000bc   Data           4  mb.o(.data)
    pvMBFrameCloseCur                        0x200000c0   Data           4  mb.o(.data)
    xFuncHandlers                            0x200000d8   Data         128  mb.o(.data)
    ucMBFrame                                0x20000158   Data           4  mb.o(.data)
    ucRcvAddress                             0x2000015c   Data           1  mb.o(.data)
    ucFunctionCode                           0x2000015d   Data           1  mb.o(.data)
    usLength                                 0x2000015e   Data           2  mb.o(.data)
    eException                               0x20000160   Data           1  mb.o(.data)
    .data                                    0x20000164   Section       12  mbrtu.o(.data)
    eSndState                                0x20000164   Data           1  mbrtu.o(.data)
    eRcvState                                0x20000165   Data           1  mbrtu.o(.data)
    pucSndBufferCur                          0x20000168   Data           4  mbrtu.o(.data)
    usSndBufferCount                         0x2000016c   Data           2  mbrtu.o(.data)
    usRcvBufferPos                           0x2000016e   Data           2  mbrtu.o(.data)
    .data                                    0x20000170   Section       20  mbascii.o(.data)
    eSndState                                0x20000170   Data           1  mbascii.o(.data)
    eRcvState                                0x20000171   Data           1  mbascii.o(.data)
    ucASCIIBuf                               0x20000174   Data           4  mbascii.o(.data)
    usRcvBufferPos                           0x20000178   Data           2  mbascii.o(.data)
    eBytePos                                 0x2000017a   Data           1  mbascii.o(.data)
    pucSndBufferCur                          0x2000017c   Data           4  mbascii.o(.data)
    usSndBufferCount                         0x20000180   Data           2  mbascii.o(.data)
    ucLRC                                    0x20000182   Data           1  mbascii.o(.data)
    ucMBLFCharacter                          0x20000183   Data           1  mbascii.o(.data)
    .data                                    0x20000184   Section        2  mbfuncother.o(.data)
    usMBSlaveIDLen                           0x20000184   Data           2  mbfuncother.o(.data)
    .data                                    0x20000186   Section       40  freemodbus.o(.data)
    .bss                                     0x200001b0   Section       64  queue.o(.bss)
    .bss                                     0x200001f0   Section      200  tasks.o(.bss)
    pxReadyTasksLists                        0x200001f0   Data         100  tasks.o(.bss)
    xDelayedTaskList1                        0x20000254   Data          20  tasks.o(.bss)
    xDelayedTaskList2                        0x20000268   Data          20  tasks.o(.bss)
    xPendingReadyList                        0x2000027c   Data          20  tasks.o(.bss)
    xTasksWaitingTermination                 0x20000290   Data          20  tasks.o(.bss)
    xSuspendedTaskList                       0x200002a4   Data          20  tasks.o(.bss)
    .bss                                     0x200002b8   Section       40  timers.o(.bss)
    xActiveTimerList1                        0x200002b8   Data          20  timers.o(.bss)
    xActiveTimerList2                        0x200002cc   Data          20  timers.o(.bss)
    .bss                                     0x200002e0   Section    76800  heap_4.o(.bss)
    ucHeap                                   0x200002e0   Data       76800  heap_4.o(.bss)
    .bss                                     0x20012ee0   Section      256  mbrtu.o(.bss)
    .bss                                     0x20012fe0   Section       32  mbfuncother.o(.bss)
    ucMBSlaveID                              0x20012fe0   Data          32  mbfuncother.o(.bss)
    .bss                                     0x20013000   Section      512  freemodbus.o(.bss)
    .bss                                     0x20013200   Section       96  libspace.o(.bss)
    HEAP                                     0x20013260   Section      512  startup_stm32f40_41xxx.o(HEAP)
    Heap_Mem                                 0x20013260   Data         512  startup_stm32f40_41xxx.o(HEAP)
    STACK                                    0x20013460   Section     1024  startup_stm32f40_41xxx.o(STACK)
    Stack_Mem                                0x20013460   Data        1024  startup_stm32f40_41xxx.o(STACK)
    __initial_sp                             0x20013860   Data           0  startup_stm32f40_41xxx.o(STACK)

    Global Symbols

    Symbol Name                              Value     Ov Type        Size  Object(Section)

    BuildAttributes$$THM_ISAv4$E$P$D$K$B$S$7EM$VFPi3$EXTD16$VFPS$VFMA$PE$A:L22UL41UL21$X:L11$S22US41US21$IEEE1$IW$USESV6$~STKCKD$USESV7$~SHL$OTIME$ROPI$EBA8$UX$STANDARDLIB$REQ8$PRES8$EABIv2 0x00000000   Number         0  anon$$obj.o ABSOLUTE
    __ARM_use_no_argv                        0x00000000   Number         0  main.o ABSOLUTE
    SHT$$ARM_EXIDX$$Base                      - Undefined Reference
    SHT$$ARM_EXIDX$$Limit                     - Undefined Reference
    __ARM_exceptions_init                     - Undefined Weak Reference
    __aeabi_unwind_cpp_pr2                    - Undefined Weak Reference
    __alloca_initialize                       - Undefined Weak Reference
    __cpp_initialize__aeabi_                  - Undefined Weak Reference
    __cxa_begin_cleanup                       - Undefined Weak Reference
    __cxa_call_unexpected                     - Undefined Weak Reference
    __cxa_finalize                            - Undefined Weak Reference
    __cxa_type_match                          - Undefined Weak Reference
    __rt_locale                               - Undefined Weak Reference
    __sigvec_lookup                           - Undefined Weak Reference
    __user_heap_extent                        - Undefined Weak Reference
    _atexit_init                              - Undefined Weak Reference
    _call_atexit_fns                          - Undefined Weak Reference
    _clock_init                               - Undefined Weak Reference
    _fp_trap_init                             - Undefined Weak Reference
    _fp_trap_shutdown                         - Undefined Weak Reference
    _get_lc_collate                           - Undefined Weak Reference
    _get_lc_ctype                             - Undefined Weak Reference
    _get_lc_monetary                          - Undefined Weak Reference
    _get_lc_numeric                           - Undefined Weak Reference
    _get_lc_time                              - Undefined Weak Reference
    _getenv_init                              - Undefined Weak Reference
    _handle_redirection                       - Undefined Weak Reference
    _initio                                   - Undefined Weak Reference
    _mutex_acquire                            - Undefined Weak Reference
    _mutex_free                               - Undefined Weak Reference
    _mutex_release                            - Undefined Weak Reference
    _rand_init                                - Undefined Weak Reference
    _signal_finish                            - Undefined Weak Reference
    _signal_init                              - Undefined Weak Reference
    _terminateio                              - Undefined Weak Reference
    __Vectors_Size                           0x00000188   Number         0  startup_stm32f40_41xxx.o ABSOLUTE
    __Vectors                                0x08000000   Data           4  startup_stm32f40_41xxx.o(RESET)
    __Vectors_End                            0x08000188   Data           0  startup_stm32f40_41xxx.o(RESET)
    __main                                   0x08000189   Thumb Code     8  __main.o(!!!main)
    __scatterload                            0x08000191   Thumb Code     0  __scatter.o(!!!scatter)
    __scatterload_rt2                        0x08000191   Thumb Code    44  __scatter.o(!!!scatter)
    __scatterload_rt2_thumb_only             0x08000191   Thumb Code     0  __scatter.o(!!!scatter)
    __scatterload_null                       0x0800019f   Thumb Code     0  __scatter.o(!!!scatter)
    __decompress                             0x080001c5   Thumb Code    90  __dczerorl2.o(!!dczerorl2)
    __decompress1                            0x080001c5   Thumb Code     0  __dczerorl2.o(!!dczerorl2)
    __scatterload_zeroinit                   0x08000221   Thumb Code    28  __scatter_zi.o(!!handler_zi)
    __rt_lib_init                            0x0800023d   Thumb Code     0  libinit.o(.ARM.Collect$$libinit$$00000000)
    __rt_lib_init_fp_1                       0x0800023f   Thumb Code     0  libinit2.o(.ARM.Collect$$libinit$$00000001)
    __rt_lib_init_alloca_1                   0x08000243   Thumb Code     0  libinit2.o(.ARM.Collect$$libinit$$0000002C)
    __rt_lib_init_argv_1                     0x08000243   Thumb Code     0  libinit2.o(.ARM.Collect$$libinit$$0000002A)
    __rt_lib_init_atexit_1                   0x08000243   Thumb Code     0  libinit2.o(.ARM.Collect$$libinit$$00000019)
    __rt_lib_init_clock_1                    0x08000243   Thumb Code     0  libinit2.o(.ARM.Collect$$libinit$$0000001F)
    __rt_lib_init_cpp_1                      0x08000243   Thumb Code     0  libinit2.o(.ARM.Collect$$libinit$$00000030)
    __rt_lib_init_exceptions_1               0x08000243   Thumb Code     0  libinit2.o(.ARM.Collect$$libinit$$0000002E)
    __rt_lib_init_fp_trap_1                  0x08000243   Thumb Code     0  libinit2.o(.ARM.Collect$$libinit$$0000001D)
    __rt_lib_init_getenv_1                   0x08000243   Thumb Code     0  libinit2.o(.ARM.Collect$$libinit$$00000021)
    __rt_lib_init_heap_1                     0x08000243   Thumb Code     0  libinit2.o(.ARM.Collect$$libinit$$00000008)
    __rt_lib_init_lc_collate_1               0x08000243   Thumb Code     0  libinit2.o(.ARM.Collect$$libinit$$0000000F)
    __rt_lib_init_lc_ctype_1                 0x08000243   Thumb Code     0  libinit2.o(.ARM.Collect$$libinit$$00000011)
    __rt_lib_init_lc_monetary_1              0x08000243   Thumb Code     0  libinit2.o(.ARM.Collect$$libinit$$00000013)
    __rt_lib_init_lc_numeric_1               0x08000243   Thumb Code     0  libinit2.o(.ARM.Collect$$libinit$$00000015)
    __rt_lib_init_lc_time_1                  0x08000243   Thumb Code     0  libinit2.o(.ARM.Collect$$libinit$$00000017)
    __rt_lib_init_rand_1                     0x08000243   Thumb Code     0  libinit2.o(.ARM.Collect$$libinit$$0000000C)
    __rt_lib_init_return                     0x08000243   Thumb Code     0  libinit2.o(.ARM.Collect$$libinit$$00000031)
    __rt_lib_init_signal_1                   0x08000243   Thumb Code     0  libinit2.o(.ARM.Collect$$libinit$$0000001B)
    __rt_lib_init_stdio_1                    0x08000243   Thumb Code     0  libinit2.o(.ARM.Collect$$libinit$$00000023)
    __rt_lib_init_user_alloc_1               0x08000243   Thumb Code     0  libinit2.o(.ARM.Collect$$libinit$$0000000A)
    __rt_lib_shutdown                        0x08000245   Thumb Code     0  libshutdown.o(.ARM.Collect$$libshutdown$$00000000)
    __rt_lib_shutdown_fp_trap_1              0x08000247   Thumb Code     0  libshutdown2.o(.ARM.Collect$$libshutdown$$00000006)
    __rt_lib_shutdown_heap_1                 0x08000247   Thumb Code     0  libshutdown2.o(.ARM.Collect$$libshutdown$$0000000E)
    __rt_lib_shutdown_return                 0x08000247   Thumb Code     0  libshutdown2.o(.ARM.Collect$$libshutdown$$0000000F)
    __rt_lib_shutdown_signal_1               0x08000247   Thumb Code     0  libshutdown2.o(.ARM.Collect$$libshutdown$$00000009)
    __rt_lib_shutdown_stdio_1                0x08000247   Thumb Code     0  libshutdown2.o(.ARM.Collect$$libshutdown$$00000003)
    __rt_lib_shutdown_user_alloc_1           0x08000247   Thumb Code     0  libshutdown2.o(.ARM.Collect$$libshutdown$$0000000B)
    __rt_entry                               0x08000249   Thumb Code     0  rtentry.o(.ARM.Collect$$rtentry$$00000000)
    __rt_entry_presh_1                       0x08000249   Thumb Code     0  rtentry2.o(.ARM.Collect$$rtentry$$00000002)
    __rt_entry_sh                            0x08000249   Thumb Code     0  rtentry4.o(.ARM.Collect$$rtentry$$00000004)
    __rt_entry_li                            0x0800024f   Thumb Code     0  rtentry2.o(.ARM.Collect$$rtentry$$0000000A)
    __rt_entry_postsh_1                      0x0800024f   Thumb Code     0  rtentry2.o(.ARM.Collect$$rtentry$$00000009)
    __rt_entry_main                          0x08000253   Thumb Code     0  rtentry2.o(.ARM.Collect$$rtentry$$0000000D)
    __rt_entry_postli_1                      0x08000253   Thumb Code     0  rtentry2.o(.ARM.Collect$$rtentry$$0000000C)
    __rt_exit                                0x0800025b   Thumb Code     0  rtexit.o(.ARM.Collect$$rtexit$$00000000)
    __rt_exit_ls                             0x0800025d   Thumb Code     0  rtexit2.o(.ARM.Collect$$rtexit$$00000003)
    __rt_exit_prels_1                        0x0800025d   Thumb Code     0  rtexit2.o(.ARM.Collect$$rtexit$$00000002)
    __rt_exit_exit                           0x08000261   Thumb Code     0  rtexit2.o(.ARM.Collect$$rtexit$$00000004)
    WFI_SET                                  0x08000269   Thumb Code     2  sys.o(.emb_text)
    INTX_DISABLE                             0x0800026b   Thumb Code     4  sys.o(.emb_text)
    INTX_ENABLE                              0x0800026f   Thumb Code     4  sys.o(.emb_text)
    MSR_MSP                                  0x08000273   Thumb Code     6  sys.o(.emb_text)
    SVC_Handler                              0x08000279   Thumb Code    28  port.o(.emb_text)
    __asm___6_port_c_39a90d8d__prvStartFirstTask 0x08000299   Thumb Code    36  port.o(.emb_text)
    __asm___6_port_c_39a90d8d__prvEnableVFP  0x080002c1   Thumb Code    16  port.o(.emb_text)
    PendSV_Handler                           0x080002d5   Thumb Code    88  port.o(.emb_text)
    vPortGetIPSR                             0x08000331   Thumb Code     6  port.o(.emb_text)
    NMI_Handler                              0x08000337   Thumb Code     2  stm32f4xx_it.o(.text)
    HardFault_Handler                        0x08000339   Thumb Code     4  stm32f4xx_it.o(.text)
    MemManage_Handler                        0x0800033d   Thumb Code     4  stm32f4xx_it.o(.text)
    BusFault_Handler                         0x08000341   Thumb Code     4  stm32f4xx_it.o(.text)
    UsageFault_Handler                       0x08000345   Thumb Code     4  stm32f4xx_it.o(.text)
    DebugMon_Handler                         0x08000349   Thumb Code     2  stm32f4xx_it.o(.text)
    SystemInit                               0x08000429   Thumb Code    88  system_stm32f4xx.o(.text)
    SystemCoreClockUpdate                    0x08000481   Thumb Code   174  system_stm32f4xx.o(.text)
    CanTest_task(void*)                      0x0800055d   Thumb Code    60  main.o(.text)
    Modbus_task(void*)                       0x08000599   Thumb Code    36  main.o(.text)
    start_task(void*)                        0x080005bd   Thumb Code    68  main.o(.text)
    main                                     0x08000601   Thumb Code    50  main.o(.text)
    Reset_Handler                            0x08000669   Thumb Code     8  startup_stm32f40_41xxx.o(.text)
    ADC_IRQHandler                           0x08000683   Thumb Code     0  startup_stm32f40_41xxx.o(.text)
    CAN1_RX1_IRQHandler                      0x08000683   Thumb Code     0  startup_stm32f40_41xxx.o(.text)
    CAN1_SCE_IRQHandler                      0x08000683   Thumb Code     0  startup_stm32f40_41xxx.o(.text)
    CAN2_RX0_IRQHandler                      0x08000683   Thumb Code     0  startup_stm32f40_41xxx.o(.text)
    CAN2_RX1_IRQHandler                      0x08000683   Thumb Code     0  startup_stm32f40_41xxx.o(.text)
    CAN2_SCE_IRQHandler                      0x08000683   Thumb Code     0  startup_stm32f40_41xxx.o(.text)
    CAN2_TX_IRQHandler                       0x08000683   Thumb Code     0  startup_stm32f40_41xxx.o(.text)
    CRYP_IRQHandler                          0x08000683   Thumb Code     0  startup_stm32f40_41xxx.o(.text)
    DCMI_IRQHandler                          0x08000683   Thumb Code     0  startup_stm32f40_41xxx.o(.text)
    DMA1_Stream0_IRQHandler                  0x08000683   Thumb Code     0  startup_stm32f40_41xxx.o(.text)
    DMA1_Stream1_IRQHandler                  0x08000683   Thumb Code     0  startup_stm32f40_41xxx.o(.text)
    DMA1_Stream2_IRQHandler                  0x08000683   Thumb Code     0  startup_stm32f40_41xxx.o(.text)
    DMA1_Stream3_IRQHandler                  0x08000683   Thumb Code     0  startup_stm32f40_41xxx.o(.text)
    DMA1_Stream4_IRQHandler                  0x08000683   Thumb Code     0  startup_stm32f40_41xxx.o(.text)
    DMA1_Stream5_IRQHandler                  0x08000683   Thumb Code     0  startup_stm32f40_41xxx.o(.text)
    DMA1_Stream6_IRQHandler                  0x08000683   Thumb Code     0  startup_stm32f40_41xxx.o(.text)
    DMA1_Stream7_IRQHandler                  0x08000683   Thumb Code     0  startup_stm32f40_41xxx.o(.text)
    DMA2_Stream0_IRQHandler                  0x08000683   Thumb Code     0  startup_stm32f40_41xxx.o(.text)
    DMA2_Stream1_IRQHandler                  0x08000683   Thumb Code     0  startup_stm32f40_41xxx.o(.text)
    DMA2_Stream2_IRQHandler                  0x08000683   Thumb Code     0  startup_stm32f40_41xxx.o(.text)
    DMA2_Stream3_IRQHandler                  0x08000683   Thumb Code     0  startup_stm32f40_41xxx.o(.text)
    DMA2_Stream4_IRQHandler                  0x08000683   Thumb Code     0  startup_stm32f40_41xxx.o(.text)
    DMA2_Stream5_IRQHandler                  0x08000683   Thumb Code     0  startup_stm32f40_41xxx.o(.text)
    DMA2_Stream6_IRQHandler                  0x08000683   Thumb Code     0  startup_stm32f40_41xxx.o(.text)
    DMA2_Stream7_IRQHandler                  0x08000683   Thumb Code     0  startup_stm32f40_41xxx.o(.text)
    ETH_IRQHandler                           0x08000683   Thumb Code     0  startup_stm32f40_41xxx.o(.text)
    ETH_WKUP_IRQHandler                      0x08000683   Thumb Code     0  startup_stm32f40_41xxx.o(.text)
    EXTI0_IRQHandler                         0x08000683   Thumb Code     0  startup_stm32f40_41xxx.o(.text)
    EXTI15_10_IRQHandler                     0x08000683   Thumb Code     0  startup_stm32f40_41xxx.o(.text)
    EXTI1_IRQHandler                         0x08000683   Thumb Code     0  startup_stm32f40_41xxx.o(.text)
    EXTI2_IRQHandler                         0x08000683   Thumb Code     0  startup_stm32f40_41xxx.o(.text)
    EXTI3_IRQHandler                         0x08000683   Thumb Code     0  startup_stm32f40_41xxx.o(.text)
    EXTI4_IRQHandler                         0x08000683   Thumb Code     0  startup_stm32f40_41xxx.o(.text)
    EXTI9_5_IRQHandler                       0x08000683   Thumb Code     0  startup_stm32f40_41xxx.o(.text)
    FLASH_IRQHandler                         0x08000683   Thumb Code     0  startup_stm32f40_41xxx.o(.text)
    FPU_IRQHandler                           0x08000683   Thumb Code     0  startup_stm32f40_41xxx.o(.text)
    FSMC_IRQHandler                          0x08000683   Thumb Code     0  startup_stm32f40_41xxx.o(.text)
    HASH_RNG_IRQHandler                      0x08000683   Thumb Code     0  startup_stm32f40_41xxx.o(.text)
    I2C1_ER_IRQHandler                       0x08000683   Thumb Code     0  startup_stm32f40_41xxx.o(.text)
    I2C1_EV_IRQHandler                       0x08000683   Thumb Code     0  startup_stm32f40_41xxx.o(.text)
    I2C2_ER_IRQHandler                       0x08000683   Thumb Code     0  startup_stm32f40_41xxx.o(.text)
    I2C2_EV_IRQHandler                       0x08000683   Thumb Code     0  startup_stm32f40_41xxx.o(.text)
    I2C3_ER_IRQHandler                       0x08000683   Thumb Code     0  startup_stm32f40_41xxx.o(.text)
    I2C3_EV_IRQHandler                       0x08000683   Thumb Code     0  startup_stm32f40_41xxx.o(.text)
    OTG_FS_IRQHandler                        0x08000683   Thumb Code     0  startup_stm32f40_41xxx.o(.text)
    OTG_FS_WKUP_IRQHandler                   0x08000683   Thumb Code     0  startup_stm32f40_41xxx.o(.text)
    OTG_HS_EP1_IN_IRQHandler                 0x08000683   Thumb Code     0  startup_stm32f40_41xxx.o(.text)
    OTG_HS_EP1_OUT_IRQHandler                0x08000683   Thumb Code     0  startup_stm32f40_41xxx.o(.text)
    OTG_HS_IRQHandler                        0x08000683   Thumb Code     0  startup_stm32f40_41xxx.o(.text)
    OTG_HS_WKUP_IRQHandler                   0x08000683   Thumb Code     0  startup_stm32f40_41xxx.o(.text)
    PVD_IRQHandler                           0x08000683   Thumb Code     0  startup_stm32f40_41xxx.o(.text)
    RCC_IRQHandler                           0x08000683   Thumb Code     0  startup_stm32f40_41xxx.o(.text)
    RTC_Alarm_IRQHandler                     0x08000683   Thumb Code     0  startup_stm32f40_41xxx.o(.text)
    RTC_WKUP_IRQHandler                      0x08000683   Thumb Code     0  startup_stm32f40_41xxx.o(.text)
    SDIO_IRQHandler                          0x08000683   Thumb Code     0  startup_stm32f40_41xxx.o(.text)
    SPI1_IRQHandler                          0x08000683   Thumb Code     0  startup_stm32f40_41xxx.o(.text)
    SPI2_IRQHandler                          0x08000683   Thumb Code     0  startup_stm32f40_41xxx.o(.text)
    SPI3_IRQHandler                          0x08000683   Thumb Code     0  startup_stm32f40_41xxx.o(.text)
    TAMP_STAMP_IRQHandler                    0x08000683   Thumb Code     0  startup_stm32f40_41xxx.o(.text)
    TIM1_BRK_TIM9_IRQHandler                 0x08000683   Thumb Code     0  startup_stm32f40_41xxx.o(.text)
    TIM1_CC_IRQHandler                       0x08000683   Thumb Code     0  startup_stm32f40_41xxx.o(.text)
    TIM1_TRG_COM_TIM11_IRQHandler            0x08000683   Thumb Code     0  startup_stm32f40_41xxx.o(.text)
    TIM1_UP_TIM10_IRQHandler                 0x08000683   Thumb Code     0  startup_stm32f40_41xxx.o(.text)
    TIM2_IRQHandler                          0x08000683   Thumb Code     0  startup_stm32f40_41xxx.o(.text)
    TIM4_IRQHandler                          0x08000683   Thumb Code     0  startup_stm32f40_41xxx.o(.text)
    TIM5_IRQHandler                          0x08000683   Thumb Code     0  startup_stm32f40_41xxx.o(.text)
    TIM6_DAC_IRQHandler                      0x08000683   Thumb Code     0  startup_stm32f40_41xxx.o(.text)
    TIM7_IRQHandler                          0x08000683   Thumb Code     0  startup_stm32f40_41xxx.o(.text)
    TIM8_BRK_TIM12_IRQHandler                0x08000683   Thumb Code     0  startup_stm32f40_41xxx.o(.text)
    TIM8_CC_IRQHandler                       0x08000683   Thumb Code     0  startup_stm32f40_41xxx.o(.text)
    TIM8_TRG_COM_TIM14_IRQHandler            0x08000683   Thumb Code     0  startup_stm32f40_41xxx.o(.text)
    TIM8_UP_TIM13_IRQHandler                 0x08000683   Thumb Code     0  startup_stm32f40_41xxx.o(.text)
    UART4_IRQHandler                         0x08000683   Thumb Code     0  startup_stm32f40_41xxx.o(.text)
    UART5_IRQHandler                         0x08000683   Thumb Code     0  startup_stm32f40_41xxx.o(.text)
    USART2_IRQHandler                        0x08000683   Thumb Code     0  startup_stm32f40_41xxx.o(.text)
    USART3_IRQHandler                        0x08000683   Thumb Code     0  startup_stm32f40_41xxx.o(.text)
    USART6_IRQHandler                        0x08000683   Thumb Code     0  startup_stm32f40_41xxx.o(.text)
    WWDG_IRQHandler                          0x08000683   Thumb Code     0  startup_stm32f40_41xxx.o(.text)
    __user_initial_stackheap                 0x08000685   Thumb Code     0  startup_stm32f40_41xxx.o(.text)
    NVIC_PriorityGroupConfig                 0x080006a9   Thumb Code    10  misc.o(.text)
    NVIC_Init                                0x080006b3   Thumb Code   106  misc.o(.text)
    NVIC_SetVectorTable                      0x0800071d   Thumb Code    14  misc.o(.text)
    NVIC_SystemLPConfig                      0x0800072b   Thumb Code    34  misc.o(.text)
    SysTick_CLKSourceConfig                  0x0800074d   Thumb Code    40  misc.o(.text)
    GPIO_DeInit                              0x08000789   Thumb Code   268  stm32f4xx_gpio.o(.text)
    GPIO_Init                                0x08000895   Thumb Code   144  stm32f4xx_gpio.o(.text)
    GPIO_StructInit                          0x08000925   Thumb Code    18  stm32f4xx_gpio.o(.text)
    GPIO_PinLockConfig                       0x08000937   Thumb Code    34  stm32f4xx_gpio.o(.text)
    GPIO_ReadInputDataBit                    0x08000959   Thumb Code    18  stm32f4xx_gpio.o(.text)
    GPIO_ReadInputData                       0x0800096b   Thumb Code     8  stm32f4xx_gpio.o(.text)
    GPIO_ReadOutputDataBit                   0x08000973   Thumb Code    18  stm32f4xx_gpio.o(.text)
    GPIO_ReadOutputData                      0x08000985   Thumb Code     8  stm32f4xx_gpio.o(.text)
    GPIO_SetBits                             0x0800098d   Thumb Code     4  stm32f4xx_gpio.o(.text)
    GPIO_ResetBits                           0x08000991   Thumb Code     4  stm32f4xx_gpio.o(.text)
    GPIO_WriteBit                            0x08000995   Thumb Code    10  stm32f4xx_gpio.o(.text)
    GPIO_Write                               0x0800099f   Thumb Code     4  stm32f4xx_gpio.o(.text)
    GPIO_ToggleBits                          0x080009a3   Thumb Code     8  stm32f4xx_gpio.o(.text)
    GPIO_PinAFConfig                         0x080009ab   Thumb Code    70  stm32f4xx_gpio.o(.text)
    RCC_DeInit                               0x08000a1d   Thumb Code    82  stm32f4xx_rcc.o(.text)
    RCC_HSEConfig                            0x08000a6f   Thumb Code    14  stm32f4xx_rcc.o(.text)
    RCC_GetFlagStatus                        0x08000a7d   Thumb Code    60  stm32f4xx_rcc.o(.text)
    RCC_WaitForHSEStartUp                    0x08000ab9   Thumb Code    56  stm32f4xx_rcc.o(.text)
    RCC_AdjustHSICalibrationValue            0x08000af1   Thumb Code    20  stm32f4xx_rcc.o(.text)
    RCC_HSICmd                               0x08000b05   Thumb Code     6  stm32f4xx_rcc.o(.text)
    RCC_LSEConfig                            0x08000b0b   Thumb Code    46  stm32f4xx_rcc.o(.text)
    RCC_LSICmd                               0x08000b39   Thumb Code     6  stm32f4xx_rcc.o(.text)
    RCC_PLLConfig                            0x08000b3f   Thumb Code    32  stm32f4xx_rcc.o(.text)
    RCC_PLLCmd                               0x08000b5f   Thumb Code     6  stm32f4xx_rcc.o(.text)
    RCC_PLLI2SConfig                         0x08000b65   Thumb Code    14  stm32f4xx_rcc.o(.text)
    RCC_PLLI2SCmd                            0x08000b73   Thumb Code     6  stm32f4xx_rcc.o(.text)
    RCC_PLLSAIConfig                         0x08000b79   Thumb Code    20  stm32f4xx_rcc.o(.text)
    RCC_PLLSAICmd                            0x08000b8d   Thumb Code     6  stm32f4xx_rcc.o(.text)
    RCC_ClockSecuritySystemCmd               0x08000b93   Thumb Code     6  stm32f4xx_rcc.o(.text)
    RCC_MCO1Config                           0x08000b99   Thumb Code    28  stm32f4xx_rcc.o(.text)
    RCC_MCO2Config                           0x08000bb5   Thumb Code    28  stm32f4xx_rcc.o(.text)
    RCC_SYSCLKConfig                         0x08000bd1   Thumb Code    20  stm32f4xx_rcc.o(.text)
    RCC_GetSYSCLKSource                      0x08000be5   Thumb Code    12  stm32f4xx_rcc.o(.text)
    RCC_HCLKConfig                           0x08000bf1   Thumb Code    20  stm32f4xx_rcc.o(.text)
    RCC_PCLK1Config                          0x08000c05   Thumb Code    20  stm32f4xx_rcc.o(.text)
    RCC_PCLK2Config                          0x08000c19   Thumb Code    22  stm32f4xx_rcc.o(.text)
    RCC_GetClocksFreq                        0x08000c2f   Thumb Code   222  stm32f4xx_rcc.o(.text)
    RCC_RTCCLKConfig                         0x08000d0d   Thumb Code    54  stm32f4xx_rcc.o(.text)
    RCC_RTCCLKCmd                            0x08000d43   Thumb Code     8  stm32f4xx_rcc.o(.text)
    RCC_BackupResetCmd                       0x08000d4b   Thumb Code     8  stm32f4xx_rcc.o(.text)
    RCC_I2SCLKConfig                         0x08000d53   Thumb Code     6  stm32f4xx_rcc.o(.text)
    RCC_SAIPLLI2SClkDivConfig                0x08000d59   Thumb Code    26  stm32f4xx_rcc.o(.text)
    RCC_SAIPLLSAIClkDivConfig                0x08000d73   Thumb Code    28  stm32f4xx_rcc.o(.text)
    RCC_SAIBlockACLKConfig                   0x08000d8f   Thumb Code    20  stm32f4xx_rcc.o(.text)
    RCC_SAIBlockBCLKConfig                   0x08000da3   Thumb Code    20  stm32f4xx_rcc.o(.text)
    RCC_LTDCCLKDivConfig                     0x08000db7   Thumb Code    20  stm32f4xx_rcc.o(.text)
    RCC_TIMCLKPresConfig                     0x08000dcb   Thumb Code     6  stm32f4xx_rcc.o(.text)
    RCC_AHB1PeriphClockCmd                   0x08000dd1   Thumb Code    34  stm32f4xx_rcc.o(.text)
    RCC_AHB2PeriphClockCmd                   0x08000df3   Thumb Code    78  stm32f4xx_rcc.o(.text)
    RCC_AHB3PeriphClockCmd                   0x08000e41   Thumb Code    34  stm32f4xx_rcc.o(.text)
    RCC_APB1PeriphClockCmd                   0x08000e63   Thumb Code    34  stm32f4xx_rcc.o(.text)
    RCC_APB2PeriphClockCmd                   0x08000e85   Thumb Code    34  stm32f4xx_rcc.o(.text)
    RCC_AHB1PeriphResetCmd                   0x08000ea7   Thumb Code    34  stm32f4xx_rcc.o(.text)
    RCC_AHB2PeriphResetCmd                   0x08000ec9   Thumb Code    34  stm32f4xx_rcc.o(.text)
    RCC_AHB3PeriphResetCmd                   0x08000eeb   Thumb Code    34  stm32f4xx_rcc.o(.text)
    RCC_APB1PeriphResetCmd                   0x08000f0d   Thumb Code    34  stm32f4xx_rcc.o(.text)
    RCC_APB2PeriphResetCmd                   0x08000f2f   Thumb Code    34  stm32f4xx_rcc.o(.text)
    RCC_AHB1PeriphClockLPModeCmd             0x08000f51   Thumb Code    34  stm32f4xx_rcc.o(.text)
    RCC_AHB2PeriphClockLPModeCmd             0x08000f73   Thumb Code    34  stm32f4xx_rcc.o(.text)
    RCC_AHB3PeriphClockLPModeCmd             0x08000f95   Thumb Code    34  stm32f4xx_rcc.o(.text)
    RCC_APB1PeriphClockLPModeCmd             0x08000fb7   Thumb Code    34  stm32f4xx_rcc.o(.text)
    RCC_APB2PeriphClockLPModeCmd             0x08000fd9   Thumb Code    34  stm32f4xx_rcc.o(.text)
    RCC_LSEModeConfig                        0x08000ffb   Thumb Code    40  stm32f4xx_rcc.o(.text)
    RCC_ITConfig                             0x08001023   Thumb Code    34  stm32f4xx_rcc.o(.text)
    RCC_ClearFlag                            0x08001045   Thumb Code    18  stm32f4xx_rcc.o(.text)
    RCC_GetITStatus                          0x08001057   Thumb Code    22  stm32f4xx_rcc.o(.text)
    RCC_ClearITPendingBit                    0x0800106d   Thumb Code     8  stm32f4xx_rcc.o(.text)
    USART_DeInit                             0x08001079   Thumb Code   206  stm32f4xx_usart.o(.text)
    USART_Init                               0x08001147   Thumb Code   204  stm32f4xx_usart.o(.text)
    USART_StructInit                         0x08001213   Thumb Code    24  stm32f4xx_usart.o(.text)
    USART_ClockInit                          0x0800122b   Thumb Code    32  stm32f4xx_usart.o(.text)
    USART_ClockStructInit                    0x0800124b   Thumb Code    12  stm32f4xx_usart.o(.text)
    USART_Cmd                                0x08001257   Thumb Code    24  stm32f4xx_usart.o(.text)
    USART_SetPrescaler                       0x0800126f   Thumb Code    16  stm32f4xx_usart.o(.text)
    USART_OverSampling8Cmd                   0x0800127f   Thumb Code    22  stm32f4xx_usart.o(.text)
    USART_OneBitMethodCmd                    0x08001295   Thumb Code    24  stm32f4xx_usart.o(.text)
    USART_SendData                           0x080012ad   Thumb Code     8  stm32f4xx_usart.o(.text)
    USART_ReceiveData                        0x080012b5   Thumb Code    10  stm32f4xx_usart.o(.text)
    USART_SetAddress                         0x080012bf   Thumb Code    18  stm32f4xx_usart.o(.text)
    USART_ReceiverWakeUpCmd                  0x080012d1   Thumb Code    24  stm32f4xx_usart.o(.text)
    USART_WakeUpConfig                       0x080012e9   Thumb Code    18  stm32f4xx_usart.o(.text)
    USART_LINBreakDetectLengthConfig         0x080012fb   Thumb Code    18  stm32f4xx_usart.o(.text)
    USART_LINCmd                             0x0800130d   Thumb Code    24  stm32f4xx_usart.o(.text)
    USART_SendBreak                          0x08001325   Thumb Code    10  stm32f4xx_usart.o(.text)
    USART_HalfDuplexCmd                      0x0800132f   Thumb Code    24  stm32f4xx_usart.o(.text)
    USART_SetGuardTime                       0x08001347   Thumb Code    16  stm32f4xx_usart.o(.text)
    USART_SmartCardCmd                       0x08001357   Thumb Code    24  stm32f4xx_usart.o(.text)
    USART_SmartCardNACKCmd                   0x0800136f   Thumb Code    24  stm32f4xx_usart.o(.text)
    USART_IrDAConfig                         0x08001387   Thumb Code    18  stm32f4xx_usart.o(.text)
    USART_IrDACmd                            0x08001399   Thumb Code    24  stm32f4xx_usart.o(.text)
    USART_DMACmd                             0x080013b1   Thumb Code    18  stm32f4xx_usart.o(.text)
    USART_ITConfig                           0x080013c3   Thumb Code    74  stm32f4xx_usart.o(.text)
    USART_GetFlagStatus                      0x0800140d   Thumb Code    26  stm32f4xx_usart.o(.text)
    USART_ClearFlag                          0x08001427   Thumb Code    18  stm32f4xx_usart.o(.text)
    USART_GetITStatus                        0x08001439   Thumb Code   118  stm32f4xx_usart.o(.text)
    USART_ClearITPendingBit                  0x080014af   Thumb Code    30  stm32f4xx_usart.o(.text)
    TIM_DeInit                               0x080014cd   Thumb Code   346  stm32f4xx_tim.o(.text)
    TIM_TimeBaseInit                         0x08001627   Thumb Code   104  stm32f4xx_tim.o(.text)
    TIM_TimeBaseStructInit                   0x0800168f   Thumb Code    18  stm32f4xx_tim.o(.text)
    TIM_PrescalerConfig                      0x080016a1   Thumb Code     6  stm32f4xx_tim.o(.text)
    TIM_CounterModeConfig                    0x080016a7   Thumb Code    18  stm32f4xx_tim.o(.text)
    TIM_SetCounter                           0x080016b9   Thumb Code     4  stm32f4xx_tim.o(.text)
    TIM_SetAutoreload                        0x080016bd   Thumb Code     4  stm32f4xx_tim.o(.text)
    TIM_GetCounter                           0x080016c1   Thumb Code     6  stm32f4xx_tim.o(.text)
    TIM_GetPrescaler                         0x080016c7   Thumb Code     6  stm32f4xx_tim.o(.text)
    TIM_UpdateDisableConfig                  0x080016cd   Thumb Code    24  stm32f4xx_tim.o(.text)
    TIM_UpdateRequestConfig                  0x080016e5   Thumb Code    24  stm32f4xx_tim.o(.text)
    TIM_ARRPreloadConfig                     0x080016fd   Thumb Code    24  stm32f4xx_tim.o(.text)
    TIM_SelectOnePulseMode                   0x08001715   Thumb Code    18  stm32f4xx_tim.o(.text)
    TIM_SetClockDivision                     0x08001727   Thumb Code    18  stm32f4xx_tim.o(.text)
    TIM_Cmd                                  0x08001739   Thumb Code    24  stm32f4xx_tim.o(.text)
    TIM_OC1Init                              0x08001751   Thumb Code   114  stm32f4xx_tim.o(.text)
    TIM_OC2Init                              0x080017c3   Thumb Code   154  stm32f4xx_tim.o(.text)
    TIM_OC3Init                              0x0800185d   Thumb Code   204  stm32f4xx_tim.o(.text)
    TIM_OC4Init                              0x08001929   Thumb Code   112  stm32f4xx_tim.o(.text)
    TIM_OCStructInit                         0x08001999   Thumb Code    20  stm32f4xx_tim.o(.text)
    TIM_SelectOCxM                           0x080019ad   Thumb Code    86  stm32f4xx_tim.o(.text)
    TIM_SetCompare1                          0x08001a03   Thumb Code     4  stm32f4xx_tim.o(.text)
    TIM_SetCompare2                          0x08001a07   Thumb Code     4  stm32f4xx_tim.o(.text)
    TIM_SetCompare3                          0x08001a0b   Thumb Code     4  stm32f4xx_tim.o(.text)
    TIM_SetCompare4                          0x08001a0f   Thumb Code     4  stm32f4xx_tim.o(.text)
    TIM_ForcedOC1Config                      0x08001a13   Thumb Code    18  stm32f4xx_tim.o(.text)
    TIM_ForcedOC2Config                      0x08001a25   Thumb Code    26  stm32f4xx_tim.o(.text)
    TIM_ForcedOC3Config                      0x08001a3f   Thumb Code    18  stm32f4xx_tim.o(.text)
    TIM_ForcedOC4Config                      0x08001a51   Thumb Code    26  stm32f4xx_tim.o(.text)
    TIM_OC1PreloadConfig                     0x08001a6b   Thumb Code    18  stm32f4xx_tim.o(.text)
    TIM_OC2PreloadConfig                     0x08001a7d   Thumb Code    26  stm32f4xx_tim.o(.text)
    TIM_OC3PreloadConfig                     0x08001a97   Thumb Code    18  stm32f4xx_tim.o(.text)
    TIM_OC4PreloadConfig                     0x08001aa9   Thumb Code    26  stm32f4xx_tim.o(.text)
    TIM_OC1FastConfig                        0x08001ac3   Thumb Code    18  stm32f4xx_tim.o(.text)
    TIM_OC2FastConfig                        0x08001ad5   Thumb Code    26  stm32f4xx_tim.o(.text)
    TIM_OC3FastConfig                        0x08001aef   Thumb Code    18  stm32f4xx_tim.o(.text)
    TIM_OC4FastConfig                        0x08001b01   Thumb Code    26  stm32f4xx_tim.o(.text)
    TIM_ClearOC1Ref                          0x08001b1b   Thumb Code    18  stm32f4xx_tim.o(.text)
    TIM_ClearOC2Ref                          0x08001b2d   Thumb Code    24  stm32f4xx_tim.o(.text)
    TIM_ClearOC3Ref                          0x08001b45   Thumb Code    18  stm32f4xx_tim.o(.text)
    TIM_ClearOC4Ref                          0x08001b57   Thumb Code    24  stm32f4xx_tim.o(.text)
    TIM_OC1PolarityConfig                    0x08001b6f   Thumb Code    18  stm32f4xx_tim.o(.text)
    TIM_OC1NPolarityConfig                   0x08001b81   Thumb Code    18  stm32f4xx_tim.o(.text)
    TIM_OC2PolarityConfig                    0x08001b93   Thumb Code    26  stm32f4xx_tim.o(.text)
    TIM_OC2NPolarityConfig                   0x08001bad   Thumb Code    26  stm32f4xx_tim.o(.text)
    TIM_OC3PolarityConfig                    0x08001bc7   Thumb Code    26  stm32f4xx_tim.o(.text)
    TIM_OC3NPolarityConfig                   0x08001be1   Thumb Code    26  stm32f4xx_tim.o(.text)
    TIM_OC4PolarityConfig                    0x08001bfb   Thumb Code    26  stm32f4xx_tim.o(.text)
    TIM_CCxCmd                               0x08001c15   Thumb Code    30  stm32f4xx_tim.o(.text)
    TIM_CCxNCmd                              0x08001c33   Thumb Code    30  stm32f4xx_tim.o(.text)
    TIM_SetIC4Prescaler                      0x08001c51   Thumb Code    26  stm32f4xx_tim.o(.text)
    TIM_SetIC3Prescaler                      0x08001cbb   Thumb Code    18  stm32f4xx_tim.o(.text)
    TIM_SetIC2Prescaler                      0x08001d15   Thumb Code    26  stm32f4xx_tim.o(.text)
    TIM_SetIC1Prescaler                      0x08001d89   Thumb Code    18  stm32f4xx_tim.o(.text)
    TIM_ICInit                               0x08001dd5   Thumb Code   110  stm32f4xx_tim.o(.text)
    TIM_ICStructInit                         0x08001e43   Thumb Code    18  stm32f4xx_tim.o(.text)
    TIM_PWMIConfig                           0x08001e55   Thumb Code   124  stm32f4xx_tim.o(.text)
    TIM_GetCapture1                          0x08001ed1   Thumb Code     6  stm32f4xx_tim.o(.text)
    TIM_GetCapture2                          0x08001ed7   Thumb Code     6  stm32f4xx_tim.o(.text)
    TIM_GetCapture3                          0x08001edd   Thumb Code     6  stm32f4xx_tim.o(.text)
    TIM_GetCapture4                          0x08001ee3   Thumb Code     6  stm32f4xx_tim.o(.text)
    TIM_BDTRConfig                           0x08001ee9   Thumb Code    32  stm32f4xx_tim.o(.text)
    TIM_BDTRStructInit                       0x08001f09   Thumb Code    18  stm32f4xx_tim.o(.text)
    TIM_CtrlPWMOutputs                       0x08001f1b   Thumb Code    30  stm32f4xx_tim.o(.text)
    TIM_SelectCOM                            0x08001f39   Thumb Code    24  stm32f4xx_tim.o(.text)
    TIM_CCPreloadControl                     0x08001f51   Thumb Code    24  stm32f4xx_tim.o(.text)
    TIM_ITConfig                             0x08001f69   Thumb Code    18  stm32f4xx_tim.o(.text)
    TIM_GenerateEvent                        0x08001f7b   Thumb Code     4  stm32f4xx_tim.o(.text)
    TIM_GetFlagStatus                        0x08001f7f   Thumb Code    18  stm32f4xx_tim.o(.text)
    TIM_ClearFlag                            0x08001f91   Thumb Code     6  stm32f4xx_tim.o(.text)
    TIM_GetITStatus                          0x08001f97   Thumb Code    34  stm32f4xx_tim.o(.text)
    TIM_ClearITPendingBit                    0x08001fb9   Thumb Code     6  stm32f4xx_tim.o(.text)
    TIM_DMAConfig                            0x08001fbf   Thumb Code    10  stm32f4xx_tim.o(.text)
    TIM_DMACmd                               0x08001fc9   Thumb Code    18  stm32f4xx_tim.o(.text)
    TIM_SelectCCDMA                          0x08001fdb   Thumb Code    24  stm32f4xx_tim.o(.text)
    TIM_InternalClockConfig                  0x08001ff3   Thumb Code    12  stm32f4xx_tim.o(.text)
    TIM_SelectInputTrigger                   0x08001fff   Thumb Code    18  stm32f4xx_tim.o(.text)
    TIM_ITRxExternalClockConfig              0x08002011   Thumb Code    24  stm32f4xx_tim.o(.text)
    TIM_TIxExternalClockConfig               0x08002029   Thumb Code    62  stm32f4xx_tim.o(.text)
    TIM_ETRConfig                            0x08002067   Thumb Code    28  stm32f4xx_tim.o(.text)
    TIM_ETRClockMode1Config                  0x08002083   Thumb Code    54  stm32f4xx_tim.o(.text)
    TIM_ETRClockMode2Config                  0x080020b9   Thumb Code    32  stm32f4xx_tim.o(.text)
    TIM_SelectOutputTrigger                  0x080020d9   Thumb Code    18  stm32f4xx_tim.o(.text)
    TIM_SelectSlaveMode                      0x080020eb   Thumb Code    18  stm32f4xx_tim.o(.text)
    TIM_SelectMasterSlaveMode                0x080020fd   Thumb Code    18  stm32f4xx_tim.o(.text)
    TIM_EncoderInterfaceConfig               0x0800210f   Thumb Code    66  stm32f4xx_tim.o(.text)
    TIM_SelectHallSensor                     0x08002151   Thumb Code    24  stm32f4xx_tim.o(.text)
    TIM_RemapConfig                          0x08002169   Thumb Code     6  stm32f4xx_tim.o(.text)
    CAN_DeInit                               0x08002171   Thumb Code    50  stm32f4xx_can.o(.text)
    CAN_Init                                 0x080021a3   Thumb Code   276  stm32f4xx_can.o(.text)
    CAN_FilterInit                           0x080022b7   Thumb Code   258  stm32f4xx_can.o(.text)
    CAN_StructInit                           0x080023b9   Thumb Code    32  stm32f4xx_can.o(.text)
    CAN_SlaveStartBank                       0x080023d9   Thumb Code    48  stm32f4xx_can.o(.text)
    CAN_DBGFreeze                            0x08002409   Thumb Code    22  stm32f4xx_can.o(.text)
    CAN_TTComModeCmd                         0x0800241f   Thumb Code   118  stm32f4xx_can.o(.text)
    CAN_Transmit                             0x08002495   Thumb Code   304  stm32f4xx_can.o(.text)
    CAN_TransmitStatus                       0x080025c5   Thumb Code   138  stm32f4xx_can.o(.text)
    CAN_CancelTransmit                       0x0800264f   Thumb Code    48  stm32f4xx_can.o(.text)
    CAN_Receive                              0x0800267f   Thumb Code   240  stm32f4xx_can.o(.text)
    CAN_FIFORelease                          0x0800276f   Thumb Code    22  stm32f4xx_can.o(.text)
    CAN_MessagePending                       0x08002785   Thumb Code    30  stm32f4xx_can.o(.text)
    CAN_OperatingModeRequest                 0x080027a3   Thumb Code   162  stm32f4xx_can.o(.text)
    CAN_Sleep                                0x08002845   Thumb Code    30  stm32f4xx_can.o(.text)
    CAN_WakeUp                               0x08002863   Thumb Code    48  stm32f4xx_can.o(.text)
    CAN_GetLastErrorCode                     0x08002893   Thumb Code    12  stm32f4xx_can.o(.text)
    CAN_GetReceiveErrorCounter               0x0800289f   Thumb Code    10  stm32f4xx_can.o(.text)
    CAN_GetLSBTransmitErrorCounter           0x080028a9   Thumb Code    12  stm32f4xx_can.o(.text)
    CAN_ITConfig                             0x080028b5   Thumb Code    18  stm32f4xx_can.o(.text)
    CAN_GetFlagStatus                        0x080028c7   Thumb Code   120  stm32f4xx_can.o(.text)
    CAN_ClearFlag                            0x0800293f   Thumb Code    52  stm32f4xx_can.o(.text)
    CAN_GetITStatus                          0x08002985   Thumb Code   310  stm32f4xx_can.o(.text)
    CAN_ClearITPendingBit                    0x08002abb   Thumb Code   162  stm32f4xx_can.o(.text)
    SysTick_Handler                          0x08002b61   Thumb Code    16  delay.o(.text)
    delay_init                               0x08002b71   Thumb Code    58  delay.o(.text)
    delay_us                                 0x08002bab   Thumb Code    68  delay.o(.text)
    delay_ms                                 0x08002bef   Thumb Code    60  delay.o(.text)
    delay_xms                                0x08002c2b   Thumb Code    24  delay.o(.text)
    LED_Init                                 0x08002c4d   Thumb Code   112  led.o(.text)
    vListInitialise                          0x08002cc5   Thumb Code    26  list.o(.text)
    vListInitialiseItem                      0x08002cdf   Thumb Code     6  list.o(.text)
    vListInsertEnd                           0x08002ce5   Thumb Code    24  list.o(.text)
    vListInsert                              0x08002cfd   Thumb Code    52  list.o(.text)
    uxListRemove                             0x08002d31   Thumb Code    40  list.o(.text)
    xQueueGenericReset                       0x08002d59   Thumb Code   146  queue.o(.text)
    xQueueGenericCreate                      0x08002e15   Thumb Code    90  queue.o(.text)
    xQueueGenericSend                        0x08002f89   Thumb Code   420  queue.o(.text)
    xQueueCreateMutex                        0x0800314b   Thumb Code    34  queue.o(.text)
    xQueueGiveMutexRecursive                 0x0800316d   Thumb Code    78  queue.o(.text)
    xQueueSemaphoreTake                      0x080031e9   Thumb Code   434  queue.o(.text)
    xQueueTakeMutexRecursive                 0x0800339b   Thumb Code    78  queue.o(.text)
    xQueueCreateCountingSemaphore            0x080033e9   Thumb Code    92  queue.o(.text)
    xQueueGenericSendFromISR                 0x08003445   Thumb Code   248  queue.o(.text)
    xQueueGiveFromISR                        0x0800353d   Thumb Code   224  queue.o(.text)
    xQueueReceive                            0x08003647   Thumb Code   362  queue.o(.text)
    xQueuePeek                               0x080037b1   Thumb Code   362  queue.o(.text)
    xQueueReceiveFromISR                     0x0800391b   Thumb Code   202  queue.o(.text)
    xQueuePeekFromISR                        0x080039e5   Thumb Code   176  queue.o(.text)
    uxQueueMessagesWaiting                   0x08003a95   Thumb Code    42  queue.o(.text)
    uxQueueSpacesAvailable                   0x08003abf   Thumb Code    52  queue.o(.text)
    uxQueueMessagesWaitingFromISR            0x08003af3   Thumb Code    34  queue.o(.text)
    vQueueUnregisterQueue                    0x08003b15   Thumb Code    44  queue.o(.text)
    vQueueDelete                             0x08003b41   Thumb Code    44  queue.o(.text)
    uxQueueGetQueueNumber                    0x08003b6d   Thumb Code     6  queue.o(.text)
    vQueueSetQueueNumber                     0x08003b73   Thumb Code     4  queue.o(.text)
    ucQueueGetQueueType                      0x08003b77   Thumb Code     8  queue.o(.text)
    xQueueIsQueueEmptyFromISR                0x08003b7f   Thumb Code    42  queue.o(.text)
    xQueueIsQueueFullFromISR                 0x08003ba9   Thumb Code    46  queue.o(.text)
    vQueueAddToRegistry                      0x08003bd7   Thumb Code    38  queue.o(.text)
    pcQueueGetName                           0x08003bfd   Thumb Code    38  queue.o(.text)
    vQueueWaitForMessageRestricted           0x08003c23   Thumb Code    74  queue.o(.text)
    xTaskCreate                              0x08003e1f   Thumb Code    96  tasks.o(.text)
    vTaskDelete                              0x08003ebb   Thumb Code   202  tasks.o(.text)
    xTaskIncrementTick                       0x08003f85   Thumb Code   358  tasks.o(.text)
    xTaskResumeAll                           0x080040eb   Thumb Code   224  tasks.o(.text)
    vTaskSuspendAll                          0x08004247   Thumb Code    12  tasks.o(.text)
    vTaskDelayUntil                          0x08004253   Thumb Code   200  tasks.o(.text)
    vTaskDelay                               0x0800431b   Thumb Code    82  tasks.o(.text)
    eTaskGetState                            0x0800436d   Thumb Code   128  tasks.o(.text)
    uxTaskPriorityGet                        0x080043ed   Thumb Code    30  tasks.o(.text)
    uxTaskPriorityGetFromISR                 0x0800440b   Thumb Code    62  tasks.o(.text)
    vTaskPrioritySet                         0x08004449   Thumb Code   324  tasks.o(.text)
    vTaskSwitchContext                       0x0800458d   Thumb Code   118  tasks.o(.text)
    vTaskSuspend                             0x08004603   Thumb Code   210  tasks.o(.text)
    vTaskResume                              0x08004725   Thumb Code   128  tasks.o(.text)
    xTaskResumeFromISR                       0x080047a5   Thumb Code   158  tasks.o(.text)
    vTaskStartScheduler                      0x080048a1   Thumb Code   192  tasks.o(.text)
    vTaskEndScheduler                        0x08004961   Thumb Code    32  tasks.o(.text)
    xTaskGetTickCount                        0x08004981   Thumb Code     6  tasks.o(.text)
    xTaskGetTickCountFromISR                 0x08004987   Thumb Code    16  tasks.o(.text)
    uxTaskGetNumberOfTasks                   0x08004997   Thumb Code     6  tasks.o(.text)
    pcTaskGetName                            0x0800499d   Thumb Code    44  tasks.o(.text)
    vTaskGetInfo                             0x080049df   Thumb Code   126  tasks.o(.text)
    uxTaskGetSystemState                     0x08004ac7   Thumb Code   152  tasks.o(.text)
    vTaskPlaceOnEventList                    0x08004b5f   Thumb Code    52  tasks.o(.text)
    vTaskPlaceOnUnorderedEventList           0x08004b93   Thumb Code   100  tasks.o(.text)
    vTaskPlaceOnEventListRestricted          0x08004bf7   Thumb Code    60  tasks.o(.text)
    xTaskRemoveFromEventList                 0x08004c33   Thumb Code   128  tasks.o(.text)
    vTaskRemoveFromUnorderedEventList        0x08004cb3   Thumb Code   142  tasks.o(.text)
    vTaskSetTimeOutState                     0x08004d41   Thumb Code   102  tasks.o(.text)
    vTaskInternalSetTimeOutState             0x08004da7   Thumb Code    14  tasks.o(.text)
    xTaskCheckForTimeOut                     0x08004db5   Thumb Code   132  tasks.o(.text)
    vTaskMissedYield                         0x08004e39   Thumb Code     8  tasks.o(.text)
    uxTaskGetTaskNumber                      0x08004e41   Thumb Code    14  tasks.o(.text)
    vTaskSetTaskNumber                       0x08004e4f   Thumb Code     8  tasks.o(.text)
    xTaskGetCurrentTaskHandle                0x08004e57   Thumb Code     6  tasks.o(.text)
    xTaskGetSchedulerState                   0x08004e5d   Thumb Code    24  tasks.o(.text)
    xTaskPriorityInherit                     0x08004e75   Thumb Code   186  tasks.o(.text)
    xTaskPriorityDisinherit                  0x08004f2f   Thumb Code   188  tasks.o(.text)
    vTaskPriorityDisinheritAfterTimeout      0x08004feb   Thumb Code   230  tasks.o(.text)
    uxTaskResetEventItemValue                0x080050d1   Thumb Code    24  tasks.o(.text)
    pvTaskIncrementMutexHeldCount            0x080050e9   Thumb Code    26  tasks.o(.text)
    ulTaskNotifyTake                         0x08005103   Thumb Code   108  tasks.o(.text)
    xTaskNotifyWait                          0x0800516f   Thumb Code   188  tasks.o(.text)
    xTaskGenericNotify                       0x0800522b   Thumb Code   280  tasks.o(.text)
    xTaskGenericNotifyFromISR                0x08005343   Thumb Code   334  tasks.o(.text)
    vTaskNotifyGiveFromISR                   0x08005491   Thumb Code   214  tasks.o(.text)
    xTaskNotifyStateClear                    0x08005567   Thumb Code    48  tasks.o(.text)
    xTimerGenericCommand                     0x08005605   Thumb Code   126  timers.o(.text)
    xTimerCreateTimerTask                    0x0800597b   Thumb Code   118  timers.o(.text)
    xTimerCreate                             0x08005a3f   Thumb Code    48  timers.o(.text)
    xTimerGetTimerDaemonTaskHandle           0x08005a6f   Thumb Code    42  timers.o(.text)
    xTimerGetPeriod                          0x08005a99   Thumb Code    32  timers.o(.text)
    xTimerGetExpiryTime                      0x08005ab9   Thumb Code    34  timers.o(.text)
    pcTimerGetName                           0x08005adb   Thumb Code    32  timers.o(.text)
    xTimerIsTimerActive                      0x08005afb   Thumb Code    62  timers.o(.text)
    pvTimerGetTimerID                        0x08005b39   Thumb Code    44  timers.o(.text)
    vTimerSetTimerID                         0x08005b65   Thumb Code    44  timers.o(.text)
    uxTimerGetTimerNumber                    0x08005b91   Thumb Code     6  timers.o(.text)
    vTimerSetTimerNumber                     0x08005b97   Thumb Code     4  timers.o(.text)
    pxPortInitialiseStack                    0x08005bdd   Thumb Code    38  port.o(.text)
    vPortSetupTimerInterrupt                 0x08005c03   Thumb Code    36  port.o(.text)
    xPortStartScheduler                      0x08005c27   Thumb Code   330  port.o(.text)
    vPortEndScheduler                        0x08005d71   Thumb Code    42  port.o(.text)
    vPortEnterCritical                       0x08005d9b   Thumb Code    78  port.o(.text)
    vPortExitCritical                        0x08005de9   Thumb Code    56  port.o(.text)
    xPortSysTickHandler                      0x08005e21   Thumb Code    48  port.o(.text)
    vPortValidateInterruptPriority           0x08005e51   Thumb Code   108  port.o(.text)
    pvPortMalloc                             0x08005fa3   Thumb Code   296  heap_4.o(.text)
    vPortFree                                0x080060cb   Thumb Code   140  heap_4.o(.text)
    xPortGetFreeHeapSize                     0x08006157   Thumb Code     6  heap_4.o(.text)
    xPortGetMinimumEverFreeHeapSize          0x0800615d   Thumb Code     6  heap_4.o(.text)
    vPortInitialiseBlocks                    0x08006163   Thumb Code     2  heap_4.o(.text)
    xMBPortEventInit                         0x0800617d   Thumb Code    10  portevent.o(.text)
    xMBPortEventPost                         0x08006187   Thumb Code    16  portevent.o(.text)
    xMBPortEventGet                          0x08006197   Thumb Code    26  portevent.o(.text)
    vMBPortSerialEnable                      0x080061b9   Thumb Code    64  portserial.o(.text)
    xMBPortSerialInit                        0x080061f9   Thumb Code   170  portserial.o(.text)
    xMBPortSerialPutByte                     0x080062a3   Thumb Code    16  portserial.o(.text)
    xMBPortSerialGetByte                     0x080062b3   Thumb Code    16  portserial.o(.text)
    USART1_IRQHandler                        0x080062d7   Thumb Code    60  portserial.o(.text)
    xMBPortTimersInit                        0x08006325   Thumb Code   112  porttimer.o(.text)
    vMBPortTimersEnable                      0x08006395   Thumb Code    38  porttimer.o(.text)
    vMBPortTimersDisable                     0x080063bb   Thumb Code    38  porttimer.o(.text)
    TIM3_IRQHandler                          0x080063eb   Thumb Code    26  porttimer.o(.text)
    eMBInit                                  0x0800640d   Thumb Code   222  mb.o(.text)
    eMBRegisterCB                            0x080064eb   Thumb Code   138  mb.o(.text)
    eMBClose                                 0x08006575   Thumb Code    32  mb.o(.text)
    eMBEnable                                0x08006595   Thumb Code    32  mb.o(.text)
    eMBDisable                               0x080065b5   Thumb Code    42  mb.o(.text)
    eMBPoll                                  0x080065df   Thumb Code   268  mb.o(.text)
    usMBCRC16                                0x08006769   Thumb Code    48  mbcrc.o(.text)
    eMBRTUInit                               0x080067a1   Thumb Code    84  mbrtu.o(.text)
    eMBRTUStart                              0x080067f5   Thumb Code    30  mbrtu.o(.text)
    eMBRTUStop                               0x08006813   Thumb Code    24  mbrtu.o(.text)
    eMBRTUReceive                            0x0800682b   Thumb Code    98  mbrtu.o(.text)
    eMBRTUSend                               0x0800688d   Thumb Code   154  mbrtu.o(.text)
    xMBRTUReceiveFSM                         0x08006927   Thumb Code   140  mbrtu.o(.text)
    xMBRTUTransmitFSM                        0x080069b3   Thumb Code   116  mbrtu.o(.text)
    xMBRTUTimerT35Expired                    0x08006a27   Thumb Code    96  mbrtu.o(.text)
    eMBASCIIInit                             0x08006b2d   Thumb Code    68  mbascii.o(.text)
    eMBASCIIStart                            0x08006b71   Thumb Code    32  mbascii.o(.text)
    eMBASCIIStop                             0x08006b91   Thumb Code    24  mbascii.o(.text)
    eMBASCIIReceive                          0x08006bc9   Thumb Code    96  mbascii.o(.text)
    eMBASCIISend                             0x08006c29   Thumb Code   110  mbascii.o(.text)
    xMBASCIIReceiveFSM                       0x08006cbd   Thumb Code   296  mbascii.o(.text)
    xMBASCIITransmitFSM                      0x08006e11   Thumb Code   240  mbascii.o(.text)
    xMBASCIITimerT1SExpired                  0x08006f01   Thumb Code   242  mbascii.o(.text)
    eMBFuncReadCoils                         0x08006ff9   Thumb Code   166  mbfunccoils.o(.text)
    eMBFuncWriteCoil                         0x0800709f   Thumb Code   108  mbfunccoils.o(.text)
    eMBFuncWriteMultipleCoils                0x0800710b   Thumb Code   142  mbfunccoils.o(.text)
    eMBFuncReadDiscreteInputs                0x08007199   Thumb Code   164  mbfuncdisc.o(.text)
    eMBFuncWriteHoldingRegister              0x0800723d   Thumb Code    62  mbfuncholding.o(.text)
    eMBFuncWriteMultipleHoldingRegister      0x0800727b   Thumb Code   106  mbfuncholding.o(.text)
    eMBFuncReadHoldingRegister               0x080072e5   Thumb Code   132  mbfuncholding.o(.text)
    eMBFuncReadWriteMultipleHoldingRegister  0x08007369   Thumb Code   212  mbfuncholding.o(.text)
    eMBFuncReadInputRegister                 0x0800743d   Thumb Code   132  mbfuncinput.o(.text)
    eMBSetSlaveID                            0x080074c1   Thumb Code   110  mbfuncother.o(.text)
    eMBFuncReportSlaveID                     0x0800752f   Thumb Code    30  mbfuncother.o(.text)
    xMBUtilSetBits                           0x08007555   Thumb Code   104  mbutils.o(.text)
    xMBUtilGetBits                           0x080075bd   Thumb Code    42  mbutils.o(.text)
    prveMBError2Exception                    0x080075e7   Thumb Code    34  mbutils.o(.text)
    eMBRegInputCB                            0x08007645   Thumb Code    68  freemodbus.o(.text)
    eMBRegHoldingCB                          0x08007689   Thumb Code   124  freemodbus.o(.text)
    eMBRegCoilsCB                            0x08007705   Thumb Code   146  freemodbus.o(.text)
    eMBRegDiscreteCB                         0x08007797   Thumb Code    90  freemodbus.o(.text)
    CAN1_Mode_Init                           0x08007809   Thumb Code   288  can.o(.text)
    CAN1_RX0_IRQHandler                      0x08007929   Thumb Code    36  can.o(.text)
    CAN1_TX_IRQHandler                       0x0800794d   Thumb Code    22  can.o(.text)
    CAN1_Send_Frame                          0x08007963   Thumb Code   124  can.o(.text)
    CAN1_Receive_Msg                         0x080079df   Thumb Code    60  can.o(.text)
    CanInit                                  0x08007a1b   Thumb Code    18  can.o(.text)
    Sdo_WrU32                                0x08007a2d   Thumb Code    76  can.o(.text)
    Sdo_WrU16                                0x08007a79   Thumb Code    74  can.o(.text)
    Sdo_WrU8                                 0x08007ac3   Thumb Code    72  can.o(.text)
    NMT_Start                                0x08007b0b   Thumb Code    28  can.o(.text)
    NMT_Stop                                 0x08007b27   Thumb Code    28  can.o(.text)
    NMT_PreSTA                               0x08007b43   Thumb Code    28  can.o(.text)
    NMT_RstNode                              0x08007b5f   Thumb Code    28  can.o(.text)
    NMT_RstComm                              0x08007b7b   Thumb Code    28  can.o(.text)
    TX_PDO1                                  0x08007b97   Thumb Code    34  can.o(.text)
    SetMotorCtrlword                         0x08007bb9   Thumb Code    16  can.o(.text)
    TX_PDO2                                  0x08007bc9   Thumb Code    60  can.o(.text)
    TX_PDO3                                  0x08007c05   Thumb Code    56  can.o(.text)
    TX_PDO4                                  0x08007c3d   Thumb Code    26  can.o(.text)
    StartMotor                               0x08007c57   Thumb Code    28  can.o(.text)
    RX_PDO1                                  0x08007c73   Thumb Code    20  can.o(.text)
    __aeabi_assert                           0x08007c89   Thumb Code    84  assert.o(.text)
    __assert                                 0x08007c89   Thumb Code     0  assert.o(.text)
    __aeabi_memcpy                           0x08007d05   Thumb Code     0  rt_memcpy_v6.o(.text)
    __rt_memcpy                              0x08007d05   Thumb Code   138  rt_memcpy_v6.o(.text)
    _memcpy_lastbytes                        0x08007d6b   Thumb Code     0  rt_memcpy_v6.o(.text)
    __aeabi_memset                           0x08007d8f   Thumb Code    16  aeabi_memset.o(.text)
    __use_two_region_memory                  0x08007d9f   Thumb Code     2  heapauxi.o(.text)
    __rt_heap_escrow                         0x08007da1   Thumb Code     2  heapauxi.o(.text)
    __rt_heap_expand                         0x08007da3   Thumb Code     2  heapauxi.o(.text)
    abort                                    0x08007da5   Thumb Code    16  abort.o(.text)
    __assert_puts                            0x08007db5   Thumb Code    20  assert_puts.o(.text)
    __aeabi_memcpy4                          0x08007dc9   Thumb Code     0  rt_memcpy_w.o(.text)
    __aeabi_memcpy8                          0x08007dc9   Thumb Code     0  rt_memcpy_w.o(.text)
    __rt_memcpy_w                            0x08007dc9   Thumb Code   100  rt_memcpy_w.o(.text)
    _memcpy_lastbytes_aligned                0x08007e11   Thumb Code     0  rt_memcpy_w.o(.text)
    __aeabi_memclr                           0x08007e2d   Thumb Code     0  rt_memclr.o(.text)
    __rt_memclr                              0x08007e2d   Thumb Code    68  rt_memclr.o(.text)
    _memset                                  0x08007e31   Thumb Code     0  rt_memclr.o(.text)
    _ttywrch                                 0x08007e71   Thumb Code    14  sys_wrch.o(.text)
    _sys_exit                                0x08007e81   Thumb Code     8  sys_exit.o(.text)
    __rt_SIGABRT                             0x08007e8d   Thumb Code    14  defsig_abrt_outer.o(.text)
    __aeabi_memclr4                          0x08007e9b   Thumb Code     0  rt_memclr_w.o(.text)
    __aeabi_memclr8                          0x08007e9b   Thumb Code     0  rt_memclr_w.o(.text)
    __rt_memclr_w                            0x08007e9b   Thumb Code    78  rt_memclr_w.o(.text)
    _memset_w                                0x08007e9f   Thumb Code     0  rt_memclr_w.o(.text)
    __I$use$semihosting                      0x08007ee9   Thumb Code     0  use_no_semi.o(.text)
    __use_no_semihosting_swi                 0x08007ee9   Thumb Code     2  use_no_semi.o(.text)
    __semihosting_library_function           0x08007eeb   Thumb Code     0  indicate_semi.o(.text)
    __user_setup_stackheap                   0x08007eeb   Thumb Code    74  sys_stackheap_outer.o(.text)
    exit                                     0x08007f35   Thumb Code    12  exit.o(.text)
    __sig_exit                               0x08007f41   Thumb Code    10  defsig_exit.o(.text)
    __rt_SIGABRT_inner                       0x08007f4d   Thumb Code    14  defsig_abrt_inner.o(.text)
    __user_libspace                          0x08007f7d   Thumb Code     8  libspace.o(.text)
    __user_perproc_libspace                  0x08007f7d   Thumb Code     0  libspace.o(.text)
    __user_perthread_libspace                0x08007f7d   Thumb Code     0  libspace.o(.text)
    __default_signal_display                 0x08007f85   Thumb Code    50  defsig_general.o(.text)
    _fp_init                                 0x08007fb7   Thumb Code    10  fpinit.o(x$fpl$fpinit)
    __fplib_config_fpu_vfp                   0x08007fbf   Thumb Code     0  fpinit.o(x$fpl$fpinit)
    __fplib_config_pureend_doubles           0x08007fbf   Thumb Code     0  fpinit.o(x$fpl$fpinit)
    Region$$Table$$Base                      0x08008268   Number         0  anon$$obj.o(Region$$Table)
    Region$$Table$$Limit                     0x08008288   Number         0  anon$$obj.o(Region$$Table)
    SystemCoreClock                          0x20000000   Data           4  system_stm32f4xx.o(.data)
    AHBPrescTable                            0x20000004   Data          16  system_stm32f4xx.o(.data)
    StartTask_Handler                        0x20000014   Data           4  main.o(.data)
    ModbusTask_Handler                       0x20000018   Data           4  main.o(.data)
    CanTestTask_Handler                      0x2000001c   Data           4  main.o(.data)
    pxCurrentTCB                             0x20000034   Data           4  tasks.o(.data)
    pxMBFrameCBByteReceived                  0x200000c4   Data           4  mb.o(.data)
    pxMBFrameCBTransmitterEmpty              0x200000c8   Data           4  mb.o(.data)
    pxMBPortCBTimerExpired                   0x200000cc   Data           4  mb.o(.data)
    pxMBFrameCBReceiveFSMCur                 0x200000d0   Data           4  mb.o(.data)
    pxMBFrameCBTransmitFSMCur                0x200000d4   Data           4  mb.o(.data)
    usRegInputBuf                            0x20000186   Data          32  freemodbus.o(.data)
    usRegInputStart                          0x200001a6   Data           2  freemodbus.o(.data)
    usRegHoldingStart                        0x200001a8   Data           2  freemodbus.o(.data)
    ucRegCoilsBuf                            0x200001aa   Data           2  freemodbus.o(.data)
    ucRegDiscreteBuf                         0x200001ac   Data           2  freemodbus.o(.data)
    xQueueRegistry                           0x200001b0   Data          64  queue.o(.bss)
    ucRTUBuf                                 0x20012ee0   Data         256  mbrtu.o(.bss)
    usRegHoldingBuf                          0x20013000   Data         512  freemodbus.o(.bss)
    __libspace_start                         0x20013200   Data          96  libspace.o(.bss)
    __temporary_stack_top$libspace           0x20013260   Data           0  libspace.o(.bss)



==============================================================================

Memory Map of the image

  Image Entry point : 0x08000189

  Load Region LR_IROM1 (Base: 0x08000000, Size: 0x00008438, Max: 0x00080000, ABSOLUTE, COMPRESSED[0x00008308])

    Execution Region ER_IROM1 (Base: 0x08000000, Size: 0x00008288, Max: 0x00080000, ABSOLUTE)

    Base Addr    Size         Type   Attr      Idx    E Section Name        Object

    0x08000000   0x00000188   Data   RO          363    RESET               startup_stm32f40_41xxx.o
    0x08000188   0x00000008   Code   RO         1375  * !!!main             c_w.l(__main.o)
    0x08000190   0x00000034   Code   RO         1666    !!!scatter          c_w.l(__scatter.o)
    0x080001c4   0x0000005a   Code   RO         1664    !!dczerorl2         c_w.l(__dczerorl2.o)
    0x0800021e   0x00000002   PAD
    0x08000220   0x0000001c   Code   RO         1668    !!handler_zi        c_w.l(__scatter_zi.o)
    0x0800023c   0x00000002   Code   RO         1506    .ARM.Collect$$libinit$$00000000  c_w.l(libinit.o)
    0x0800023e   0x00000004   Code   RO         1545    .ARM.Collect$$libinit$$00000001  c_w.l(libinit2.o)
    0x08000242   0x00000000   Code   RO         1549    .ARM.Collect$$libinit$$00000008  c_w.l(libinit2.o)
    0x08000242   0x00000000   Code   RO         1551    .ARM.Collect$$libinit$$0000000A  c_w.l(libinit2.o)
    0x08000242   0x00000000   Code   RO         1553    .ARM.Collect$$libinit$$0000000C  c_w.l(libinit2.o)
    0x08000242   0x00000000   Code   RO         1556    .ARM.Collect$$libinit$$0000000F  c_w.l(libinit2.o)
    0x08000242   0x00000000   Code   RO         1558    .ARM.Collect$$libinit$$00000011  c_w.l(libinit2.o)
    0x08000242   0x00000000   Code   RO         1560    .ARM.Collect$$libinit$$00000013  c_w.l(libinit2.o)
    0x08000242   0x00000000   Code   RO         1562    .ARM.Collect$$libinit$$00000015  c_w.l(libinit2.o)
    0x08000242   0x00000000   Code   RO         1564    .ARM.Collect$$libinit$$00000017  c_w.l(libinit2.o)
    0x08000242   0x00000000   Code   RO         1566    .ARM.Collect$$libinit$$00000019  c_w.l(libinit2.o)
    0x08000242   0x00000000   Code   RO         1568    .ARM.Collect$$libinit$$0000001B  c_w.l(libinit2.o)
    0x08000242   0x00000000   Code   RO         1570    .ARM.Collect$$libinit$$0000001D  c_w.l(libinit2.o)
    0x08000242   0x00000000   Code   RO         1572    .ARM.Collect$$libinit$$0000001F  c_w.l(libinit2.o)
    0x08000242   0x00000000   Code   RO         1574    .ARM.Collect$$libinit$$00000021  c_w.l(libinit2.o)
    0x08000242   0x00000000   Code   RO         1576    .ARM.Collect$$libinit$$00000023  c_w.l(libinit2.o)
    0x08000242   0x00000000   Code   RO         1580    .ARM.Collect$$libinit$$0000002A  c_w.l(libinit2.o)
    0x08000242   0x00000000   Code   RO         1582    .ARM.Collect$$libinit$$0000002C  c_w.l(libinit2.o)
    0x08000242   0x00000000   Code   RO         1584    .ARM.Collect$$libinit$$0000002E  c_w.l(libinit2.o)
    0x08000242   0x00000000   Code   RO         1586    .ARM.Collect$$libinit$$00000030  c_w.l(libinit2.o)
    0x08000242   0x00000002   Code   RO         1587    .ARM.Collect$$libinit$$00000031  c_w.l(libinit2.o)
    0x08000244   0x00000002   Code   RO         1642    .ARM.Collect$$libshutdown$$00000000  c_w.l(libshutdown.o)
    0x08000246   0x00000000   Code   RO         1649    .ARM.Collect$$libshutdown$$00000003  c_w.l(libshutdown2.o)
    0x08000246   0x00000000   Code   RO         1652    .ARM.Collect$$libshutdown$$00000006  c_w.l(libshutdown2.o)
    0x08000246   0x00000000   Code   RO         1655    .ARM.Collect$$libshutdown$$00000009  c_w.l(libshutdown2.o)
    0x08000246   0x00000000   Code   RO         1657    .ARM.Collect$$libshutdown$$0000000B  c_w.l(libshutdown2.o)
    0x08000246   0x00000000   Code   RO         1660    .ARM.Collect$$libshutdown$$0000000E  c_w.l(libshutdown2.o)
    0x08000246   0x00000002   Code   RO         1661    .ARM.Collect$$libshutdown$$0000000F  c_w.l(libshutdown2.o)
    0x08000248   0x00000000   Code   RO         1381    .ARM.Collect$$rtentry$$00000000  c_w.l(rtentry.o)
    0x08000248   0x00000000   Code   RO         1397    .ARM.Collect$$rtentry$$00000002  c_w.l(rtentry2.o)
    0x08000248   0x00000006   Code   RO         1409    .ARM.Collect$$rtentry$$00000004  c_w.l(rtentry4.o)
    0x0800024e   0x00000000   Code   RO         1399    .ARM.Collect$$rtentry$$00000009  c_w.l(rtentry2.o)
    0x0800024e   0x00000004   Code   RO         1400    .ARM.Collect$$rtentry$$0000000A  c_w.l(rtentry2.o)
    0x08000252   0x00000000   Code   RO         1402    .ARM.Collect$$rtentry$$0000000C  c_w.l(rtentry2.o)
    0x08000252   0x00000008   Code   RO         1403    .ARM.Collect$$rtentry$$0000000D  c_w.l(rtentry2.o)
    0x0800025a   0x00000002   Code   RO         1512    .ARM.Collect$$rtexit$$00000000  c_w.l(rtexit.o)
    0x0800025c   0x00000000   Code   RO         1591    .ARM.Collect$$rtexit$$00000002  c_w.l(rtexit2.o)
    0x0800025c   0x00000004   Code   RO         1592    .ARM.Collect$$rtexit$$00000003  c_w.l(rtexit2.o)
    0x08000260   0x00000006   Code   RO         1593    .ARM.Collect$$rtexit$$00000004  c_w.l(rtexit2.o)
    0x08000266   0x00000002   PAD
    0x08000268   0x00000010   Code   RO          689    .emb_text           sys.o
    0x08000278   0x000000be   Code   RO          884    .emb_text           port.o
    0x08000336   0x00000014   Code   RO            5    .text               stm32f4xx_it.o
    0x0800034a   0x00000002   PAD
    0x0800034c   0x00000210   Code   RO          138    .text               system_stm32f4xx.o
    0x0800055c   0x0000010c   Code   RO          167    .text               main.o
    0x08000668   0x00000040   Code   RO          364    .text               startup_stm32f40_41xxx.o
    0x080006a8   0x000000e0   Code   RO          372    .text               misc.o
    0x08000788   0x00000294   Code   RO          421    .text               stm32f4xx_gpio.o
    0x08000a1c   0x0000065c   Code   RO          444    .text               stm32f4xx_rcc.o
    0x08001078   0x00000454   Code   RO          492    .text               stm32f4xx_usart.o
    0x080014cc   0x00000ca2   Code   RO          515    .text               stm32f4xx_tim.o
    0x0800216e   0x00000002   PAD
    0x08002170   0x000009f0   Code   RO          538    .text               stm32f4xx_can.o
    0x08002b60   0x000000ec   Code   RO          630    .text               delay.o
    0x08002c4c   0x00000078   Code   RO          712    .text               led.o
    0x08002cc4   0x00000094   Code   RO          787    .text               list.o
    0x08002d58   0x00000f18   Code   RO          803    .text               queue.o
    0x08003c70   0x00001944   Code   RO          826    .text               tasks.o
    0x080055b4   0x000005ec   Code   RO          850    .text               timers.o
    0x08005ba0   0x00000340   Code   RO          886    .text               port.o
    0x08005ee0   0x0000029c   Code   RO          916    .text               heap_4.o
    0x0800617c   0x0000003c   Code   RO          936    .text               portevent.o
    0x080061b8   0x0000016c   Code   RO          980    .text               portserial.o
    0x08006324   0x000000e8   Code   RO         1009    .text               porttimer.o
    0x0800640c   0x0000035c   Code   RO         1032    .text               mb.o
    0x08006768   0x00000038   Code   RO         1079    .text               mbcrc.o
    0x080067a0   0x0000038c   Code   RO         1104    .text               mbrtu.o
    0x08006b2c   0x000004cc   Code   RO         1135    .text               mbascii.o
    0x08006ff8   0x000001a0   Code   RO         1162    .text               mbfunccoils.o
    0x08007198   0x000000a4   Code   RO         1189    .text               mbfuncdisc.o
    0x0800723c   0x00000200   Code   RO         1213    .text               mbfuncholding.o
    0x0800743c   0x00000084   Code   RO         1237    .text               mbfuncinput.o
    0x080074c0   0x00000094   Code   RO         1260    .text               mbfuncother.o
    0x08007554   0x000000f0   Code   RO         1286    .text               mbutils.o
    0x08007644   0x000001c4   Code   RO         1310    .text               freemodbus.o
    0x08007808   0x0000047e   Code   RO         1343    .text               can.o
    0x08007c86   0x00000002   PAD
    0x08007c88   0x0000007c   Code   RO         1367    .text               c_w.l(assert.o)
    0x08007d04   0x0000008a   Code   RO         1369    .text               c_w.l(rt_memcpy_v6.o)
    0x08007d8e   0x00000010   Code   RO         1371    .text               c_w.l(aeabi_memset.o)
    0x08007d9e   0x00000006   Code   RO         1373    .text               c_w.l(heapauxi.o)
    0x08007da4   0x00000010   Code   RO         1382    .text               c_w.l(abort.o)
    0x08007db4   0x00000014   Code   RO         1384    .text               c_w.l(assert_puts.o)
    0x08007dc8   0x00000064   Code   RO         1386    .text               c_w.l(rt_memcpy_w.o)
    0x08007e2c   0x00000044   Code   RO         1388    .text               c_w.l(rt_memclr.o)
    0x08007e70   0x0000000e   Code   RO         1392    .text               c_w.l(sys_wrch.o)
    0x08007e7e   0x00000002   PAD
    0x08007e80   0x0000000c   Code   RO         1394    .text               c_w.l(sys_exit.o)
    0x08007e8c   0x0000000e   Code   RO         1411    .text               c_w.l(defsig_abrt_outer.o)
    0x08007e9a   0x0000004e   Code   RO         1415    .text               c_w.l(rt_memclr_w.o)
    0x08007ee8   0x00000002   Code   RO         1423    .text               c_w.l(use_no_semi.o)
    0x08007eea   0x00000000   Code   RO         1425    .text               c_w.l(indicate_semi.o)
    0x08007eea   0x0000004a   Code   RO         1426    .text               c_w.l(sys_stackheap_outer.o)
    0x08007f34   0x0000000c   Code   RO         1492    .text               c_w.l(exit.o)
    0x08007f40   0x0000000a   Code   RO         1497    .text               c_w.l(defsig_exit.o)
    0x08007f4a   0x00000002   PAD
    0x08007f4c   0x00000030   Code   RO         1499    .text               c_w.l(defsig_abrt_inner.o)
    0x08007f7c   0x00000008   Code   RO         1507    .text               c_w.l(libspace.o)
    0x08007f84   0x00000032   Code   RO         1541    .text               c_w.l(defsig_general.o)
    0x08007fb6   0x0000000a   Code   RO         1616    x$fpl$fpinit        fz_wm.l(fpinit.o)
    0x08007fc0   0x00000200   Data   RO         1081    .constdata          mbcrc.o
    0x080081c0   0x00000063   Data   RO         1107    .conststring        mbrtu.o
    0x08008223   0x00000001   PAD
    0x08008224   0x00000044   Data   RO         1137    .conststring        mbascii.o
    0x08008268   0x00000020   Data   RO         1662    Region$$Table       anon$$obj.o


    Execution Region RW_IRAM1 (Base: 0x20000000, Size: 0x00013860, Max: 0x00020000, ABSOLUTE, COMPRESSED[0x00000080])

    Base Addr    Size         Type   Attr      Idx    E Section Name        Object

    0x20000000   0x00000014   Data   RW          140    .data               system_stm32f4xx.o
    0x20000014   0x0000000c   Data   RW          169    .data               main.o
    0x20000020   0x00000010   Data   RW          446    .data               stm32f4xx_rcc.o
    0x20000030   0x00000004   Data   RW          632    .data               delay.o
    0x20000034   0x0000003c   Data   RW          830    .data               tasks.o
    0x20000070   0x00000014   Data   RW          853    .data               timers.o
    0x20000084   0x0000000c   Data   RW          888    .data               port.o
    0x20000090   0x00000018   Data   RW          919    .data               heap_4.o
    0x200000a8   0x00000002   Data   RW          938    .data               portevent.o
    0x200000aa   0x00000002   PAD
    0x200000ac   0x000000b5   Data   RW         1034    .data               mb.o
    0x20000161   0x00000003   PAD
    0x20000164   0x0000000c   Data   RW         1108    .data               mbrtu.o
    0x20000170   0x00000014   Data   RW         1138    .data               mbascii.o
    0x20000184   0x00000002   Data   RW         1263    .data               mbfuncother.o
    0x20000186   0x00000028   Data   RW         1313    .data               freemodbus.o
    0x200001ae   0x00000002   PAD
    0x200001b0   0x00000040   Zero   RW          806    .bss                queue.o
    0x200001f0   0x000000c8   Zero   RW          829    .bss                tasks.o
    0x200002b8   0x00000028   Zero   RW          852    .bss                timers.o
    0x200002e0   0x00012c00   Zero   RW          918    .bss                heap_4.o
    0x20012ee0   0x00000100   Zero   RW         1106    .bss                mbrtu.o
    0x20012fe0   0x00000020   Zero   RW         1262    .bss                mbfuncother.o
    0x20013000   0x00000200   Zero   RW         1312    .bss                freemodbus.o
    0x20013200   0x00000060   Zero   RW         1508    .bss                c_w.l(libspace.o)
    0x20013260   0x00000200   Zero   RW          362    HEAP                startup_stm32f40_41xxx.o
    0x20013460   0x00000400   Zero   RW          361    STACK               startup_stm32f40_41xxx.o


==============================================================================

Image component sizes


      Code (inc. data)   RO Data    RW Data    ZI Data      Debug   Object Name

      1150         10          0          0          0       6304   can.o
       236         10          0          4          0       8805   delay.o
         0          0          0          0          0       9296   event_groups.o
       452         24          0         40        512       2924   freemodbus.o
       668         24          0         24      76800       3672   heap_4.o
       120          8          0          0          0        551   led.o
       148          0          0          0          0       1894   list.o
       268         54          0         12          0      12798   main.o
       860        126          0        181          0       4742   mb.o
      1228        184         68         20          0       4777   mbascii.o
        56          8        512          0          0       1176   mbcrc.o
       416          0          0          0          0       2970   mbfunccoils.o
       164          0          0          0          0       1584   mbfuncdisc.o
       512          0          0          0          0       3809   mbfuncholding.o
       132          0          0          0          0       1535   mbfuncinput.o
       148          8          0          2         32       1733   mbfuncother.o
       908        166         99         12        256       3697   mbrtu.o
       240         60          0          0          0       2042   mbutils.o
       224         20          0          0          0     239105   misc.o
      1022         52          0         12          0       8819   port.o
        60          8          0          2          0       4741   portevent.o
       364         18          0          0          0       2284   portserial.o
       232          8          0          0          0       1257   porttimer.o
      3864         20          0          0         64      20540   queue.o
        64         26        392          0       1536        820   startup_stm32f40_41xxx.o
      2544         38          0          0          0       7940   stm32f4xx_can.o
       660         44          0          0          0       4065   stm32f4xx_gpio.o
        20          0          0          0          0      53039   stm32f4xx_it.o
      1628         52          0         16          0      12832   stm32f4xx_rcc.o
      3234         60          0          0          0      22268   stm32f4xx_tim.o
      1108         34          0          0          0       7764   stm32f4xx_usart.o
        16          0          0          0          0        476   sys.o
       528         46          0         20          0       1731   system_stm32f4xx.o
      6468        340          0         60        200      29127   tasks.o
      1516         68          0         20         40      21422   timers.o

    ----------------------------------------------------------------------
     31264       1516       1104        432      79440     512539   Object Totals
         0          0         32          0          0          0   (incl. Generated)
         6          0          1          7          0          0   (incl. Padding)

    ----------------------------------------------------------------------

      Code (inc. data)   RO Data    RW Data    ZI Data      Debug   Library Member Name

        90          0          0          0          0          0   __dczerorl2.o
         8          0          0          0          0         68   __main.o
        52          8          0          0          0          0   __scatter.o
        28          0          0          0          0          0   __scatter_zi.o
        16          0          0          0          0         72   abort.o
        16          0          0          0          0         68   aeabi_memset.o
       124         40          0          0          0         76   assert.o
        20          0          0          0          0         76   assert_puts.o
        48         34          0          0          0         76   defsig_abrt_inner.o
        14          0          0          0          0         80   defsig_abrt_outer.o
        10          0          0          0          0         68   defsig_exit.o
        50          0          0          0          0         88   defsig_general.o
        12          0          0          0          0         72   exit.o
         6          0          0          0          0        152   heapauxi.o
         0          0          0          0          0          0   indicate_semi.o
         2          0          0          0          0          0   libinit.o
         6          0          0          0          0          0   libinit2.o
         2          0          0          0          0          0   libshutdown.o
         2          0          0          0          0          0   libshutdown2.o
         8          4          0          0         96         68   libspace.o
        68          0          0          0          0         68   rt_memclr.o
        78          0          0          0          0         80   rt_memclr_w.o
       138          0          0          0          0         68   rt_memcpy_v6.o
       100          0          0          0          0         80   rt_memcpy_w.o
         0          0          0          0          0          0   rtentry.o
        12          0          0          0          0          0   rtentry2.o
         6          0          0          0          0          0   rtentry4.o
         2          0          0          0          0          0   rtexit.o
        10          0          0          0          0          0   rtexit2.o
        12          4          0          0          0         68   sys_exit.o
        74          0          0          0          0         80   sys_stackheap_outer.o
        14          0          0          0          0         76   sys_wrch.o
         2          0          0          0          0         68   use_no_semi.o
        10          0          0          0          0        116   fpinit.o

    ----------------------------------------------------------------------
      1048         90          0          0         96       1668   Library Totals
         8          0          0          0          0          0   (incl. Padding)

    ----------------------------------------------------------------------

      Code (inc. data)   RO Data    RW Data    ZI Data      Debug   Library Name

      1030         90          0          0         96       1552   c_w.l
        10          0          0          0          0        116   fz_wm.l

    ----------------------------------------------------------------------
      1048         90          0          0         96       1668   Library Totals

    ----------------------------------------------------------------------

==============================================================================


      Code (inc. data)   RO Data    RW Data    ZI Data      Debug   

     32312       1606       1104        432      79536     506875   Grand Totals
     32312       1606       1104        128      79536     506875   ELF Image Totals (compressed)
     32312       1606       1104        128          0          0   ROM Totals

==============================================================================

    Total RO  Size (Code + RO Data)                33416 (  32.63kB)
    Total RW  Size (RW Data + ZI Data)             79968 (  78.09kB)
    Total ROM Size (Code + RO Data + RW Data)      33544 (  32.76kB)

==============================================================================

